Archive member included because of file (symbol)

startup/libea_startup_thumb.a(consol.o)
                              main.o (consolSendCh)
startup/libea_startup_thumb.a(framework.o)
                              main.o (eaInit)
startup/libea_startup_thumb.a(startup.o)
                              (_startup)
pre_emptive_os/pre_emptive_os.a(kernel.o)
                              main.o (osInit)
pre_emptive_os/pre_emptive_os.a(prioqueue.o)
                              pre_emptive_os/pre_emptive_os.a(kernel.o) (initPrioQueue)
pre_emptive_os/pre_emptive_os.a(timer.o)
                              pre_emptive_os/pre_emptive_os.a(kernel.o) (timerTick)
pre_emptive_os/pre_emptive_os.a(stack_usage.o)
                              pre_emptive_os/pre_emptive_os.a(kernel.o) (createStackPattern)
pre_emptive_os/pre_emptive_os.a(a7hal.o)
                              pre_emptive_os/pre_emptive_os.a(kernel.o) (stkFrameInit_oshal)
pre_emptive_os/pre_emptive_os.a(a7hal_a.o)
                              pre_emptive_os/pre_emptive_os.a(kernel.o) (startHighProc_oshal)
pre_emptive_os/pre_emptive_os.a(count_sem.o)
                              pre_emptive_os/pre_emptive_os.a(timer.o) (osSemInit)
pre_emptive_os/pre_emptive_os.a(event.o)
                              pre_emptive_os/pre_emptive_os.a(count_sem.o) (eventInit)
/cygdrive/c/Embedded/GNUARM/bin/../lib/gcc/arm-elf/4.1.1/interwork/libgcc.a(_udivsi3.o)
                              startup/libea_startup_thumb.a(consol.o) (__udivsi3)
/cygdrive/c/Embedded/GNUARM/bin/../lib/gcc/arm-elf/4.1.1/interwork/libgcc.a(_divsi3.o)
                              main.o (__divsi3)
/cygdrive/c/Embedded/GNUARM/bin/../lib/gcc/arm-elf/4.1.1/interwork/libgcc.a(_umodsi3.o)
                              main.o (__umodsi3)
/cygdrive/c/Embedded/GNUARM/bin/../lib/gcc/arm-elf/4.1.1/interwork/libgcc.a(_dvmd_tls.o)
                              /cygdrive/c/Embedded/GNUARM/bin/../lib/gcc/arm-elf/4.1.1/interwork/libgcc.a(_udivsi3.o) (__div0)
/cygdrive/c/Embedded/GNUARM/bin/../lib/gcc/arm-elf/4.1.1/interwork/libgcc.a(_call_via_rX.o)
                              pre_emptive_os/pre_emptive_os.a(timer.o) (_call_via_r4)
/cygdrive/c/Embedded/GNUARM/bin/../lib/gcc/arm-elf/4.1.1/../../../../arm-elf/lib/interwork/libc.a(atoi.o)
                              startup/libea_startup_thumb.a(consol.o) (atoi)
/cygdrive/c/Embedded/GNUARM/bin/../lib/gcc/arm-elf/4.1.1/../../../../arm-elf/lib/interwork/libc.a(memcpy.o)
                              eepromTest.o (memcpy)
/cygdrive/c/Embedded/GNUARM/bin/../lib/gcc/arm-elf/4.1.1/../../../../arm-elf/lib/interwork/libc.a(sprintf.o)
                              main.o (sprintf)
/cygdrive/c/Embedded/GNUARM/bin/../lib/gcc/arm-elf/4.1.1/../../../../arm-elf/lib/interwork/libc.a(strlen.o)
                              eepromTest.o (strlen)
/cygdrive/c/Embedded/GNUARM/bin/../lib/gcc/arm-elf/4.1.1/../../../../arm-elf/lib/interwork/libc.a(strtol.o)
                              /cygdrive/c/Embedded/GNUARM/bin/../lib/gcc/arm-elf/4.1.1/../../../../arm-elf/lib/interwork/libc.a(atoi.o) (_strtol_r)
/cygdrive/c/Embedded/GNUARM/bin/../lib/gcc/arm-elf/4.1.1/../../../../arm-elf/lib/interwork/libc.a(vfprintf.o)
                              /cygdrive/c/Embedded/GNUARM/bin/../lib/gcc/arm-elf/4.1.1/../../../../arm-elf/lib/interwork/libc.a(sprintf.o) (_vfprintf_r)
/cygdrive/c/Embedded/GNUARM/bin/../lib/gcc/arm-elf/4.1.1/../../../../arm-elf/lib/interwork/libc.a(wcrtomb.o)
                              /cygdrive/c/Embedded/GNUARM/bin/../lib/gcc/arm-elf/4.1.1/../../../../arm-elf/lib/interwork/libc.a(vfprintf.o) (_wcrtomb_r)
/cygdrive/c/Embedded/GNUARM/bin/../lib/gcc/arm-elf/4.1.1/../../../../arm-elf/lib/interwork/libc.a(wcsrtombs.o)
                              /cygdrive/c/Embedded/GNUARM/bin/../lib/gcc/arm-elf/4.1.1/../../../../arm-elf/lib/interwork/libc.a(vfprintf.o) (_wcsrtombs_r)
/cygdrive/c/Embedded/GNUARM/bin/../lib/gcc/arm-elf/4.1.1/../../../../arm-elf/lib/interwork/libc.a(wctomb_r.o)
                              /cygdrive/c/Embedded/GNUARM/bin/../lib/gcc/arm-elf/4.1.1/../../../../arm-elf/lib/interwork/libc.a(wcrtomb.o) (_wctomb_r)
/cygdrive/c/Embedded/GNUARM/bin/../lib/gcc/arm-elf/4.1.1/../../../../arm-elf/lib/interwork/libc.a(wsetup.o)
                              /cygdrive/c/Embedded/GNUARM/bin/../lib/gcc/arm-elf/4.1.1/../../../../arm-elf/lib/interwork/libc.a(vfprintf.o) (__swsetup)
/cygdrive/c/Embedded/GNUARM/bin/../lib/gcc/arm-elf/4.1.1/../../../../arm-elf/lib/interwork/libc.a(ctype_.o)
                              /cygdrive/c/Embedded/GNUARM/bin/../lib/gcc/arm-elf/4.1.1/../../../../arm-elf/lib/interwork/libc.a(strtol.o) (__ctype_ptr)
/cygdrive/c/Embedded/GNUARM/bin/../lib/gcc/arm-elf/4.1.1/../../../../arm-elf/lib/interwork/libc.a(dtoa.o)
                              /cygdrive/c/Embedded/GNUARM/bin/../lib/gcc/arm-elf/4.1.1/../../../../arm-elf/lib/interwork/libc.a(vfprintf.o) (_dtoa_r)
[...]
Memory Configuration

Name             Origin             Length             Attributes
FLASH            0x00000000         0x00080000         xr
RAM              0x40000000         0x00008000         rw
*default*        0x00000000         0xffffffff

Linker script and memory map

LOAD main.o
LOAD eepromTest.o
LOAD eeprom.o
LOAD i2c.o
LOAD adc.o
LOAD pca9532.o
LOAD lcd.o
LOAD lcd_hw.o
LOAD startup/libea_startup_thumb.a
LOAD pre_emptive_os/pre_emptive_os.a
START GROUP
LOAD /cygdrive/c/Embedded/GNUARM/bin/../lib/gcc/arm-elf/4.1.1/interwork/libgcc.a
LOAD /cygdrive/c/Embedded/GNUARM/bin/../lib/gcc/arm-elf/4.1.1/../../../../arm-elf/lib/interwork/libc.a
END GROUP

.text           0x00000000     0xbaac
 *startup.o(.text)
 .text          0x00000000      0x1d8 startup/libea_startup_thumb.a(startup.o)
                0x00000000                _startup
 *(.text)
 .text          0x000001d8      0x8cc main.o
                0x00000310                readTouch
                0x0000022c                appTick
                0x0000023c                showTime
                0x000001d8                udelay
                0x000003d4                main
 .text          0x00000aa4      0x25c eepromTest.o
                0x00000aa4                testEEPROM
 .text          0x00000d00      0x2b4 eeprom.o
                0x00000d98                pca9532
                0x00000e84                eepromWrite
                0x00000f68                eepromPoll
                0x00000ef0                eepromPageRead
                0x00000d00                eepromStartRead
 .text          0x00000fb4      0x39c i2c.o
                0x00000fcc                i2cInit
                0x00001210                i2cRead
                0x0000113c                i2cWriteWithWait
                0x00001018                i2cStart
                0x00001064                i2cStop
                0x00000fb4                i2cCheckStatus
                0x000010b8                i2cGetChar
                0x000011c4                i2cRepeatStart
                0x000012b0                i2cWrite
                0x00001110                i2cWaitTransmit
                0x0000116c                i2cMyWrite
                0x0000108c                i2cPutChar
 .text          0x00001350       0x94 adc.o
                0x00001350                getAnalogueInput
                0x00001388                initAdc
 .text          0x000013e4       0xec pca9532.o
                0x0000140c                setPca9532Pin
                0x000013e4                getPca9532Pin
                0x00001498                pca9532Init
 .text          0x000014d0      0x570 lcd.o
                0x000014d0                lcdColor
                0x0000169c                lcdWindow
                0x000018dc                lcdClrscr
                0x000017a4                lcdRectBrd
                0x00001620                lcdPutchar
                0x000018b8                lcdContrast
                0x00001930                lcdOff
                0x0000194c                lcdInit
                0x000016f4                lcdIcon
                0x00001558                lcdData
                0x000014e4                lcdWrdata
                0x00001854                lcdRect
                0x000014f4                lcdWrcmd
                0x00001684                lcdPuts
                0x000016cc                lcdGotoxy
 .text          0x00001a40       0xd8 lcd_hw.o
                0x00001a40                sendToLCD
                0x00001adc                initSpiForLcd
                0x00001abc                selectLCD
 .text          0x00001b18      0x67c startup/libea_startup_thumb.a(consol.o)
                0x00001fd0                consolGetIntNum
                0x00001c0c                consolSendCh
                0x00001dd8                consolGetString
                0x00001c7c                consolSendNumber
                0x00001d94                consolGetCh
                0x00001bec                consolSendChar
                0x00001e50                simplePrintf
                0x00001c50                consolSendString
                0x000020b0                consolScanf
                0x00001db4                consolGetChar
                0x00001b9c                consolInit
 .text          0x00002194      0x2c0 startup/libea_startup_thumb.a(framework.o)
                0x000022c0                eaInit
                0x0000220c                lowLevelInit
                0x00002194                exceptionHandlerInit
 .text          0x00002454      0x4f8 pre_emptive_os/pre_emptive_os.a(kernel.o)
                0x000027d0                osTick
                0x00002894                rmvFromRdyList
                0x000025f0                osGetHighPrioProc
                0x000028b0                osSuspend
                0x00002504                osInit
                0x000028e4                osDeleteProcess
                0x00002530                osISREnter
                0x0000260c                schedule
                0x00002554                osCreateProcess
                0x00002750                addToRdyList
                0x000024a0                addToTimeList
                0x00002764                osResume
                0x00002454                osPid
                0x00002914                osSleep
                0x00002678                osISRExit
                0x000026e0                osStart
                0x0000270c                rmvFromTimeList
                0x0000282c                osStartProcess
 .text          0x0000294c      0x124 pre_emptive_os/pre_emptive_os.a(prioqueue.o)
                0x0000294c                initPrioQueue
                0x000029b4                rmvFromPrioQueue
                0x0000296c                addToPrioQueue
                0x00002a50                isEmptyPrioQueue
                0x00002a18                getHighPrioQueue
 .text          0x00002a70      0x218 pre_emptive_os/pre_emptive_os.a(timer.o)
                0x00002a70                timerTick
                0x00002be4                osInitTimers
                0x00002b80                osDeleteTimer
                0x00002b54                osCreateTimer
 .text          0x00002c88       0xa4 pre_emptive_os/pre_emptive_os.a(stack_usage.o)
                0x00002c88                osStackUsage
                0x00002ccc                createStackPattern
                0x00002cec                checkStackLimit
 .text          0x00002d2c      0x1ec pre_emptive_os/pre_emptive_os.a(a7hal.o)
                0x00002d64                stkFrameInit_oshal
                0x00002d2c                timerIsr_oshal
                0x00002e44                halRestoreInterrupts_oshal
                0x00002e4c                initTimer_oshal
                0x00002e34                halEnableInterrupts_oshal
                0x00002ee4                handleIRQs_oshal
                0x00002e14                halDisableInterrupts_oshal
 .text          0x00002f18       0xc4 pre_emptive_os/pre_emptive_os.a(a7hal_a.o)
                0x00002f24                startHighProc_oshal
                0x00002f4c                ctxSwitchIsr_oshal
                0x00002f2c                ctxSwitch_oshal
                0x00002f6c                generalIRQ_oshal
 .text          0x00002fdc      0x144 pre_emptive_os/pre_emptive_os.a(count_sem.o)
                0x0000307c                osSemGive
                0x000030e0                osSemTryTake
                0x00002fdc                osSemInit
                0x00002ff0                osSemTake
 .text          0x00003120       0xd8 pre_emptive_os/pre_emptive_os.a(event.o)
                0x00003130                eventWait
                0x00003120                eventInit
                0x00003198                eventIsEmpty
                0x00003168                eventWaitReturn
                0x000031a8                eventSignal
 .text          0x000031f8      0x114 /cygdrive/c/Embedded/GNUARM/bin/../lib/gcc/arm-elf/4.1.1/interwork/libgcc.a(_udivsi3.o)
                0x000031f8                __udivsi3
                0x000031f8                __aeabi_uidiv
                0x000032f4                __aeabi_uidivmod
 .text          0x0000330c      0x144 /cygdrive/c/Embedded/GNUARM/bin/../lib/gcc/arm-elf/4.1.1/interwork/libgcc.a(_divsi3.o)
                0x0000330c                __aeabi_idiv
                0x0000330c                __divsi3
                0x00003438                __aeabi_idivmod
 .text          0x00003450       0xd0 /cygdrive/c/Embedded/GNUARM/bin/../lib/gcc/arm-elf/4.1.1/interwork/libgcc.a(_umodsi3.o)
                0x00003450                __umodsi3
 .text          0x00003520        0x4 /cygdrive/c/Embedded/GNUARM/bin/../lib/gcc/arm-elf/4.1.1/interwork/libgcc.a(_dvmd_tls.o)
                0x00003520                __aeabi_ldiv0
                0x00003520                __div0
                0x00003520                __aeabi_idiv0
 .text          0x00003524       0x3c /cygdrive/c/Embedded/GNUARM/bin/../lib/gcc/arm-elf/4.1.1/interwork/libgcc.a(_call_via_rX.o)
                0x0000352c                _call_via_r2
                0x0000353c                _call_via_r6
                0x00003538                _call_via_r5
                0x00003530                _call_via_r3
                0x00003550                _call_via_fp
                0x00003544                _call_via_r8
                0x00003540                _call_via_r7
                0x00003524                _call_via_r0
                0x0000354c                _call_via_sl
                0x00003558                _call_via_sp
                0x00003548                _call_via_r9
                0x00003534                _call_via_r4
                0x00003528                _call_via_r1
                0x00003554                _call_via_ip
                0x0000355c                _call_via_lr
 .text          0x00003560       0x30 /cygdrive/c/Embedded/GNUARM/bin/../lib/gcc/arm-elf/4.1.1/../../../../arm-elf/lib/interwork/libc.a(atoi.o)
                0x00003560                _atoi_r
                0x00003578                atoi
 .text          0x00003590       0x9c /cygdrive/c/Embedded/GNUARM/bin/../lib/gcc/arm-elf/4.1.1/../../../../arm-elf/lib/interwork/libc.a(memcpy.o)
                0x00003590                memcpy
 .text          0x0000362c       0xdc /cygdrive/c/Embedded/GNUARM/bin/../lib/gcc/arm-elf/4.1.1/../../../../arm-elf/lib/interwork/libc.a(sprintf.o)
                0x000036a0                _sprintf_r
                0x0000362c                sprintf
 .text          0x00003708       0x90 /cygdrive/c/Embedded/GNUARM/bin/../lib/gcc/arm-elf/4.1.1/../../../../arm-elf/lib/interwork/libc.a(strlen.o)
                0x00003708                strlen
 .text          0x00003798      0x1f0 /cygdrive/c/Embedded/GNUARM/bin/../lib/gcc/arm-elf/4.1.1/../../../../arm-elf/lib/interwork/libc.a(strtol.o)
                0x0000395c                strtol
                0x00003798                _strtol_r
 .text          0x00003988     0x1f8c /cygdrive/c/Embedded/GNUARM/bin/../lib/gcc/arm-elf/4.1.1/../../../../arm-elf/lib/interwork/libc.a(vfprintf.o)
                0x000039c8                _vfprintf_r
                0x000058e8                vfprintf
 .text          0x00005914       0x84 /cygdrive/c/Embedded/GNUARM/bin/../lib/gcc/arm-elf/4.1.1/../../../../arm-elf/lib/interwork/libc.a(wcrtomb.o)
                0x00005914                _wcrtomb_r
                0x0000596c                wcrtomb
 .text          0x00005998      0x180 /cygdrive/c/Embedded/GNUARM/bin/../lib/gcc/arm-elf/4.1.1/../../../../arm-elf/lib/interwork/libc.a(wcsrtombs.o)
                0x00005998                _wcsrtombs_r
                0x00005ad4                wcsrtombs
 .text          0x00005b18      0x41c /cygdrive/c/Embedded/GNUARM/bin/../lib/gcc/arm-elf/4.1.1/../../../../arm-elf/lib/interwork/libc.a(wctomb_r.o)
                0x00005b18                _wctomb_r
 .text          0x00005f34      0x100 /cygdrive/c/Embedded/GNUARM/bin/../lib/gcc/arm-elf/4.1.1/../../../../arm-elf/lib/interwork/libc.a(wsetup.o)
                0x00005f34                __swsetup
 .text          0x00006034        0x0 /cygdrive/c/Embedded/GNUARM/bin/../lib/gcc/arm-elf/4.1.1/../../../../arm-elf/lib/interwork/libc.a(ctype_.o)
 .text          0x00006034     0x1660 /cygdrive/c/Embedded/GNUARM/bin/../lib/gcc/arm-elf/4.1.1/../../../../arm-elf/lib/interwork/libc.a(dtoa.o)
                0x0000623c                _dtoa_r
 .text          0x00007694       0xe8 /cygdrive/c/Embedded/GNUARM/bin/../lib/gcc/arm-elf/4.1.1/../../../../arm-elf/lib/interwork/libc.a(fflush.o)
                0x00007694                fflush
 .text          0x0000777c      0x2a0 /cygdrive/c/Embedded/GNUARM/bin/../lib/gcc/arm-elf/4.1.1/../../../../arm-elf/lib/interwork/libc.a(findfp.o)
                0x000077e8                __sinit
                0x000078e8                __sfmoreglue
                0x000078d8                _cleanup
                0x000078c0                _cleanup_r
                0x0000789c                __fp_lock_all
                0x000077d8                __sfp_lock_acquire
                0x0000793c                __sfp
                0x000077e4                __sinit_lock_release
                0x00007878                __fp_unlock_all
                0x000077dc                __sfp_lock_release
                0x000077e0                __sinit_lock_acquire
 .text          0x00007a1c      0x3a4 /cygdrive/c/Embedded/GNUARM/bin/../lib/gcc/arm-elf/4.1.1/../../../../arm-elf/lib/interwork/libc.a(freer.o)
                0x00007b1c                _free_r
                0x00007a1c                _malloc_trim_r
 .text          0x00007dc0      0x408 /cygdrive/c/Embedded/GNUARM/bin/../lib/gcc/arm-elf/4.1.1/../../../../arm-elf/lib/interwork/libc.a(fvwrite.o)
                0x00007dc0                __sfvwrite
 .text          0x000081c8      0x114 /cygdrive/c/Embedded/GNUARM/bin/../lib/gcc/arm-elf/4.1.1/../../../../arm-elf/lib/interwork/libc.a(fwalk.o)
                0x00008254                _fwalk
                0x000081c8                _fwalk_reent
 .text          0x000082dc        0x0 /cygdrive/c/Embedded/GNUARM/bin/../lib/gcc/arm-elf/4.1.1/../../../../arm-elf/lib/interwork/libc.a(impure.o)
 .text          0x000082dc       0xb0 /cygdrive/c/Embedded/GNUARM/bin/../lib/gcc/arm-elf/4.1.1/../../../../arm-elf/lib/interwork/libc.a(locale.o)
                0x00008308                _setlocale_r
                0x000082dc                __locale_charset
                0x000082ec                _localeconv_r
                0x00008370                setlocale
                0x000082f8                localeconv
 .text          0x0000838c      0x158 /cygdrive/c/Embedded/GNUARM/bin/../lib/gcc/arm-elf/4.1.1/../../../../arm-elf/lib/interwork/libc.a(makebuf.o)
                0x0000838c                __smakebuf
 .text          0x000084e4      0x774 /cygdrive/c/Embedded/GNUARM/bin/../lib/gcc/arm-elf/4.1.1/../../../../arm-elf/lib/interwork/libc.a(mallocr.o)
                0x000084e4                _malloc_r
 .text          0x00008c58      0x100 /cygdrive/c/Embedded/GNUARM/bin/../lib/gcc/arm-elf/4.1.1/../../../../arm-elf/lib/interwork/libc.a(memchr.o)
                0x00008c58                memchr
 .text          0x00008d58       0xe4 /cygdrive/c/Embedded/GNUARM/bin/../lib/gcc/arm-elf/4.1.1/../../../../arm-elf/lib/interwork/libc.a(memmove.o)
                0x00008d58                memmove
 .text          0x00008e3c       0x98 /cygdrive/c/Embedded/GNUARM/bin/../lib/gcc/arm-elf/4.1.1/../../../../arm-elf/lib/interwork/libc.a(memset.o)
                0x00008e3c                memset
 .text          0x00008ed4        0x8 /cygdrive/c/Embedded/GNUARM/bin/../lib/gcc/arm-elf/4.1.1/../../../../arm-elf/lib/interwork/libc.a(mlock.o)
                0x00008ed8                __malloc_unlock
                0x00008ed4                __malloc_lock
 .text          0x00008edc      0xc00 /cygdrive/c/Embedded/GNUARM/bin/../lib/gcc/arm-elf/4.1.1/../../../../arm-elf/lib/interwork/libc.a(mprec.o)
                0x000091d4                _mprec_log10
                0x00008ef8                _hi0bits
                0x0000923c                _Balloc
                0x000092d8                _d2b
                0x00009644                _multiply
                0x00009158                _ratio
                0x000099f0                _s2b
                0x00009808                _i2b
                0x00008f50                _lo0bits
                0x00008fe4                __mcmp
                0x000098f8                _pow5mult
                0x00009044                _ulp
                0x000090a4                _b2d
                0x0000982c                _multadd
                0x00009410                __mdiff
                0x00009544                _lshift
                0x00008edc                _Bfree
 .text          0x00009adc      0x63c /cygdrive/c/Embedded/GNUARM/bin/../lib/gcc/arm-elf/4.1.1/../../../../arm-elf/lib/interwork/libc.a(reallocr.o)
                0x00009adc                _realloc_r
 .text          0x0000a118       0x3c /cygdrive/c/Embedded/GNUARM/bin/../lib/gcc/arm-elf/4.1.1/../../../../arm-elf/lib/interwork/libc.a(s_isinf.o)
                0x0000a118                isinf
 .text          0x0000a154       0x30 /cygdrive/c/Embedded/GNUARM/bin/../lib/gcc/arm-elf/4.1.1/../../../../arm-elf/lib/interwork/libc.a(s_isnan.o)
                0x0000a154                isnan
 .text          0x0000a184       0x40 /cygdrive/c/Embedded/GNUARM/bin/../lib/gcc/arm-elf/4.1.1/../../../../arm-elf/lib/interwork/libc.a(sbrkr.o)
                0x0000a184                _sbrk_r
 .text          0x0000a1c4      0x118 /cygdrive/c/Embedded/GNUARM/bin/../lib/gcc/arm-elf/4.1.1/../../../../arm-elf/lib/interwork/libc.a(stdio.o)
                0x0000a1e4                __sseek
                0x0000a294                __sread
                0x0000a1c4                __sclose
                0x0000a230                __swrite
 .text          0x0000a2dc       0xd0 /cygdrive/c/Embedded/GNUARM/bin/../lib/gcc/arm-elf/4.1.1/../../../../arm-elf/lib/interwork/libc.a(strcmp.o)
                0x0000a2dc                strcmp
 .text          0x0000a3ac      0x748 /cygdrive/c/Embedded/GNUARM/bin/../lib/gcc/arm-elf/4.1.1/../../../../arm-elf/lib/interwork/libc.a(syscalls.o)
                0x0000a3dc                _getpid
                0x0000a95c                initialise_monitor_handles
                0x0000a3f8                isatty
                0x0000a4dc                _fstat
                0x0000a8e8                _open
                0x0000a444                _sbrk
                0x0000a3f4                _raise
                0x0000aa1c                _times
                0x0000a908                _stat
                0x0000a784                _lseek
                0x0000a3e4                _link
                0x0000a5f0                _swiwrite
                0x0000a400                _rename
                0x0000a6a0                _swilseek
                0x0000a590                _swiclose
                0x0000a83c                _swiopen
                0x0000a3ec                _unlink
                0x0000a630                _write
                0x0000aaa8                _kill
                0x0000aa5c                _gettimeofday
                0x0000a7d4                _read
                0x0000aad4                _exit
                0x0000a41c                _system
                0x0000a794                _swiread
                0x0000a5e0                _close
 .text          0x0000aaf4       0x44 /cygdrive/c/Embedded/GNUARM/bin/../lib/gcc/arm-elf/4.1.1/../../../../arm-elf/lib/interwork/libc.a(writer.o)
                0x0000aaf4                _write_r
 .text          0x0000ab38       0xa0 /cygdrive/c/Embedded/GNUARM/bin/../lib/gcc/arm-elf/4.1.1/../../../../arm-elf/lib/interwork/libc.a(callocr.o)
                0x0000ab38                _calloc_r
 .text          0x0000abd8       0x3c /cygdrive/c/Embedded/GNUARM/bin/../lib/gcc/arm-elf/4.1.1/../../../../arm-elf/lib/interwork/libc.a(closer.o)
                0x0000abd8                _close_r
 .text          0x0000ac14       0x10 /cygdrive/c/Embedded/GNUARM/bin/../lib/gcc/arm-elf/4.1.1/../../../../arm-elf/lib/interwork/libc.a(errno.o)
                0x0000ac14                __errno
 .text          0x0000ac24      0x12c /cygdrive/c/Embedded/GNUARM/bin/../lib/gcc/arm-elf/4.1.1/../../../../arm-elf/lib/interwork/libc.a(fclose.o)
                0x0000ac24                _fclose_r
                0x0000ad3c                fclose
 .text          0x0000ad50       0x40 /cygdrive/c/Embedded/GNUARM/bin/../lib/gcc/arm-elf/4.1.1/../../../../arm-elf/lib/interwork/libc.a(fstatr.o)
                0x0000ad50                _fstat_r
 .text          0x0000ad90       0x44 /cygdrive/c/Embedded/GNUARM/bin/../lib/gcc/arm-elf/4.1.1/../../../../arm-elf/lib/interwork/libc.a(lseekr.o)
                0x0000ad90                _lseek_r
 .text          0x0000add4       0x44 /cygdrive/c/Embedded/GNUARM/bin/../lib/gcc/arm-elf/4.1.1/../../../../arm-elf/lib/interwork/libc.a(readr.o)
                0x0000add4                _read_r
 .text          0x0000ae18      0x18c /cygdrive/c/Embedded/GNUARM/bin/../lib/gcc/arm-elf/4.1.1/../../../../arm-elf/lib/interwork/libc.a(reent.o)
                0x0000ae94                cleanup_glue
                0x0000aec0                _reclaim_reent
                0x0000ae18                _wrapup_reent
 .text          0x0000afa4      0x430 /cygdrive/c/Embedded/GNUARM/bin/../lib/gcc/arm-elf/4.1.1/interwork/libgcc.a(_addsubdf3.o)
                0x0000b368                __floatdidf
                0x0000b2e8                __floatsidf
                0x0000b2c0                __aeabi_ui2d
                0x0000afa4                __aeabi_drsub
                0x0000b314                __extendsfdf2
                0x0000afb0                __adddf3
                0x0000b2c0                __floatunsidf
                0x0000afb0                __aeabi_dadd
                0x0000b354                __aeabi_ul2d
                0x0000afac                __aeabi_dsub
                0x0000b354                __floatundidf
                0x0000b2e8                __aeabi_i2d
                0x0000b368                __aeabi_l2d
                0x0000b314                __aeabi_f2d
                0x0000afac                __subdf3
 .text          0x0000b3d4      0x49c /cygdrive/c/Embedded/GNUARM/bin/../lib/gcc/arm-elf/4.1.1/interwork/libgcc.a(_muldivdf3.o)
                0x0000b664                __aeabi_ddiv
                0x0000b3d4                __aeabi_dmul
                0x0000b664                __divdf3
                0x0000b3d4                __muldf3
 .text          0x0000b870      0x140 /cygdrive/c/Embedded/GNUARM/bin/../lib/gcc/arm-elf/4.1.1/interwork/libgcc.a(_cmpdf2.o)
                0x0000b968                __aeabi_dcmple
                0x0000b880                __cmpdf2
                0x0000b880                __eqdf2
                0x0000b870                __gtdf2
                0x0000b920                __aeabi_cdcmple
                0x0000b904                __aeabi_cdrcmple
                0x0000b878                __ltdf2
                0x0000b950                __aeabi_dcmplt
                0x0000b878                __ledf2
                0x0000b998                __aeabi_dcmpgt
                0x0000b980                __aeabi_dcmpge
                0x0000b880                __nedf2
                0x0000b938                __aeabi_dcmpeq
                0x0000b920                __aeabi_cdcmpeq
                0x0000b870                __gedf2
 .text          0x0000b9b0       0x5c /cygdrive/c/Embedded/GNUARM/bin/../lib/gcc/arm-elf/4.1.1/interwork/libgcc.a(_fixdfsi.o)
                0x0000b9b0                __fixdfsi
                0x0000b9b0                __aeabi_d2iz
 *(.glue_7)
 .glue_7        0x0000ba0c        0x0 main.o
 .glue_7        0x0000ba0c        0x0 eepromTest.o
 .glue_7        0x0000ba0c        0x0 eeprom.o
 .glue_7        0x0000ba0c        0x0 i2c.o
 .glue_7        0x0000ba0c        0x0 adc.o
 .glue_7        0x0000ba0c        0x0 pca9532.o
 .glue_7        0x0000ba0c        0x0 lcd.o
 .glue_7        0x0000ba0c        0x0 lcd_hw.o
 .glue_7        0x0000ba0c        0x0 startup/libea_startup_thumb.a(consol.o)
 .glue_7        0x0000ba0c        0x0 startup/libea_startup_thumb.a(framework.o)
 .glue_7        0x0000ba0c        0x0 startup/libea_startup_thumb.a(startup.o)
 .glue_7        0x0000ba0c        0x0 pre_emptive_os/pre_emptive_os.a(kernel.o)
 .glue_7        0x0000ba0c        0x0 pre_emptive_os/pre_emptive_os.a(prioqueue.o)
 .glue_7        0x0000ba0c        0x0 pre_emptive_os/pre_emptive_os.a(timer.o)
 .glue_7        0x0000ba0c        0x0 pre_emptive_os/pre_emptive_os.a(stack_usage.o)
 .glue_7        0x0000ba0c        0x0 pre_emptive_os/pre_emptive_os.a(a7hal.o)
 .glue_7        0x0000ba0c        0x0 pre_emptive_os/pre_emptive_os.a(a7hal_a.o)
 .glue_7        0x0000ba0c        0x0 pre_emptive_os/pre_emptive_os.a(count_sem.o)
 .glue_7        0x0000ba0c        0x0 pre_emptive_os/pre_emptive_os.a(event.o)
 .glue_7        0x0000ba0c        0x0 /cygdrive/c/Embedded/GNUARM/bin/../lib/gcc/arm-elf/4.1.1/interwork/libgcc.a(_udivsi3.o)
 .glue_7        0x0000ba0c        0x0 /cygdrive/c/Embedded/GNUARM/bin/../lib/gcc/arm-elf/4.1.1/interwork/libgcc.a(_divsi3.o)
 .glue_7        0x0000ba0c        0x0 /cygdrive/c/Embedded/GNUARM/bin/../lib/gcc/arm-elf/4.1.1/interwork/libgcc.a(_umodsi3.o)
 .glue_7        0x0000ba0c        0x0 /cygdrive/c/Embedded/GNUARM/bin/../lib/gcc/arm-elf/4.1.1/interwork/libgcc.a(_dvmd_tls.o)
 .glue_7        0x0000ba0c        0x0 /cygdrive/c/Embedded/GNUARM/bin/../lib/gcc/arm-elf/4.1.1/interwork/libgcc.a(_call_via_rX.o)
 .glue_7        0x0000ba0c        0x0 /cygdrive/c/Embedded/GNUARM/bin/../lib/gcc/arm-elf/4.1.1/../../../../arm-elf/lib/interwork/libc.a(atoi.o)
 .glue_7        0x0000ba0c        0x0 /cygdrive/c/Embedded/GNUARM/bin/../lib/gcc/arm-elf/4.1.1/../../../../arm-elf/lib/interwork/libc.a(memcpy.o)
 .glue_7        0x0000ba0c        0x0 /cygdrive/c/Embedded/GNUARM/bin/../lib/gcc/arm-elf/4.1.1/../../../../arm-elf/lib/interwork/libc.a(sprintf.o)
 .glue_7        0x0000ba0c        0x0 /cygdrive/c/Embedded/GNUARM/bin/../lib/gcc/arm-elf/4.1.1/../../../../arm-elf/lib/interwork/libc.a(strlen.o)
 .glue_7        0x0000ba0c        0x0 /cygdrive/c/Embedded/GNUARM/bin/../lib/gcc/arm-elf/4.1.1/../../../../arm-elf/lib/interwork/libc.a(strtol.o)
 .glue_7        0x0000ba0c        0x0 /cygdrive/c/Embedded/GNUARM/bin/../lib/gcc/arm-elf/4.1.1/../../../../arm-elf/lib/interwork/libc.a(vfprintf.o)
 .glue_7        0x0000ba0c        0x0 /cygdrive/c/Embedded/GNUARM/bin/../lib/gcc/arm-elf/4.1.1/../../../../arm-elf/lib/interwork/libc.a(wcrtomb.o)
 .glue_7        0x0000ba0c        0x0 /cygdrive/c/Embedded/GNUARM/bin/../lib/gcc/arm-elf/4.1.1/../../../../arm-elf/lib/interwork/libc.a(wcsrtombs.o)
 .glue_7        0x0000ba0c        0x0 /cygdrive/c/Embedded/GNUARM/bin/../lib/gcc/arm-elf/4.1.1/../../../../arm-elf/lib/interwork/libc.a(wctomb_r.o)
 .glue_7        0x0000ba0c        0x0 /cygdrive/c/Embedded/GNUARM/bin/../lib/gcc/arm-elf/4.1.1/../../../../arm-elf/lib/interwork/libc.a(wsetup.o)
 .glue_7        0x0000ba0c        0x0 /cygdrive/c/Embedded/GNUARM/bin/../lib/gcc/arm-elf/4.1.1/../../../../arm-elf/lib/interwork/libc.a(ctype_.o)
 .glue_7        0x0000ba0c        0x0 /cygdrive/c/Embedded/GNUARM/bin/../lib/gcc/arm-elf/4.1.1/../../../../arm-elf/lib/interwork/libc.a(dtoa.o)
 .glue_7        0x0000ba0c        0x0 /cygdrive/c/Embedded/GNUARM/bin/../lib/gcc/arm-elf/4.1.1/../../../../arm-elf/lib/interwork/libc.a(fflush.o)
 .glue_7        0x0000ba0c        0x0 /cygdrive/c/Embedded/GNUARM/bin/../lib/gcc/arm-elf/4.1.1/../../../../arm-elf/lib/interwork/libc.a(findfp.o)
 .glue_7        0x0000ba0c        0x0 /cygdrive/c/Embedded/GNUARM/bin/../lib/gcc/arm-elf/4.1.1/../../../../arm-elf/lib/interwork/libc.a(freer.o)
 .glue_7        0x0000ba0c        0x0 /cygdrive/c/Embedded/GNUARM/bin/../lib/gcc/arm-elf/4.1.1/../../../../arm-elf/lib/interwork/libc.a(fvwrite.o)
 .glue_7        0x0000ba0c        0x0 /cygdrive/c/Embedded/GNUARM/bin/../lib/gcc/arm-elf/4.1.1/../../../../arm-elf/lib/interwork/libc.a(fwalk.o)
 .glue_7        0x0000ba0c        0x0 /cygdrive/c/Embedded/GNUARM/bin/../lib/gcc/arm-elf/4.1.1/../../../../arm-elf/lib/interwork/libc.a(impure.o)
 .glue_7        0x0000ba0c        0x0 /cygdrive/c/Embedded/GNUARM/bin/../lib/gcc/arm-elf/4.1.1/../../../../arm-elf/lib/interwork/libc.a(locale.o)
 .glue_7        0x0000ba0c        0x0 /cygdrive/c/Embedded/GNUARM/bin/../lib/gcc/arm-elf/4.1.1/../../../../arm-elf/lib/interwork/libc.a(makebuf.o)
 .glue_7        0x0000ba0c        0x0 /cygdrive/c/Embedded/GNUARM/bin/../lib/gcc/arm-elf/4.1.1/../../../../arm-elf/lib/interwork/libc.a(mallocr.o)
 .glue_7        0x0000ba0c        0x0 /cygdrive/c/Embedded/GNUARM/bin/../lib/gcc/arm-elf/4.1.1/../../../../arm-elf/lib/interwork/libc.a(memchr.o)
 .glue_7        0x0000ba0c        0x0 /cygdrive/c/Embedded/GNUARM/bin/../lib/gcc/arm-elf/4.1.1/../../../../arm-elf/lib/interwork/libc.a(memmove.o)
 .glue_7        0x0000ba0c        0x0 /cygdrive/c/Embedded/GNUARM/bin/../lib/gcc/arm-elf/4.1.1/../../../../arm-elf/lib/interwork/libc.a(memset.o)
 .glue_7        0x0000ba0c        0x0 /cygdrive/c/Embedded/GNUARM/bin/../lib/gcc/arm-elf/4.1.1/../../../../arm-elf/lib/interwork/libc.a(mlock.o)
 .glue_7        0x0000ba0c        0x0 /cygdrive/c/Embedded/GNUARM/bin/../lib/gcc/arm-elf/4.1.1/../../../../arm-elf/lib/interwork/libc.a(mprec.o)
 .glue_7        0x0000ba0c        0x0 /cygdrive/c/Embedded/GNUARM/bin/../lib/gcc/arm-elf/4.1.1/../../../../arm-elf/lib/interwork/libc.a(reallocr.o)
 .glue_7        0x0000ba0c        0x0 /cygdrive/c/Embedded/GNUARM/bin/../lib/gcc/arm-elf/4.1.1/../../../../arm-elf/lib/interwork/libc.a(s_isinf.o)
 .glue_7        0x0000ba0c        0x0 /cygdrive/c/Embedded/GNUARM/bin/../lib/gcc/arm-elf/4.1.1/../../../../arm-elf/lib/interwork/libc.a(s_isnan.o)
 .glue_7        0x0000ba0c        0x0 /cygdrive/c/Embedded/GNUARM/bin/../lib/gcc/arm-elf/4.1.1/../../../../arm-elf/lib/interwork/libc.a(sbrkr.o)
 .glue_7        0x0000ba0c        0x0 /cygdrive/c/Embedded/GNUARM/bin/../lib/gcc/arm-elf/4.1.1/../../../../arm-elf/lib/interwork/libc.a(stdio.o)
 .glue_7        0x0000ba0c        0x0 /cygdrive/c/Embedded/GNUARM/bin/../lib/gcc/arm-elf/4.1.1/../../../../arm-elf/lib/interwork/libc.a(strcmp.o)
 .glue_7        0x0000ba0c        0x0 /cygdrive/c/Embedded/GNUARM/bin/../lib/gcc/arm-elf/4.1.1/../../../../arm-elf/lib/interwork/libc.a(syscalls.o)
 .glue_7        0x0000ba0c        0x0 /cygdrive/c/Embedded/GNUARM/bin/../lib/gcc/arm-elf/4.1.1/../../../../arm-elf/lib/interwork/libc.a(writer.o)
 .glue_7        0x0000ba0c        0x0 /cygdrive/c/Embedded/GNUARM/bin/../lib/gcc/arm-elf/4.1.1/../../../../arm-elf/lib/interwork/libc.a(callocr.o)
 .glue_7        0x0000ba0c        0x0 /cygdrive/c/Embedded/GNUARM/bin/../lib/gcc/arm-elf/4.1.1/../../../../arm-elf/lib/interwork/libc.a(closer.o)
 .glue_7        0x0000ba0c        0x0 /cygdrive/c/Embedded/GNUARM/bin/../lib/gcc/arm-elf/4.1.1/../../../../arm-elf/lib/interwork/libc.a(errno.o)
 .glue_7        0x0000ba0c        0x0 /cygdrive/c/Embedded/GNUARM/bin/../lib/gcc/arm-elf/4.1.1/../../../../arm-elf/lib/interwork/libc.a(fclose.o)
 .glue_7        0x0000ba0c        0x0 /cygdrive/c/Embedded/GNUARM/bin/../lib/gcc/arm-elf/4.1.1/../../../../arm-elf/lib/interwork/libc.a(fstatr.o)
 .glue_7        0x0000ba0c        0x0 /cygdrive/c/Embedded/GNUARM/bin/../lib/gcc/arm-elf/4.1.1/../../../../arm-elf/lib/interwork/libc.a(lseekr.o)
 .glue_7        0x0000ba0c        0x0 /cygdrive/c/Embedded/GNUARM/bin/../lib/gcc/arm-elf/4.1.1/../../../../arm-elf/lib/interwork/libc.a(readr.o)
 .glue_7        0x0000ba0c        0x0 /cygdrive/c/Embedded/GNUARM/bin/../lib/gcc/arm-elf/4.1.1/../../../../arm-elf/lib/interwork/libc.a(reent.o)
 .glue_7        0x0000ba0c        0x0 /cygdrive/c/Embedded/GNUARM/bin/../lib/gcc/arm-elf/4.1.1/interwork/libgcc.a(_addsubdf3.o)
 .glue_7        0x0000ba0c        0x0 /cygdrive/c/Embedded/GNUARM/bin/../lib/gcc/arm-elf/4.1.1/interwork/libgcc.a(_muldivdf3.o)
 .glue_7        0x0000ba0c        0x0 /cygdrive/c/Embedded/GNUARM/bin/../lib/gcc/arm-elf/4.1.1/interwork/libgcc.a(_cmpdf2.o)
 .glue_7        0x0000ba0c       0x18 /cygdrive/c/Embedded/GNUARM/bin/../lib/gcc/arm-elf/4.1.1/interwork/libgcc.a(_fixdfsi.o)
                0x0000ba18                __osISRExit_from_arm
                0x0000ba0c                __osTick_from_arm
 *(.glue_7t)
 .glue_7t       0x0000ba24        0x0 main.o
 .glue_7t       0x0000ba24        0x0 eepromTest.o
 .glue_7t       0x0000ba24        0x0 eeprom.o
 .glue_7t       0x0000ba24        0x0 i2c.o
 .glue_7t       0x0000ba24        0x0 adc.o
 .glue_7t       0x0000ba24        0x0 pca9532.o
 .glue_7t       0x0000ba24        0x0 lcd.o
 .glue_7t       0x0000ba24        0x0 lcd_hw.o
 .glue_7t       0x0000ba24        0x0 startup/libea_startup_thumb.a(consol.o)
 .glue_7t       0x0000ba24        0x0 startup/libea_startup_thumb.a(framework.o)
 .glue_7t       0x0000ba24        0x0 startup/libea_startup_thumb.a(startup.o)
 .glue_7t       0x0000ba24        0x0 pre_emptive_os/pre_emptive_os.a(kernel.o)
 .glue_7t       0x0000ba24        0x0 pre_emptive_os/pre_emptive_os.a(prioqueue.o)
 .glue_7t       0x0000ba24        0x0 pre_emptive_os/pre_emptive_os.a(timer.o)
 .glue_7t       0x0000ba24        0x0 pre_emptive_os/pre_emptive_os.a(stack_usage.o)
 .glue_7t       0x0000ba24        0x0 pre_emptive_os/pre_emptive_os.a(a7hal.o)
 .glue_7t       0x0000ba24        0x0 pre_emptive_os/pre_emptive_os.a(a7hal_a.o)
 .glue_7t       0x0000ba24        0x0 pre_emptive_os/pre_emptive_os.a(count_sem.o)
 .glue_7t       0x0000ba24        0x0 pre_emptive_os/pre_emptive_os.a(event.o)
 .glue_7t       0x0000ba24        0x0 /cygdrive/c/Embedded/GNUARM/bin/../lib/gcc/arm-elf/4.1.1/interwork/libgcc.a(_udivsi3.o)
 .glue_7t       0x0000ba24        0x0 /cygdrive/c/Embedded/GNUARM/bin/../lib/gcc/arm-elf/4.1.1/interwork/libgcc.a(_divsi3.o)
 .glue_7t       0x0000ba24        0x0 /cygdrive/c/Embedded/GNUARM/bin/../lib/gcc/arm-elf/4.1.1/interwork/libgcc.a(_umodsi3.o)
 .glue_7t       0x0000ba24        0x0 /cygdrive/c/Embedded/GNUARM/bin/../lib/gcc/arm-elf/4.1.1/interwork/libgcc.a(_dvmd_tls.o)
 .glue_7t       0x0000ba24        0x0 /cygdrive/c/Embedded/GNUARM/bin/../lib/gcc/arm-elf/4.1.1/interwork/libgcc.a(_call_via_rX.o)
 .glue_7t       0x0000ba24        0x0 /cygdrive/c/Embedded/GNUARM/bin/../lib/gcc/arm-elf/4.1.1/../../../../arm-elf/lib/interwork/libc.a(atoi.o)
 .glue_7t       0x0000ba24        0x0 /cygdrive/c/Embedded/GNUARM/bin/../lib/gcc/arm-elf/4.1.1/../../../../arm-elf/lib/interwork/libc.a(memcpy.o)
 .glue_7t       0x0000ba24        0x0 /cygdrive/c/Embedded/GNUARM/bin/../lib/gcc/arm-elf/4.1.1/../../../../arm-elf/lib/interwork/libc.a(sprintf.o)
 .glue_7t       0x0000ba24        0x0 /cygdrive/c/Embedded/GNUARM/bin/../lib/gcc/arm-elf/4.1.1/../../../../arm-elf/lib/interwork/libc.a(strlen.o)
 .glue_7t       0x0000ba24        0x0 /cygdrive/c/Embedded/GNUARM/bin/../lib/gcc/arm-elf/4.1.1/../../../../arm-elf/lib/interwork/libc.a(strtol.o)
 .glue_7t       0x0000ba24        0x0 /cygdrive/c/Embedded/GNUARM/bin/../lib/gcc/arm-elf/4.1.1/../../../../arm-elf/lib/interwork/libc.a(vfprintf.o)
 .glue_7t       0x0000ba24        0x0 /cygdrive/c/Embedded/GNUARM/bin/../lib/gcc/arm-elf/4.1.1/../../../../arm-elf/lib/interwork/libc.a(wcrtomb.o)
 .glue_7t       0x0000ba24        0x0 /cygdrive/c/Embedded/GNUARM/bin/../lib/gcc/arm-elf/4.1.1/../../../../arm-elf/lib/interwork/libc.a(wcsrtombs.o)
 .glue_7t       0x0000ba24        0x0 /cygdrive/c/Embedded/GNUARM/bin/../lib/gcc/arm-elf/4.1.1/../../../../arm-elf/lib/interwork/libc.a(wctomb_r.o)
 .glue_7t       0x0000ba24        0x0 /cygdrive/c/Embedded/GNUARM/bin/../lib/gcc/arm-elf/4.1.1/../../../../arm-elf/lib/interwork/libc.a(wsetup.o)
 .glue_7t       0x0000ba24        0x0 /cygdrive/c/Embedded/GNUARM/bin/../lib/gcc/arm-elf/4.1.1/../../../../arm-elf/lib/interwork/libc.a(ctype_.o)
 .glue_7t       0x0000ba24        0x0 /cygdrive/c/Embedded/GNUARM/bin/../lib/gcc/arm-elf/4.1.1/../../../../arm-elf/lib/interwork/libc.a(dtoa.o)
 .glue_7t       0x0000ba24        0x0 /cygdrive/c/Embedded/GNUARM/bin/../lib/gcc/arm-elf/4.1.1/../../../../arm-elf/lib/interwork/libc.a(fflush.o)
 .glue_7t       0x0000ba24        0x0 /cygdrive/c/Embedded/GNUARM/bin/../lib/gcc/arm-elf/4.1.1/../../../../arm-elf/lib/interwork/libc.a(findfp.o)
 .glue_7t       0x0000ba24        0x0 /cygdrive/c/Embedded/GNUARM/bin/../lib/gcc/arm-elf/4.1.1/../../../../arm-elf/lib/interwork/libc.a(freer.o)
 .glue_7t       0x0000ba24        0x0 /cygdrive/c/Embedded/GNUARM/bin/../lib/gcc/arm-elf/4.1.1/../../../../arm-elf/lib/interwork/libc.a(fvwrite.o)
 .glue_7t       0x0000ba24        0x0 /cygdrive/c/Embedded/GNUARM/bin/../lib/gcc/arm-elf/4.1.1/../../../../arm-elf/lib/interwork/libc.a(fwalk.o)
 .glue_7t       0x0000ba24        0x0 /cygdrive/c/Embedded/GNUARM/bin/../lib/gcc/arm-elf/4.1.1/../../../../arm-elf/lib/interwork/libc.a(impure.o)
 .glue_7t       0x0000ba24        0x0 /cygdrive/c/Embedded/GNUARM/bin/../lib/gcc/arm-elf/4.1.1/../../../../arm-elf/lib/interwork/libc.a(locale.o)
 .glue_7t       0x0000ba24        0x0 /cygdrive/c/Embedded/GNUARM/bin/../lib/gcc/arm-elf/4.1.1/../../../../arm-elf/lib/interwork/libc.a(makebuf.o)
 .glue_7t       0x0000ba24        0x0 /cygdrive/c/Embedded/GNUARM/bin/../lib/gcc/arm-elf/4.1.1/../../../../arm-elf/lib/interwork/libc.a(mallocr.o)
 .glue_7t       0x0000ba24        0x0 /cygdrive/c/Embedded/GNUARM/bin/../lib/gcc/arm-elf/4.1.1/../../../../arm-elf/lib/interwork/libc.a(memchr.o)
 .glue_7t       0x0000ba24        0x0 /cygdrive/c/Embedded/GNUARM/bin/../lib/gcc/arm-elf/4.1.1/../../../../arm-elf/lib/interwork/libc.a(memmove.o)
 .glue_7t       0x0000ba24        0x0 /cygdrive/c/Embedded/GNUARM/bin/../lib/gcc/arm-elf/4.1.1/../../../../arm-elf/lib/interwork/libc.a(memset.o)
 .glue_7t       0x0000ba24        0x0 /cygdrive/c/Embedded/GNUARM/bin/../lib/gcc/arm-elf/4.1.1/../../../../arm-elf/lib/interwork/libc.a(mlock.o)
 .glue_7t       0x0000ba24        0x0 /cygdrive/c/Embedded/GNUARM/bin/../lib/gcc/arm-elf/4.1.1/../../../../arm-elf/lib/interwork/libc.a(mprec.o)
 .glue_7t       0x0000ba24        0x0 /cygdrive/c/Embedded/GNUARM/bin/../lib/gcc/arm-elf/4.1.1/../../../../arm-elf/lib/interwork/libc.a(reallocr.o)
 .glue_7t       0x0000ba24        0x0 /cygdrive/c/Embedded/GNUARM/bin/../lib/gcc/arm-elf/4.1.1/../../../../arm-elf/lib/interwork/libc.a(s_isinf.o)
 .glue_7t       0x0000ba24        0x0 /cygdrive/c/Embedded/GNUARM/bin/../lib/gcc/arm-elf/4.1.1/../../../../arm-elf/lib/interwork/libc.a(s_isnan.o)
 .glue_7t       0x0000ba24        0x0 /cygdrive/c/Embedded/GNUARM/bin/../lib/gcc/arm-elf/4.1.1/../../../../arm-elf/lib/interwork/libc.a(sbrkr.o)
 .glue_7t       0x0000ba24        0x0 /cygdrive/c/Embedded/GNUARM/bin/../lib/gcc/arm-elf/4.1.1/../../../../arm-elf/lib/interwork/libc.a(stdio.o)
 .glue_7t       0x0000ba24        0x0 /cygdrive/c/Embedded/GNUARM/bin/../lib/gcc/arm-elf/4.1.1/../../../../arm-elf/lib/interwork/libc.a(strcmp.o)
 .glue_7t       0x0000ba24        0x0 /cygdrive/c/Embedded/GNUARM/bin/../lib/gcc/arm-elf/4.1.1/../../../../arm-elf/lib/interwork/libc.a(syscalls.o)
 .glue_7t       0x0000ba24        0x0 /cygdrive/c/Embedded/GNUARM/bin/../lib/gcc/arm-elf/4.1.1/../../../../arm-elf/lib/interwork/libc.a(writer.o)
 .glue_7t       0x0000ba24        0x0 /cygdrive/c/Embedded/GNUARM/bin/../lib/gcc/arm-elf/4.1.1/../../../../arm-elf/lib/interwork/libc.a(callocr.o)
 .glue_7t       0x0000ba24        0x0 /cygdrive/c/Embedded/GNUARM/bin/../lib/gcc/arm-elf/4.1.1/../../../../arm-elf/lib/interwork/libc.a(closer.o)
 .glue_7t       0x0000ba24        0x0 /cygdrive/c/Embedded/GNUARM/bin/../lib/gcc/arm-elf/4.1.1/../../../../arm-elf/lib/interwork/libc.a(errno.o)
 .glue_7t       0x0000ba24        0x0 /cygdrive/c/Embedded/GNUARM/bin/../lib/gcc/arm-elf/4.1.1/../../../../arm-elf/lib/interwork/libc.a(fclose.o)
 .glue_7t       0x0000ba24        0x0 /cygdrive/c/Embedded/GNUARM/bin/../lib/gcc/arm-elf/4.1.1/../../../../arm-elf/lib/interwork/libc.a(fstatr.o)
 .glue_7t       0x0000ba24        0x0 /cygdrive/c/Embedded/GNUARM/bin/../lib/gcc/arm-elf/4.1.1/../../../../arm-elf/lib/interwork/libc.a(lseekr.o)
 .glue_7t       0x0000ba24        0x0 /cygdrive/c/Embedded/GNUARM/bin/../lib/gcc/arm-elf/4.1.1/../../../../arm-elf/lib/interwork/libc.a(readr.o)
 .glue_7t       0x0000ba24        0x0 /cygdrive/c/Embedded/GNUARM/bin/../lib/gcc/arm-elf/4.1.1/../../../../arm-elf/lib/interwork/libc.a(reent.o)
 .glue_7t       0x0000ba24        0x0 /cygdrive/c/Embedded/GNUARM/bin/../lib/gcc/arm-elf/4.1.1/interwork/libgcc.a(_addsubdf3.o)
 .glue_7t       0x0000ba24        0x0 /cygdrive/c/Embedded/GNUARM/bin/../lib/gcc/arm-elf/4.1.1/interwork/libgcc.a(_muldivdf3.o)
 .glue_7t       0x0000ba24        0x0 /cygdrive/c/Embedded/GNUARM/bin/../lib/gcc/arm-elf/4.1.1/interwork/libgcc.a(_cmpdf2.o)
 .glue_7t       0x0000ba24       0x88 /cygdrive/c/Embedded/GNUARM/bin/../lib/gcc/arm-elf/4.1.1/interwork/libgcc.a(_fixdfsi.o)
                0x0000ba3c                __halRestoreInterrupts_oshal_from_thumb
                0x0000ba68                __consolSendCh_change_to_arm
                0x0000ba78                __strlen_change_to_arm
                0x0000ba6c                __memcpy_from_thumb
                0x0000ba84                __ctxSwitch_oshal_from_thumb
                0x0000ba80                __stkFrameInit_oshal_change_to_arm
                0x0000ba98                __initTimer_oshal_change_to_arm
                0x0000ba9c                __startHighProc_oshal_from_thumb
                0x0000ba58                ____umodsi3_change_to_arm
                0x0000ba2c                __sprintf_from_thumb
                0x0000baa8                ____udivsi3_change_to_arm
                0x0000baa0                __startHighProc_oshal_change_to_arm
                0x0000ba8c                __ctxSwitchIsr_oshal_from_thumb
                0x0000ba64                __consolSendCh_from_thumb
                0x0000ba40                __halRestoreInterrupts_oshal_change_to_arm
                0x0000ba50                __simplePrintf_change_to_arm
                0x0000ba54                ____umodsi3_from_thumb
                0x0000ba24                ____divsi3_from_thumb
                0x0000ba88                __ctxSwitch_oshal_change_to_arm
                0x0000ba7c                __stkFrameInit_oshal_from_thumb
                0x0000baa4                ____udivsi3_from_thumb
                0x0000ba44                __eaInit_from_thumb
                0x0000ba30                __sprintf_change_to_arm
                0x0000ba5c                __consolGetChar_from_thumb
                0x0000ba4c                __simplePrintf_from_thumb
                0x0000ba94                __initTimer_oshal_from_thumb
                0x0000ba48                __eaInit_change_to_arm
                0x0000ba60                __consolGetChar_change_to_arm
                0x0000ba74                __strlen_from_thumb
                0x0000ba90                __ctxSwitchIsr_oshal_change_to_arm
                0x0000ba38                __halDisableInterrupts_oshal_change_to_arm
                0x0000ba34                __halDisableInterrupts_oshal_from_thumb
                0x0000ba70                __memcpy_change_to_arm
                0x0000ba28                ____divsi3_change_to_arm
                0x0000baac                . = ALIGN (0x4)

.rodata         0x0000baac     0x1684
 *(.rodata)
 .rodata        0x0000baac      0x778 main.o
                0x0000bab6                _ea_97x60c
                0x0000c214                ButtonsCtrl
 .rodata        0x0000c224        0xb pca9532.o
 .rodata        0x0000c22f      0x55c lcd.o
                0x0000c22f                charMap
 *fill*         0x0000c78b        0x1 00
 .rodata        0x0000c78c       0x10 startup/libea_startup_thumb.a(consol.o)
 .rodata        0x0000c79c       0x20 /cygdrive/c/Embedded/GNUARM/bin/../lib/gcc/arm-elf/4.1.1/../../../../arm-elf/lib/interwork/libc.a(vfprintf.o)
 .rodata        0x0000c7bc      0x101 /cygdrive/c/Embedded/GNUARM/bin/../lib/gcc/arm-elf/4.1.1/../../../../arm-elf/lib/interwork/libc.a(ctype_.o)
                0x0000c7bc                _ctype_
 *fill*         0x0000c8bd        0x3 00
 .rodata        0x0000c8c0        0x4 /cygdrive/c/Embedded/GNUARM/bin/../lib/gcc/arm-elf/4.1.1/../../../../arm-elf/lib/interwork/libc.a(impure.o)
                0x0000c8c0                _global_impure_ptr
 .rodata        0x0000c8c4       0x34 /cygdrive/c/Embedded/GNUARM/bin/../lib/gcc/arm-elf/4.1.1/../../../../arm-elf/lib/interwork/libc.a(locale.o)
 .rodata        0x0000c8f8      0x124 /cygdrive/c/Embedded/GNUARM/bin/../lib/gcc/arm-elf/4.1.1/../../../../arm-elf/lib/interwork/libc.a(mprec.o)
                0x0000c9e8                __mprec_tinytens
                0x0000c8f8                __mprec_tens
                0x0000c9c0                __mprec_bigtens
 *(.rodata*)
 .rodata.str1.4
                0x0000ca1c      0x331 main.o
                                0x338 (size before relaxing)
 *fill*         0x0000cd4d        0x3 00
 .rodata.str1.4
                0x0000cd50      0x25e eepromTest.o
                                0x260 (size before relaxing)
 *fill*         0x0000cfae        0x2 00
 .rodata.str1.4
                0x0000cfb0       0x18 startup/libea_startup_thumb.a(consol.o)
 .rodata.str1.4
                0x0000cfc8       0xd8 startup/libea_startup_thumb.a(framework.o)
 .rodata.str1.4
                0x0000d0a0       0x4b /cygdrive/c/Embedded/GNUARM/bin/../lib/gcc/arm-elf/4.1.1/../../../../arm-elf/lib/interwork/libc.a(vfprintf.o)
                                 0x64 (size before relaxing)
 *fill*         0x0000d0eb        0x1 00
 .rodata.str1.4
                0x0000d0ec       0x1e /cygdrive/c/Embedded/GNUARM/bin/../lib/gcc/arm-elf/4.1.1/../../../../arm-elf/lib/interwork/libc.a(wctomb_r.o)
                                 0x20 (size before relaxing)
 *fill*         0x0000d10a        0x2 00
 .rodata.str1.4
                0x0000d10c       0x10 /cygdrive/c/Embedded/GNUARM/bin/../lib/gcc/arm-elf/4.1.1/../../../../arm-elf/lib/interwork/libc.a(dtoa.o)
                                 0x14 (size before relaxing)
 .rodata.str1.4
                0x0000d11c        0x2 /cygdrive/c/Embedded/GNUARM/bin/../lib/gcc/arm-elf/4.1.1/../../../../arm-elf/lib/interwork/libc.a(impure.o)
                                  0x4 (size before relaxing)
 *fill*         0x0000d11e        0x2 00
 .rodata.str1.4
                0x0000d120        0xb /cygdrive/c/Embedded/GNUARM/bin/../lib/gcc/arm-elf/4.1.1/../../../../arm-elf/lib/interwork/libc.a(locale.o)
                                 0x18 (size before relaxing)
 *fill*         0x0000d12b        0x1 00
 .rodata.str1.4
                0x0000d12c        0x4 /cygdrive/c/Embedded/GNUARM/bin/../lib/gcc/arm-elf/4.1.1/../../../../arm-elf/lib/interwork/libc.a(syscalls.o)
                0x0000d130                . = ALIGN (0x4)
                0x0000d130                _etext = .
                0x0000d130                PROVIDE (etext, .)

.data           0x40000080      0x82c load address 0x0000d130
                0x40000080                _data = .
 *(.data)
 .data          0x40000080        0x1 main.o
                0x40000080                rgbSpeed
 .data          0x40000081        0x0 eepromTest.o
 .data          0x40000081        0x0 eeprom.o
 .data          0x40000081        0x0 i2c.o
 .data          0x40000081        0x0 adc.o
 .data          0x40000081        0x0 pca9532.o
 .data          0x40000081        0x0 lcd.o
 .data          0x40000081        0x0 lcd_hw.o
 .data          0x40000081        0x0 startup/libea_startup_thumb.a(consol.o)
 .data          0x40000081        0x0 startup/libea_startup_thumb.a(framework.o)
 .data          0x40000081        0x0 startup/libea_startup_thumb.a(startup.o)
 .data          0x40000081        0x0 pre_emptive_os/pre_emptive_os.a(kernel.o)
 .data          0x40000081        0x0 pre_emptive_os/pre_emptive_os.a(prioqueue.o)
 .data          0x40000081        0x0 pre_emptive_os/pre_emptive_os.a(timer.o)
 .data          0x40000081        0x0 pre_emptive_os/pre_emptive_os.a(stack_usage.o)
 .data          0x40000081        0x0 pre_emptive_os/pre_emptive_os.a(a7hal.o)
 .data          0x40000081        0x0 pre_emptive_os/pre_emptive_os.a(a7hal_a.o)
 .data          0x40000081        0x0 pre_emptive_os/pre_emptive_os.a(count_sem.o)
 .data          0x40000081        0x0 pre_emptive_os/pre_emptive_os.a(event.o)
 .data          0x40000081        0x0 /cygdrive/c/Embedded/GNUARM/bin/../lib/gcc/arm-elf/4.1.1/interwork/libgcc.a(_udivsi3.o)
 .data          0x40000081        0x0 /cygdrive/c/Embedded/GNUARM/bin/../lib/gcc/arm-elf/4.1.1/interwork/libgcc.a(_divsi3.o)
 .data          0x40000081        0x0 /cygdrive/c/Embedded/GNUARM/bin/../lib/gcc/arm-elf/4.1.1/interwork/libgcc.a(_umodsi3.o)
 .data          0x40000081        0x0 /cygdrive/c/Embedded/GNUARM/bin/../lib/gcc/arm-elf/4.1.1/interwork/libgcc.a(_dvmd_tls.o)
 .data          0x40000081        0x0 /cygdrive/c/Embedded/GNUARM/bin/../lib/gcc/arm-elf/4.1.1/interwork/libgcc.a(_call_via_rX.o)
 .data          0x40000081        0x0 /cygdrive/c/Embedded/GNUARM/bin/../lib/gcc/arm-elf/4.1.1/../../../../arm-elf/lib/interwork/libc.a(atoi.o)
 .data          0x40000081        0x0 /cygdrive/c/Embedded/GNUARM/bin/../lib/gcc/arm-elf/4.1.1/../../../../arm-elf/lib/interwork/libc.a(memcpy.o)
 .data          0x40000081        0x0 /cygdrive/c/Embedded/GNUARM/bin/../lib/gcc/arm-elf/4.1.1/../../../../arm-elf/lib/interwork/libc.a(sprintf.o)
 .data          0x40000081        0x0 /cygdrive/c/Embedded/GNUARM/bin/../lib/gcc/arm-elf/4.1.1/../../../../arm-elf/lib/interwork/libc.a(strlen.o)
 .data          0x40000081        0x0 /cygdrive/c/Embedded/GNUARM/bin/../lib/gcc/arm-elf/4.1.1/../../../../arm-elf/lib/interwork/libc.a(strtol.o)
 .data          0x40000081        0x0 /cygdrive/c/Embedded/GNUARM/bin/../lib/gcc/arm-elf/4.1.1/../../../../arm-elf/lib/interwork/libc.a(vfprintf.o)
 .data          0x40000081        0x0 /cygdrive/c/Embedded/GNUARM/bin/../lib/gcc/arm-elf/4.1.1/../../../../arm-elf/lib/interwork/libc.a(wcrtomb.o)
 .data          0x40000081        0x0 /cygdrive/c/Embedded/GNUARM/bin/../lib/gcc/arm-elf/4.1.1/../../../../arm-elf/lib/interwork/libc.a(wcsrtombs.o)
 .data          0x40000081        0x0 /cygdrive/c/Embedded/GNUARM/bin/../lib/gcc/arm-elf/4.1.1/../../../../arm-elf/lib/interwork/libc.a(wctomb_r.o)
 .data          0x40000081        0x0 /cygdrive/c/Embedded/GNUARM/bin/../lib/gcc/arm-elf/4.1.1/../../../../arm-elf/lib/interwork/libc.a(wsetup.o)
 *fill*         0x40000081        0x3 00
 .data          0x40000084        0x4 /cygdrive/c/Embedded/GNUARM/bin/../lib/gcc/arm-elf/4.1.1/../../../../arm-elf/lib/interwork/libc.a(ctype_.o)
                0x40000084                __ctype_ptr
 .data          0x40000088        0x0 /cygdrive/c/Embedded/GNUARM/bin/../lib/gcc/arm-elf/4.1.1/../../../../arm-elf/lib/interwork/libc.a(dtoa.o)
 .data          0x40000088        0x0 /cygdrive/c/Embedded/GNUARM/bin/../lib/gcc/arm-elf/4.1.1/../../../../arm-elf/lib/interwork/libc.a(fflush.o)
 .data          0x40000088        0x0 /cygdrive/c/Embedded/GNUARM/bin/../lib/gcc/arm-elf/4.1.1/../../../../arm-elf/lib/interwork/libc.a(findfp.o)
 .data          0x40000088        0x0 /cygdrive/c/Embedded/GNUARM/bin/../lib/gcc/arm-elf/4.1.1/../../../../arm-elf/lib/interwork/libc.a(freer.o)
 .data          0x40000088        0x0 /cygdrive/c/Embedded/GNUARM/bin/../lib/gcc/arm-elf/4.1.1/../../../../arm-elf/lib/interwork/libc.a(fvwrite.o)
 .data          0x40000088        0x0 /cygdrive/c/Embedded/GNUARM/bin/../lib/gcc/arm-elf/4.1.1/../../../../arm-elf/lib/interwork/libc.a(fwalk.o)
 .data          0x40000088      0x404 /cygdrive/c/Embedded/GNUARM/bin/../lib/gcc/arm-elf/4.1.1/../../../../arm-elf/lib/interwork/libc.a(impure.o)
                0x40000088                _impure_ptr
 .data          0x4000048c       0x10 /cygdrive/c/Embedded/GNUARM/bin/../lib/gcc/arm-elf/4.1.1/../../../../arm-elf/lib/interwork/libc.a(locale.o)
                0x4000048c                __mb_cur_max
                0x40000490                __lc_ctype
 .data          0x4000049c        0x0 /cygdrive/c/Embedded/GNUARM/bin/../lib/gcc/arm-elf/4.1.1/../../../../arm-elf/lib/interwork/libc.a(makebuf.o)
 .data          0x4000049c      0x410 /cygdrive/c/Embedded/GNUARM/bin/../lib/gcc/arm-elf/4.1.1/../../../../arm-elf/lib/interwork/libc.a(mallocr.o)
                0x400008a8                __malloc_sbrk_base
                0x4000049c                __malloc_av_
                0x400008a4                __malloc_trim_threshold
 .data          0x400008ac        0x0 /cygdrive/c/Embedded/GNUARM/bin/../lib/gcc/arm-elf/4.1.1/../../../../arm-elf/lib/interwork/libc.a(memchr.o)
 .data          0x400008ac        0x0 /cygdrive/c/Embedded/GNUARM/bin/../lib/gcc/arm-elf/4.1.1/../../../../arm-elf/lib/interwork/libc.a(memmove.o)
 .data          0x400008ac        0x0 /cygdrive/c/Embedded/GNUARM/bin/../lib/gcc/arm-elf/4.1.1/../../../../arm-elf/lib/interwork/libc.a(memset.o)
 .data          0x400008ac        0x0 /cygdrive/c/Embedded/GNUARM/bin/../lib/gcc/arm-elf/4.1.1/../../../../arm-elf/lib/interwork/libc.a(mlock.o)
 .data          0x400008ac        0x0 /cygdrive/c/Embedded/GNUARM/bin/../lib/gcc/arm-elf/4.1.1/../../../../arm-elf/lib/interwork/libc.a(mprec.o)
 .data          0x400008ac        0x0 /cygdrive/c/Embedded/GNUARM/bin/../lib/gcc/arm-elf/4.1.1/../../../../arm-elf/lib/interwork/libc.a(reallocr.o)
 .data          0x400008ac        0x0 /cygdrive/c/Embedded/GNUARM/bin/../lib/gcc/arm-elf/4.1.1/../../../../arm-elf/lib/interwork/libc.a(s_isinf.o)
 .data          0x400008ac        0x0 /cygdrive/c/Embedded/GNUARM/bin/../lib/gcc/arm-elf/4.1.1/../../../../arm-elf/lib/interwork/libc.a(s_isnan.o)
 .data          0x400008ac        0x0 /cygdrive/c/Embedded/GNUARM/bin/../lib/gcc/arm-elf/4.1.1/../../../../arm-elf/lib/interwork/libc.a(sbrkr.o)
 .data          0x400008ac        0x0 /cygdrive/c/Embedded/GNUARM/bin/../lib/gcc/arm-elf/4.1.1/../../../../arm-elf/lib/interwork/libc.a(stdio.o)
 .data          0x400008ac        0x0 /cygdrive/c/Embedded/GNUARM/bin/../lib/gcc/arm-elf/4.1.1/../../../../arm-elf/lib/interwork/libc.a(strcmp.o)
 .data          0x400008ac        0x0 /cygdrive/c/Embedded/GNUARM/bin/../lib/gcc/arm-elf/4.1.1/../../../../arm-elf/lib/interwork/libc.a(syscalls.o)
 .data          0x400008ac        0x0 /cygdrive/c/Embedded/GNUARM/bin/../lib/gcc/arm-elf/4.1.1/../../../../arm-elf/lib/interwork/libc.a(writer.o)
 .data          0x400008ac        0x0 /cygdrive/c/Embedded/GNUARM/bin/../lib/gcc/arm-elf/4.1.1/../../../../arm-elf/lib/interwork/libc.a(callocr.o)
 .data          0x400008ac        0x0 /cygdrive/c/Embedded/GNUARM/bin/../lib/gcc/arm-elf/4.1.1/../../../../arm-elf/lib/interwork/libc.a(closer.o)
 .data          0x400008ac        0x0 /cygdrive/c/Embedded/GNUARM/bin/../lib/gcc/arm-elf/4.1.1/../../../../arm-elf/lib/interwork/libc.a(errno.o)
 .data          0x400008ac        0x0 /cygdrive/c/Embedded/GNUARM/bin/../lib/gcc/arm-elf/4.1.1/../../../../arm-elf/lib/interwork/libc.a(fclose.o)
 .data          0x400008ac        0x0 /cygdrive/c/Embedded/GNUARM/bin/../lib/gcc/arm-elf/4.1.1/../../../../arm-elf/lib/interwork/libc.a(fstatr.o)
 .data          0x400008ac        0x0 /cygdrive/c/Embedded/GNUARM/bin/../lib/gcc/arm-elf/4.1.1/../../../../arm-elf/lib/interwork/libc.a(lseekr.o)
 .data          0x400008ac        0x0 /cygdrive/c/Embedded/GNUARM/bin/../lib/gcc/arm-elf/4.1.1/../../../../arm-elf/lib/interwork/libc.a(readr.o)
 .data          0x400008ac        0x0 /cygdrive/c/Embedded/GNUARM/bin/../lib/gcc/arm-elf/4.1.1/../../../../arm-elf/lib/interwork/libc.a(reent.o)
 .data          0x400008ac        0x0 /cygdrive/c/Embedded/GNUARM/bin/../lib/gcc/arm-elf/4.1.1/interwork/libgcc.a(_addsubdf3.o)
 .data          0x400008ac        0x0 /cygdrive/c/Embedded/GNUARM/bin/../lib/gcc/arm-elf/4.1.1/interwork/libgcc.a(_muldivdf3.o)
 .data          0x400008ac        0x0 /cygdrive/c/Embedded/GNUARM/bin/../lib/gcc/arm-elf/4.1.1/interwork/libgcc.a(_cmpdf2.o)
 .data          0x400008ac        0x0 /cygdrive/c/Embedded/GNUARM/bin/../lib/gcc/arm-elf/4.1.1/interwork/libgcc.a(_fixdfsi.o)
                0x400008ac                . = ALIGN (0x4)
                0x400008ac                _edata = .
                0x400008ac                PROVIDE (edata, .)

.bss            0x400008ac     0x5d24
                0x400008ac                _bss = .
                0x400008ac                __bss_start = .
                0x400008ac                __bss_start__ = .
 *(.bss)
 .bss           0x400008ac     0x57b8 main.o
                0x400008ac                killProc1
 .bss           0x40006064        0x0 eepromTest.o
 .bss           0x40006064        0x0 eeprom.o
 .bss           0x40006064        0x0 i2c.o
 .bss           0x40006064        0x0 adc.o
 .bss           0x40006064        0x0 pca9532.o
 .bss           0x40006064        0x5 lcd.o
 .bss           0x40006069        0x0 lcd_hw.o
 .bss           0x40006069        0x0 startup/libea_startup_thumb.a(consol.o)
 .bss           0x40006069        0x0 startup/libea_startup_thumb.a(framework.o)
 .bss           0x40006069        0x0 startup/libea_startup_thumb.a(startup.o)
 *fill*         0x40006069        0x3 00
 .bss           0x4000606c       0x2c pre_emptive_os/pre_emptive_os.a(kernel.o)
                0x4000606c                osLockNesting
                0x40006070                pNxtToRun
                0x40006074                pRunProc
                0x4000606d                isrNesting
 .bss           0x40006098        0x0 pre_emptive_os/pre_emptive_os.a(prioqueue.o)
 .bss           0x40006098      0x348 pre_emptive_os/pre_emptive_os.a(timer.o)
 .bss           0x400063e0        0x0 pre_emptive_os/pre_emptive_os.a(stack_usage.o)
 .bss           0x400063e0        0x0 pre_emptive_os/pre_emptive_os.a(a7hal.o)
 .bss           0x400063e0        0x0 pre_emptive_os/pre_emptive_os.a(a7hal_a.o)
 .bss           0x400063e0        0x0 pre_emptive_os/pre_emptive_os.a(count_sem.o)
 .bss           0x400063e0        0x0 pre_emptive_os/pre_emptive_os.a(event.o)
 .bss           0x400063e0        0x0 /cygdrive/c/Embedded/GNUARM/bin/../lib/gcc/arm-elf/4.1.1/interwork/libgcc.a(_udivsi3.o)
 .bss           0x400063e0        0x0 /cygdrive/c/Embedded/GNUARM/bin/../lib/gcc/arm-elf/4.1.1/interwork/libgcc.a(_divsi3.o)
 .bss           0x400063e0        0x0 /cygdrive/c/Embedded/GNUARM/bin/../lib/gcc/arm-elf/4.1.1/interwork/libgcc.a(_umodsi3.o)
 .bss           0x400063e0        0x0 /cygdrive/c/Embedded/GNUARM/bin/../lib/gcc/arm-elf/4.1.1/interwork/libgcc.a(_dvmd_tls.o)
 .bss           0x400063e0        0x0 /cygdrive/c/Embedded/GNUARM/bin/../lib/gcc/arm-elf/4.1.1/interwork/libgcc.a(_call_via_rX.o)
 .bss           0x400063e0        0x0 /cygdrive/c/Embedded/GNUARM/bin/../lib/gcc/arm-elf/4.1.1/../../../../arm-elf/lib/interwork/libc.a(atoi.o)
 .bss           0x400063e0        0x0 /cygdrive/c/Embedded/GNUARM/bin/../lib/gcc/arm-elf/4.1.1/../../../../arm-elf/lib/interwork/libc.a(memcpy.o)
 .bss           0x400063e0        0x0 /cygdrive/c/Embedded/GNUARM/bin/../lib/gcc/arm-elf/4.1.1/../../../../arm-elf/lib/interwork/libc.a(sprintf.o)
 .bss           0x400063e0        0x0 /cygdrive/c/Embedded/GNUARM/bin/../lib/gcc/arm-elf/4.1.1/../../../../arm-elf/lib/interwork/libc.a(strlen.o)
 .bss           0x400063e0        0x0 /cygdrive/c/Embedded/GNUARM/bin/../lib/gcc/arm-elf/4.1.1/../../../../arm-elf/lib/interwork/libc.a(strtol.o)
 .bss           0x400063e0        0x0 /cygdrive/c/Embedded/GNUARM/bin/../lib/gcc/arm-elf/4.1.1/../../../../arm-elf/lib/interwork/libc.a(vfprintf.o)
 .bss           0x400063e0        0x0 /cygdrive/c/Embedded/GNUARM/bin/../lib/gcc/arm-elf/4.1.1/../../../../arm-elf/lib/interwork/libc.a(wcrtomb.o)
 .bss           0x400063e0        0x0 /cygdrive/c/Embedded/GNUARM/bin/../lib/gcc/arm-elf/4.1.1/../../../../arm-elf/lib/interwork/libc.a(wcsrtombs.o)
 .bss           0x400063e0        0x0 /cygdrive/c/Embedded/GNUARM/bin/../lib/gcc/arm-elf/4.1.1/../../../../arm-elf/lib/interwork/libc.a(wctomb_r.o)
 .bss           0x400063e0        0x0 /cygdrive/c/Embedded/GNUARM/bin/../lib/gcc/arm-elf/4.1.1/../../../../arm-elf/lib/interwork/libc.a(wsetup.o)
 .bss           0x400063e0        0x0 /cygdrive/c/Embedded/GNUARM/bin/../lib/gcc/arm-elf/4.1.1/../../../../arm-elf/lib/interwork/libc.a(ctype_.o)
 .bss           0x400063e0        0x0 /cygdrive/c/Embedded/GNUARM/bin/../lib/gcc/arm-elf/4.1.1/../../../../arm-elf/lib/interwork/libc.a(dtoa.o)
 .bss           0x400063e0        0x0 /cygdrive/c/Embedded/GNUARM/bin/../lib/gcc/arm-elf/4.1.1/../../../../arm-elf/lib/interwork/libc.a(fflush.o)
 .bss           0x400063e0        0x0 /cygdrive/c/Embedded/GNUARM/bin/../lib/gcc/arm-elf/4.1.1/../../../../arm-elf/lib/interwork/libc.a(findfp.o)
 .bss           0x400063e0        0x0 /cygdrive/c/Embedded/GNUARM/bin/../lib/gcc/arm-elf/4.1.1/../../../../arm-elf/lib/interwork/libc.a(freer.o)
 .bss           0x400063e0        0x0 /cygdrive/c/Embedded/GNUARM/bin/../lib/gcc/arm-elf/4.1.1/../../../../arm-elf/lib/interwork/libc.a(fvwrite.o)
 .bss           0x400063e0        0x0 /cygdrive/c/Embedded/GNUARM/bin/../lib/gcc/arm-elf/4.1.1/../../../../arm-elf/lib/interwork/libc.a(fwalk.o)
 .bss           0x400063e0        0x0 /cygdrive/c/Embedded/GNUARM/bin/../lib/gcc/arm-elf/4.1.1/../../../../arm-elf/lib/interwork/libc.a(impure.o)
 .bss           0x400063e0        0xc /cygdrive/c/Embedded/GNUARM/bin/../lib/gcc/arm-elf/4.1.1/../../../../arm-elf/lib/interwork/libc.a(locale.o)
                0x400063e0                __nlocale_changed
                0x400063e4                __mlocale_changed
                0x400063e8                _PathLocale
 .bss           0x400063ec        0x0 /cygdrive/c/Embedded/GNUARM/bin/../lib/gcc/arm-elf/4.1.1/../../../../arm-elf/lib/interwork/libc.a(makebuf.o)
 .bss           0x400063ec       0x34 /cygdrive/c/Embedded/GNUARM/bin/../lib/gcc/arm-elf/4.1.1/../../../../arm-elf/lib/interwork/libc.a(mallocr.o)
                0x400063ec                __malloc_top_pad
                0x400063f0                __malloc_max_sbrked_mem
                0x400063f8                __malloc_current_mallinfo
                0x400063f4                __malloc_max_total_mem
 .bss           0x40006420        0x0 /cygdrive/c/Embedded/GNUARM/bin/../lib/gcc/arm-elf/4.1.1/../../../../arm-elf/lib/interwork/libc.a(memchr.o)
 .bss           0x40006420        0x0 /cygdrive/c/Embedded/GNUARM/bin/../lib/gcc/arm-elf/4.1.1/../../../../arm-elf/lib/interwork/libc.a(memmove.o)
 .bss           0x40006420        0x0 /cygdrive/c/Embedded/GNUARM/bin/../lib/gcc/arm-elf/4.1.1/../../../../arm-elf/lib/interwork/libc.a(memset.o)
 .bss           0x40006420        0x0 /cygdrive/c/Embedded/GNUARM/bin/../lib/gcc/arm-elf/4.1.1/../../../../arm-elf/lib/interwork/libc.a(mlock.o)
 .bss           0x40006420        0x0 /cygdrive/c/Embedded/GNUARM/bin/../lib/gcc/arm-elf/4.1.1/../../../../arm-elf/lib/interwork/libc.a(mprec.o)
 .bss           0x40006420        0x0 /cygdrive/c/Embedded/GNUARM/bin/../lib/gcc/arm-elf/4.1.1/../../../../arm-elf/lib/interwork/libc.a(reallocr.o)
 .bss           0x40006420        0x0 /cygdrive/c/Embedded/GNUARM/bin/../lib/gcc/arm-elf/4.1.1/../../../../arm-elf/lib/interwork/libc.a(s_isinf.o)
 .bss           0x40006420        0x0 /cygdrive/c/Embedded/GNUARM/bin/../lib/gcc/arm-elf/4.1.1/../../../../arm-elf/lib/interwork/libc.a(s_isnan.o)
 .bss           0x40006420        0x0 /cygdrive/c/Embedded/GNUARM/bin/../lib/gcc/arm-elf/4.1.1/../../../../arm-elf/lib/interwork/libc.a(sbrkr.o)
 .bss           0x40006420        0x0 /cygdrive/c/Embedded/GNUARM/bin/../lib/gcc/arm-elf/4.1.1/../../../../arm-elf/lib/interwork/libc.a(stdio.o)
 .bss           0x40006420        0x0 /cygdrive/c/Embedded/GNUARM/bin/../lib/gcc/arm-elf/4.1.1/../../../../arm-elf/lib/interwork/libc.a(strcmp.o)
 .bss           0x40006420       0xb0 /cygdrive/c/Embedded/GNUARM/bin/../lib/gcc/arm-elf/4.1.1/../../../../arm-elf/lib/interwork/libc.a(syscalls.o)
 .bss           0x400064d0        0x0 /cygdrive/c/Embedded/GNUARM/bin/../lib/gcc/arm-elf/4.1.1/../../../../arm-elf/lib/interwork/libc.a(writer.o)
 .bss           0x400064d0        0x0 /cygdrive/c/Embedded/GNUARM/bin/../lib/gcc/arm-elf/4.1.1/../../../../arm-elf/lib/interwork/libc.a(callocr.o)
 .bss           0x400064d0        0x0 /cygdrive/c/Embedded/GNUARM/bin/../lib/gcc/arm-elf/4.1.1/../../../../arm-elf/lib/interwork/libc.a(closer.o)
 .bss           0x400064d0        0x0 /cygdrive/c/Embedded/GNUARM/bin/../lib/gcc/arm-elf/4.1.1/../../../../arm-elf/lib/interwork/libc.a(errno.o)
 .bss           0x400064d0        0x0 /cygdrive/c/Embedded/GNUARM/bin/../lib/gcc/arm-elf/4.1.1/../../../../arm-elf/lib/interwork/libc.a(fclose.o)
 .bss           0x400064d0        0x0 /cygdrive/c/Embedded/GNUARM/bin/../lib/gcc/arm-elf/4.1.1/../../../../arm-elf/lib/interwork/libc.a(fstatr.o)
 .bss           0x400064d0        0x0 /cygdrive/c/Embedded/GNUARM/bin/../lib/gcc/arm-elf/4.1.1/../../../../arm-elf/lib/interwork/libc.a(lseekr.o)
 .bss           0x400064d0        0x0 /cygdrive/c/Embedded/GNUARM/bin/../lib/gcc/arm-elf/4.1.1/../../../../arm-elf/lib/interwork/libc.a(readr.o)
 .bss           0x400064d0        0x0 /cygdrive/c/Embedded/GNUARM/bin/../lib/gcc/arm-elf/4.1.1/../../../../arm-elf/lib/interwork/libc.a(reent.o)
 .bss           0x400064d0        0x0 /cygdrive/c/Embedded/GNUARM/bin/../lib/gcc/arm-elf/4.1.1/interwork/libgcc.a(_addsubdf3.o)
 .bss           0x400064d0        0x0 /cygdrive/c/Embedded/GNUARM/bin/../lib/gcc/arm-elf/4.1.1/interwork/libgcc.a(_muldivdf3.o)
 .bss           0x400064d0        0x0 /cygdrive/c/Embedded/GNUARM/bin/../lib/gcc/arm-elf/4.1.1/interwork/libgcc.a(_cmpdf2.o)
 .bss           0x400064d0        0x0 /cygdrive/c/Embedded/GNUARM/bin/../lib/gcc/arm-elf/4.1.1/interwork/libgcc.a(_fixdfsi.o)
 *(COMMON)
 COMMON         0x400064d0        0x4 main.o
                0x400064d0                msClock
 COMMON         0x400064d4        0x8 startup/libea_startup_thumb.a(framework.o)
                0x400064d4                pHeapEnd
                0x400064d8                pHeapStart
 COMMON         0x400064dc       0xf0 pre_emptive_os/pre_emptive_os.a(kernel.o)
                0x400064dc                processControlBlocks
 COMMON         0x400065cc        0x4 /cygdrive/c/Embedded/GNUARM/bin/../lib/gcc/arm-elf/4.1.1/../../../../arm-elf/lib/interwork/libc.a(reent.o)
                0x400065cc                errno
                0x400065d0                . = ALIGN (0x4)
                0x400065d0                . = ALIGN (0x4)
                0x400065d0                __bss_end = .
                0x400065d0                __bss_end__ = .
                0x400065d0                _end = .
                0x400065d0                PROVIDE (end, .)

.stab           0x00000000      0x600
 *(.stab)
 .stab          0x00000000      0x3c0 startup/libea_startup_thumb.a(startup.o)
 .stab          0x000003c0      0x240 pre_emptive_os/pre_emptive_os.a(a7hal_a.o)
                                0x24c (size before relaxing)

.stabstr        0x00000000       0x9b
 *(.stabstr)
 .stabstr       0x00000000       0x9b startup/libea_startup_thumb.a(startup.o)

.stab.excl
 *(.stab.excl)

.stab.exclstr
 *(.stab.exclstr)

.stab.index
 *(.stab.index)

.stab.indexstr
 *(.stab.indexstr)

.comment        0x00000000      0x426
 *(.comment)
 .comment       0x00000000       0x12 main.o
 .comment       0x00000012       0x12 eepromTest.o
 .comment       0x00000024       0x12 eeprom.o
 .comment       0x00000036       0x12 i2c.o
 .comment       0x00000048       0x12 adc.o
 .comment       0x0000005a       0x12 pca9532.o
 .comment       0x0000006c       0x12 lcd.o
 .comment       0x0000007e       0x12 lcd_hw.o
 .comment       0x00000090       0x12 startup/libea_startup_thumb.a(consol.o)
 .comment       0x000000a2       0x12 startup/libea_startup_thumb.a(framework.o)
 .comment       0x000000b4       0x12 pre_emptive_os/pre_emptive_os.a(kernel.o)
 .comment       0x000000c6       0x12 pre_emptive_os/pre_emptive_os.a(prioqueue.o)
 .comment       0x000000d8       0x12 pre_emptive_os/pre_emptive_os.a(timer.o)
 .comment       0x000000ea       0x12 pre_emptive_os/pre_emptive_os.a(stack_usage.o)
 .comment       0x000000fc       0x12 pre_emptive_os/pre_emptive_os.a(a7hal.o)
 .comment       0x0000010e       0x12 pre_emptive_os/pre_emptive_os.a(count_sem.o)
 .comment       0x00000120       0x12 pre_emptive_os/pre_emptive_os.a(event.o)
 .comment       0x00000132       0x12 /cygdrive/c/Embedded/GNUARM/bin/../lib/gcc/arm-elf/4.1.1/../../../../arm-elf/lib/interwork/libc.a(atoi.o)
 .comment       0x00000144       0x12 /cygdrive/c/Embedded/GNUARM/bin/../lib/gcc/arm-elf/4.1.1/../../../../arm-elf/lib/interwork/libc.a(memcpy.o)
 .comment       0x00000156       0x12 /cygdrive/c/Embedded/GNUARM/bin/../lib/gcc/arm-elf/4.1.1/../../../../arm-elf/lib/interwork/libc.a(sprintf.o)
 .comment       0x00000168       0x12 /cygdrive/c/Embedded/GNUARM/bin/../lib/gcc/arm-elf/4.1.1/../../../../arm-elf/lib/interwork/libc.a(strlen.o)
 .comment       0x0000017a       0x12 /cygdrive/c/Embedded/GNUARM/bin/../lib/gcc/arm-elf/4.1.1/../../../../arm-elf/lib/interwork/libc.a(strtol.o)
 .comment       0x0000018c       0x12 /cygdrive/c/Embedded/GNUARM/bin/../lib/gcc/arm-elf/4.1.1/../../../../arm-elf/lib/interwork/libc.a(vfprintf.o)
 .comment       0x0000019e       0x12 /cygdrive/c/Embedded/GNUARM/bin/../lib/gcc/arm-elf/4.1.1/../../../../arm-elf/lib/interwork/libc.a(wcrtomb.o)
 .comment       0x000001b0       0x12 /cygdrive/c/Embedded/GNUARM/bin/../lib/gcc/arm-elf/4.1.1/../../../../arm-elf/lib/interwork/libc.a(wcsrtombs.o)
 .comment       0x000001c2       0x12 /cygdrive/c/Embedded/GNUARM/bin/../lib/gcc/arm-elf/4.1.1/../../../../arm-elf/lib/interwork/libc.a(wctomb_r.o)
 .comment       0x000001d4       0x12 /cygdrive/c/Embedded/GNUARM/bin/../lib/gcc/arm-elf/4.1.1/../../../../arm-elf/lib/interwork/libc.a(wsetup.o)
 .comment       0x000001e6       0x12 /cygdrive/c/Embedded/GNUARM/bin/../lib/gcc/arm-elf/4.1.1/../../../../arm-elf/lib/interwork/libc.a(ctype_.o)
 .comment       0x000001f8       0x12 /cygdrive/c/Embedded/GNUARM/bin/../lib/gcc/arm-elf/4.1.1/../../../../arm-elf/lib/interwork/libc.a(dtoa.o)
 .comment       0x0000020a       0x12 /cygdrive/c/Embedded/GNUARM/bin/../lib/gcc/arm-elf/4.1.1/../../../../arm-elf/lib/interwork/libc.a(fflush.o)
 .comment       0x0000021c       0x12 /cygdrive/c/Embedded/GNUARM/bin/../lib/gcc/arm-elf/4.1.1/../../../../arm-elf/lib/interwork/libc.a(findfp.o)
 .comment       0x0000022e       0x12 /cygdrive/c/Embedded/GNUARM/bin/../lib/gcc/arm-elf/4.1.1/../../../../arm-elf/lib/interwork/libc.a(freer.o)
 .comment       0x00000240       0x12 /cygdrive/c/Embedded/GNUARM/bin/../lib/gcc/arm-elf/4.1.1/../../../../arm-elf/lib/interwork/libc.a(fvwrite.o)
 .comment       0x00000252       0x12 /cygdrive/c/Embedded/GNUARM/bin/../lib/gcc/arm-elf/4.1.1/../../../../arm-elf/lib/interwork/libc.a(fwalk.o)
 .comment       0x00000264       0x12 /cygdrive/c/Embedded/GNUARM/bin/../lib/gcc/arm-elf/4.1.1/../../../../arm-elf/lib/interwork/libc.a(impure.o)
 .comment       0x00000276       0x12 /cygdrive/c/Embedded/GNUARM/bin/../lib/gcc/arm-elf/4.1.1/../../../../arm-elf/lib/interwork/libc.a(locale.o)
 .comment       0x00000288       0x12 /cygdrive/c/Embedded/GNUARM/bin/../lib/gcc/arm-elf/4.1.1/../../../../arm-elf/lib/interwork/libc.a(makebuf.o)
 .comment       0x0000029a       0x12 /cygdrive/c/Embedded/GNUARM/bin/../lib/gcc/arm-elf/4.1.1/../../../../arm-elf/lib/interwork/libc.a(mallocr.o)
 .comment       0x000002ac       0x12 /cygdrive/c/Embedded/GNUARM/bin/../lib/gcc/arm-elf/4.1.1/../../../../arm-elf/lib/interwork/libc.a(memchr.o)
 .comment       0x000002be       0x12 /cygdrive/c/Embedded/GNUARM/bin/../lib/gcc/arm-elf/4.1.1/../../../../arm-elf/lib/interwork/libc.a(memmove.o)
 .comment       0x000002d0       0x12 /cygdrive/c/Embedded/GNUARM/bin/../lib/gcc/arm-elf/4.1.1/../../../../arm-elf/lib/interwork/libc.a(memset.o)
 .comment       0x000002e2       0x12 /cygdrive/c/Embedded/GNUARM/bin/../lib/gcc/arm-elf/4.1.1/../../../../arm-elf/lib/interwork/libc.a(mlock.o)
 .comment       0x000002f4       0x12 /cygdrive/c/Embedded/GNUARM/bin/../lib/gcc/arm-elf/4.1.1/../../../../arm-elf/lib/interwork/libc.a(mprec.o)
 .comment       0x00000306       0x12 /cygdrive/c/Embedded/GNUARM/bin/../lib/gcc/arm-elf/4.1.1/../../../../arm-elf/lib/interwork/libc.a(reallocr.o)
 .comment       0x00000318       0x12 /cygdrive/c/Embedded/GNUARM/bin/../lib/gcc/arm-elf/4.1.1/../../../../arm-elf/lib/interwork/libc.a(s_isinf.o)
 .comment       0x0000032a       0x12 /cygdrive/c/Embedded/GNUARM/bin/../lib/gcc/arm-elf/4.1.1/../../../../arm-elf/lib/interwork/libc.a(s_isnan.o)
 .comment       0x0000033c       0x12 /cygdrive/c/Embedded/GNUARM/bin/../lib/gcc/arm-elf/4.1.1/../../../../arm-elf/lib/interwork/libc.a(sbrkr.o)
 .comment       0x0000034e       0x12 /cygdrive/c/Embedded/GNUARM/bin/../lib/gcc/arm-elf/4.1.1/../../../../arm-elf/lib/interwork/libc.a(stdio.o)
 .comment       0x00000360       0x12 /cygdrive/c/Embedded/GNUARM/bin/../lib/gcc/arm-elf/4.1.1/../../../../arm-elf/lib/interwork/libc.a(strcmp.o)
 .comment       0x00000372       0x12 /cygdrive/c/Embedded/GNUARM/bin/../lib/gcc/arm-elf/4.1.1/../../../../arm-elf/lib/interwork/libc.a(syscalls.o)
 .comment       0x00000384       0x12 /cygdrive/c/Embedded/GNUARM/bin/../lib/gcc/arm-elf/4.1.1/../../../../arm-elf/lib/interwork/libc.a(writer.o)
 .comment       0x00000396       0x12 /cygdrive/c/Embedded/GNUARM/bin/../lib/gcc/arm-elf/4.1.1/../../../../arm-elf/lib/interwork/libc.a(callocr.o)
 .comment       0x000003a8       0x12 /cygdrive/c/Embedded/GNUARM/bin/../lib/gcc/arm-elf/4.1.1/../../../../arm-elf/lib/interwork/libc.a(closer.o)
 .comment       0x000003ba       0x12 /cygdrive/c/Embedded/GNUARM/bin/../lib/gcc/arm-elf/4.1.1/../../../../arm-elf/lib/interwork/libc.a(errno.o)
 .comment       0x000003cc       0x12 /cygdrive/c/Embedded/GNUARM/bin/../lib/gcc/arm-elf/4.1.1/../../../../arm-elf/lib/interwork/libc.a(fclose.o)
 .comment       0x000003de       0x12 /cygdrive/c/Embedded/GNUARM/bin/../lib/gcc/arm-elf/4.1.1/../../../../arm-elf/lib/interwork/libc.a(fstatr.o)
 .comment       0x000003f0       0x12 /cygdrive/c/Embedded/GNUARM/bin/../lib/gcc/arm-elf/4.1.1/../../../../arm-elf/lib/interwork/libc.a(lseekr.o)
 .comment       0x00000402       0x12 /cygdrive/c/Embedded/GNUARM/bin/../lib/gcc/arm-elf/4.1.1/../../../../arm-elf/lib/interwork/libc.a(readr.o)
 .comment       0x00000414       0x12 /cygdrive/c/Embedded/GNUARM/bin/../lib/gcc/arm-elf/4.1.1/../../../../arm-elf/lib/interwork/libc.a(reent.o)

.debug
 *(.debug)

.line
 *(.line)

.debug_srcinfo
 *(.debug_srcinfo)

.debug_sfnames
 *(.debug_sfnames)

.debug_aranges  0x00000000      0x840
 *(.debug_aranges)
 .debug_aranges
                0x00000000       0x20 main.o
 .debug_aranges
                0x00000020       0x20 eepromTest.o
 .debug_aranges
                0x00000040       0x20 eeprom.o
 .debug_aranges
                0x00000060       0x20 i2c.o
 .debug_aranges
                0x00000080       0x20 adc.o
 .debug_aranges
                0x000000a0       0x20 pca9532.o
 .debug_aranges
                0x000000c0       0x20 lcd.o
 .debug_aranges
                0x000000e0       0x20 lcd_hw.o
 .debug_aranges
                0x00000100       0x20 startup/libea_startup_thumb.a(consol.o)
 .debug_aranges
                0x00000120       0x20 startup/libea_startup_thumb.a(framework.o)
 .debug_aranges
                0x00000140       0x20 pre_emptive_os/pre_emptive_os.a(kernel.o)
 .debug_aranges
                0x00000160       0x20 pre_emptive_os/pre_emptive_os.a(prioqueue.o)
 .debug_aranges
                0x00000180       0x20 pre_emptive_os/pre_emptive_os.a(timer.o)
 .debug_aranges
                0x000001a0       0x20 pre_emptive_os/pre_emptive_os.a(stack_usage.o)
 .debug_aranges
                0x000001c0       0x20 pre_emptive_os/pre_emptive_os.a(a7hal.o)
 .debug_aranges
                0x000001e0       0x20 pre_emptive_os/pre_emptive_os.a(count_sem.o)
 .debug_aranges
                0x00000200       0x20 pre_emptive_os/pre_emptive_os.a(event.o)
 .debug_aranges
                0x00000220       0x20 /cygdrive/c/Embedded/GNUARM/bin/../lib/gcc/arm-elf/4.1.1/interwork/libgcc.a(_udivsi3.o)
 .debug_aranges
                0x00000240       0x20 /cygdrive/c/Embedded/GNUARM/bin/../lib/gcc/arm-elf/4.1.1/interwork/libgcc.a(_divsi3.o)
 .debug_aranges
                0x00000260       0x20 /cygdrive/c/Embedded/GNUARM/bin/../lib/gcc/arm-elf/4.1.1/interwork/libgcc.a(_umodsi3.o)
 .debug_aranges
                0x00000280       0x20 /cygdrive/c/Embedded/GNUARM/bin/../lib/gcc/arm-elf/4.1.1/interwork/libgcc.a(_dvmd_tls.o)
 .debug_aranges
                0x000002a0       0x20 /cygdrive/c/Embedded/GNUARM/bin/../lib/gcc/arm-elf/4.1.1/interwork/libgcc.a(_call_via_rX.o)
 .debug_aranges
                0x000002c0       0x20 /cygdrive/c/Embedded/GNUARM/bin/../lib/gcc/arm-elf/4.1.1/../../../../arm-elf/lib/interwork/libc.a(atoi.o)
 .debug_aranges
                0x000002e0       0x20 /cygdrive/c/Embedded/GNUARM/bin/../lib/gcc/arm-elf/4.1.1/../../../../arm-elf/lib/interwork/libc.a(memcpy.o)
 .debug_aranges
                0x00000300       0x20 /cygdrive/c/Embedded/GNUARM/bin/../lib/gcc/arm-elf/4.1.1/../../../../arm-elf/lib/interwork/libc.a(sprintf.o)
 .debug_aranges
                0x00000320       0x20 /cygdrive/c/Embedded/GNUARM/bin/../lib/gcc/arm-elf/4.1.1/../../../../arm-elf/lib/interwork/libc.a(strlen.o)
 .debug_aranges
                0x00000340       0x20 /cygdrive/c/Embedded/GNUARM/bin/../lib/gcc/arm-elf/4.1.1/../../../../arm-elf/lib/interwork/libc.a(strtol.o)
 .debug_aranges
                0x00000360       0x20 /cygdrive/c/Embedded/GNUARM/bin/../lib/gcc/arm-elf/4.1.1/../../../../arm-elf/lib/interwork/libc.a(vfprintf.o)
 .debug_aranges
                0x00000380       0x20 /cygdrive/c/Embedded/GNUARM/bin/../lib/gcc/arm-elf/4.1.1/../../../../arm-elf/lib/interwork/libc.a(wcrtomb.o)
 .debug_aranges
                0x000003a0       0x20 /cygdrive/c/Embedded/GNUARM/bin/../lib/gcc/arm-elf/4.1.1/../../../../arm-elf/lib/interwork/libc.a(wcsrtombs.o)
 .debug_aranges
                0x000003c0       0x20 /cygdrive/c/Embedded/GNUARM/bin/../lib/gcc/arm-elf/4.1.1/../../../../arm-elf/lib/interwork/libc.a(wctomb_r.o)
 .debug_aranges
                0x000003e0       0x20 /cygdrive/c/Embedded/GNUARM/bin/../lib/gcc/arm-elf/4.1.1/../../../../arm-elf/lib/interwork/libc.a(wsetup.o)
 .debug_aranges
                0x00000400       0x20 /cygdrive/c/Embedded/GNUARM/bin/../lib/gcc/arm-elf/4.1.1/../../../../arm-elf/lib/interwork/libc.a(dtoa.o)
 .debug_aranges
                0x00000420       0x20 /cygdrive/c/Embedded/GNUARM/bin/../lib/gcc/arm-elf/4.1.1/../../../../arm-elf/lib/interwork/libc.a(fflush.o)
 .debug_aranges
                0x00000440       0x20 /cygdrive/c/Embedded/GNUARM/bin/../lib/gcc/arm-elf/4.1.1/../../../../arm-elf/lib/interwork/libc.a(findfp.o)
 .debug_aranges
                0x00000460       0x20 /cygdrive/c/Embedded/GNUARM/bin/../lib/gcc/arm-elf/4.1.1/../../../../arm-elf/lib/interwork/libc.a(freer.o)
 .debug_aranges
                0x00000480       0x20 /cygdrive/c/Embedded/GNUARM/bin/../lib/gcc/arm-elf/4.1.1/../../../../arm-elf/lib/interwork/libc.a(fvwrite.o)
 .debug_aranges
                0x000004a0       0x20 /cygdrive/c/Embedded/GNUARM/bin/../lib/gcc/arm-elf/4.1.1/../../../../arm-elf/lib/interwork/libc.a(fwalk.o)
 .debug_aranges
                0x000004c0       0x20 /cygdrive/c/Embedded/GNUARM/bin/../lib/gcc/arm-elf/4.1.1/../../../../arm-elf/lib/interwork/libc.a(locale.o)
 .debug_aranges
                0x000004e0       0x20 /cygdrive/c/Embedded/GNUARM/bin/../lib/gcc/arm-elf/4.1.1/../../../../arm-elf/lib/interwork/libc.a(makebuf.o)
 .debug_aranges
                0x00000500       0x20 /cygdrive/c/Embedded/GNUARM/bin/../lib/gcc/arm-elf/4.1.1/../../../../arm-elf/lib/interwork/libc.a(mallocr.o)
 .debug_aranges
                0x00000520       0x20 /cygdrive/c/Embedded/GNUARM/bin/../lib/gcc/arm-elf/4.1.1/../../../../arm-elf/lib/interwork/libc.a(memchr.o)
 .debug_aranges
                0x00000540       0x20 /cygdrive/c/Embedded/GNUARM/bin/../lib/gcc/arm-elf/4.1.1/../../../../arm-elf/lib/interwork/libc.a(memmove.o)
 .debug_aranges
                0x00000560       0x20 /cygdrive/c/Embedded/GNUARM/bin/../lib/gcc/arm-elf/4.1.1/../../../../arm-elf/lib/interwork/libc.a(memset.o)
 .debug_aranges
                0x00000580       0x20 /cygdrive/c/Embedded/GNUARM/bin/../lib/gcc/arm-elf/4.1.1/../../../../arm-elf/lib/interwork/libc.a(mlock.o)
 .debug_aranges
                0x000005a0       0x20 /cygdrive/c/Embedded/GNUARM/bin/../lib/gcc/arm-elf/4.1.1/../../../../arm-elf/lib/interwork/libc.a(mprec.o)
 .debug_aranges
                0x000005c0       0x20 /cygdrive/c/Embedded/GNUARM/bin/../lib/gcc/arm-elf/4.1.1/../../../../arm-elf/lib/interwork/libc.a(reallocr.o)
 .debug_aranges
                0x000005e0       0x20 /cygdrive/c/Embedded/GNUARM/bin/../lib/gcc/arm-elf/4.1.1/../../../../arm-elf/lib/interwork/libc.a(s_isinf.o)
 .debug_aranges
                0x00000600       0x20 /cygdrive/c/Embedded/GNUARM/bin/../lib/gcc/arm-elf/4.1.1/../../../../arm-elf/lib/interwork/libc.a(s_isnan.o)
 .debug_aranges
                0x00000620       0x20 /cygdrive/c/Embedded/GNUARM/bin/../lib/gcc/arm-elf/4.1.1/../../../../arm-elf/lib/interwork/libc.a(sbrkr.o)
 .debug_aranges
                0x00000640       0x20 /cygdrive/c/Embedded/GNUARM/bin/../lib/gcc/arm-elf/4.1.1/../../../../arm-elf/lib/interwork/libc.a(stdio.o)
 .debug_aranges
                0x00000660       0x20 /cygdrive/c/Embedded/GNUARM/bin/../lib/gcc/arm-elf/4.1.1/../../../../arm-elf/lib/interwork/libc.a(strcmp.o)
 .debug_aranges
                0x00000680       0x20 /cygdrive/c/Embedded/GNUARM/bin/../lib/gcc/arm-elf/4.1.1/../../../../arm-elf/lib/interwork/libc.a(syscalls.o)
 .debug_aranges
                0x000006a0       0x20 /cygdrive/c/Embedded/GNUARM/bin/../lib/gcc/arm-elf/4.1.1/../../../../arm-elf/lib/interwork/libc.a(writer.o)
 .debug_aranges
                0x000006c0       0x20 /cygdrive/c/Embedded/GNUARM/bin/../lib/gcc/arm-elf/4.1.1/../../../../arm-elf/lib/interwork/libc.a(callocr.o)
 .debug_aranges
                0x000006e0       0x20 /cygdrive/c/Embedded/GNUARM/bin/../lib/gcc/arm-elf/4.1.1/../../../../arm-elf/lib/interwork/libc.a(closer.o)
 .debug_aranges
                0x00000700       0x20 /cygdrive/c/Embedded/GNUARM/bin/../lib/gcc/arm-elf/4.1.1/../../../../arm-elf/lib/interwork/libc.a(errno.o)
 .debug_aranges
                0x00000720       0x20 /cygdrive/c/Embedded/GNUARM/bin/../lib/gcc/arm-elf/4.1.1/../../../../arm-elf/lib/interwork/libc.a(fclose.o)
 .debug_aranges
                0x00000740       0x20 /cygdrive/c/Embedded/GNUARM/bin/../lib/gcc/arm-elf/4.1.1/../../../../arm-elf/lib/interwork/libc.a(fstatr.o)
 .debug_aranges
                0x00000760       0x20 /cygdrive/c/Embedded/GNUARM/bin/../lib/gcc/arm-elf/4.1.1/../../../../arm-elf/lib/interwork/libc.a(lseekr.o)
 .debug_aranges
                0x00000780       0x20 /cygdrive/c/Embedded/GNUARM/bin/../lib/gcc/arm-elf/4.1.1/../../../../arm-elf/lib/interwork/libc.a(readr.o)
 .debug_aranges
                0x000007a0       0x20 /cygdrive/c/Embedded/GNUARM/bin/../lib/gcc/arm-elf/4.1.1/../../../../arm-elf/lib/interwork/libc.a(reent.o)
 .debug_aranges
                0x000007c0       0x20 /cygdrive/c/Embedded/GNUARM/bin/../lib/gcc/arm-elf/4.1.1/interwork/libgcc.a(_addsubdf3.o)
 .debug_aranges
                0x000007e0       0x20 /cygdrive/c/Embedded/GNUARM/bin/../lib/gcc/arm-elf/4.1.1/interwork/libgcc.a(_muldivdf3.o)
 .debug_aranges
                0x00000800       0x20 /cygdrive/c/Embedded/GNUARM/bin/../lib/gcc/arm-elf/4.1.1/interwork/libgcc.a(_cmpdf2.o)
 .debug_aranges
                0x00000820       0x20 /cygdrive/c/Embedded/GNUARM/bin/../lib/gcc/arm-elf/4.1.1/interwork/libgcc.a(_fixdfsi.o)

.debug_pubnames
                0x00000000     0x1324
 *(.debug_pubnames)
 .debug_pubnames
                0x00000000       0x93 main.o
 .debug_pubnames
                0x00000093       0x21 eepromTest.o
 .debug_pubnames
                0x000000b4       0x64 eeprom.o
 .debug_pubnames
                0x00000118       0xcc i2c.o
 .debug_pubnames
                0x000001e4       0x33 adc.o
 .debug_pubnames
                0x00000217       0x46 pca9532.o
 .debug_pubnames
                0x0000025d       0xe5 lcd.o
 .debug_pubnames
                0x00000342       0x40 lcd_hw.o
 .debug_pubnames
                0x00000382       0xda startup/libea_startup_thumb.a(consol.o)
 .debug_pubnames
                0x0000045c       0x63 startup/libea_startup_thumb.a(framework.o)
 .debug_pubnames
                0x000004bf      0x17f pre_emptive_os/pre_emptive_os.a(kernel.o)
 .debug_pubnames
                0x0000063e       0x76 pre_emptive_os/pre_emptive_os.a(prioqueue.o)
 .debug_pubnames
                0x000006b4       0x55 pre_emptive_os/pre_emptive_os.a(timer.o)
 .debug_pubnames
                0x00000709       0x4e pre_emptive_os/pre_emptive_os.a(stack_usage.o)
 .debug_pubnames
                0x00000757       0xc1 pre_emptive_os/pre_emptive_os.a(a7hal.o)
 .debug_pubnames
                0x00000818       0x4d pre_emptive_os/pre_emptive_os.a(count_sem.o)
 .debug_pubnames
                0x00000865       0x63 pre_emptive_os/pre_emptive_os.a(event.o)
 .debug_pubnames
                0x000008c8       0x27 /cygdrive/c/Embedded/GNUARM/bin/../lib/gcc/arm-elf/4.1.1/../../../../arm-elf/lib/interwork/libc.a(atoi.o)
 .debug_pubnames
                0x000008ef       0x1d /cygdrive/c/Embedded/GNUARM/bin/../lib/gcc/arm-elf/4.1.1/../../../../arm-elf/lib/interwork/libc.a(memcpy.o)
 .debug_pubnames
                0x0000090c       0x2d /cygdrive/c/Embedded/GNUARM/bin/../lib/gcc/arm-elf/4.1.1/../../../../arm-elf/lib/interwork/libc.a(sprintf.o)
 .debug_pubnames
                0x00000939       0x1d /cygdrive/c/Embedded/GNUARM/bin/../lib/gcc/arm-elf/4.1.1/../../../../arm-elf/lib/interwork/libc.a(strlen.o)
 .debug_pubnames
                0x00000956       0x2b /cygdrive/c/Embedded/GNUARM/bin/../lib/gcc/arm-elf/4.1.1/../../../../arm-elf/lib/interwork/libc.a(strtol.o)
 .debug_pubnames
                0x00000981       0x2f /cygdrive/c/Embedded/GNUARM/bin/../lib/gcc/arm-elf/4.1.1/../../../../arm-elf/lib/interwork/libc.a(vfprintf.o)
 .debug_pubnames
                0x000009b0       0x2d /cygdrive/c/Embedded/GNUARM/bin/../lib/gcc/arm-elf/4.1.1/../../../../arm-elf/lib/interwork/libc.a(wcrtomb.o)
 .debug_pubnames
                0x000009dd       0x31 /cygdrive/c/Embedded/GNUARM/bin/../lib/gcc/arm-elf/4.1.1/../../../../arm-elf/lib/interwork/libc.a(wcsrtombs.o)
 .debug_pubnames
                0x00000a0e       0x20 /cygdrive/c/Embedded/GNUARM/bin/../lib/gcc/arm-elf/4.1.1/../../../../arm-elf/lib/interwork/libc.a(wctomb_r.o)
 .debug_pubnames
                0x00000a2e       0x20 /cygdrive/c/Embedded/GNUARM/bin/../lib/gcc/arm-elf/4.1.1/../../../../arm-elf/lib/interwork/libc.a(wsetup.o)
 .debug_pubnames
                0x00000a4e       0x2e /cygdrive/c/Embedded/GNUARM/bin/../lib/gcc/arm-elf/4.1.1/../../../../arm-elf/lib/interwork/libc.a(ctype_.o)
 .debug_pubnames
                0x00000a7c       0x1e /cygdrive/c/Embedded/GNUARM/bin/../lib/gcc/arm-elf/4.1.1/../../../../arm-elf/lib/interwork/libc.a(dtoa.o)
 .debug_pubnames
                0x00000a9a       0x1d /cygdrive/c/Embedded/GNUARM/bin/../lib/gcc/arm-elf/4.1.1/../../../../arm-elf/lib/interwork/libc.a(fflush.o)
 .debug_pubnames
                0x00000ab7       0xdb /cygdrive/c/Embedded/GNUARM/bin/../lib/gcc/arm-elf/4.1.1/../../../../arm-elf/lib/interwork/libc.a(findfp.o)
 .debug_pubnames
                0x00000b92       0x31 /cygdrive/c/Embedded/GNUARM/bin/../lib/gcc/arm-elf/4.1.1/../../../../arm-elf/lib/interwork/libc.a(freer.o)
 .debug_pubnames
                0x00000bc3       0x21 /cygdrive/c/Embedded/GNUARM/bin/../lib/gcc/arm-elf/4.1.1/../../../../arm-elf/lib/interwork/libc.a(fvwrite.o)
 .debug_pubnames
                0x00000be4       0x2e /cygdrive/c/Embedded/GNUARM/bin/../lib/gcc/arm-elf/4.1.1/../../../../arm-elf/lib/interwork/libc.a(fwalk.o)
 .debug_pubnames
                0x00000c12       0x39 /cygdrive/c/Embedded/GNUARM/bin/../lib/gcc/arm-elf/4.1.1/../../../../arm-elf/lib/interwork/libc.a(impure.o)
 .debug_pubnames
                0x00000c4b       0xc3 /cygdrive/c/Embedded/GNUARM/bin/../lib/gcc/arm-elf/4.1.1/../../../../arm-elf/lib/interwork/libc.a(locale.o)
 .debug_pubnames
                0x00000d0e       0x21 /cygdrive/c/Embedded/GNUARM/bin/../lib/gcc/arm-elf/4.1.1/../../../../arm-elf/lib/interwork/libc.a(makebuf.o)
 .debug_pubnames
                0x00000d2f       0xce /cygdrive/c/Embedded/GNUARM/bin/../lib/gcc/arm-elf/4.1.1/../../../../arm-elf/lib/interwork/libc.a(mallocr.o)
 .debug_pubnames
                0x00000dfd       0x1d /cygdrive/c/Embedded/GNUARM/bin/../lib/gcc/arm-elf/4.1.1/../../../../arm-elf/lib/interwork/libc.a(memchr.o)
 .debug_pubnames
                0x00000e1a       0x1e /cygdrive/c/Embedded/GNUARM/bin/../lib/gcc/arm-elf/4.1.1/../../../../arm-elf/lib/interwork/libc.a(memmove.o)
 .debug_pubnames
                0x00000e38       0x1d /cygdrive/c/Embedded/GNUARM/bin/../lib/gcc/arm-elf/4.1.1/../../../../arm-elf/lib/interwork/libc.a(memset.o)
 .debug_pubnames
                0x00000e55       0x38 /cygdrive/c/Embedded/GNUARM/bin/../lib/gcc/arm-elf/4.1.1/../../../../arm-elf/lib/interwork/libc.a(mlock.o)
 .debug_pubnames
                0x00000e8d      0x112 /cygdrive/c/Embedded/GNUARM/bin/../lib/gcc/arm-elf/4.1.1/../../../../arm-elf/lib/interwork/libc.a(mprec.o)
 .debug_pubnames
                0x00000f9f       0x21 /cygdrive/c/Embedded/GNUARM/bin/../lib/gcc/arm-elf/4.1.1/../../../../arm-elf/lib/interwork/libc.a(reallocr.o)
 .debug_pubnames
                0x00000fc0       0x1c /cygdrive/c/Embedded/GNUARM/bin/../lib/gcc/arm-elf/4.1.1/../../../../arm-elf/lib/interwork/libc.a(s_isinf.o)
 .debug_pubnames
                0x00000fdc       0x1c /cygdrive/c/Embedded/GNUARM/bin/../lib/gcc/arm-elf/4.1.1/../../../../arm-elf/lib/interwork/libc.a(s_isnan.o)
 .debug_pubnames
                0x00000ff8       0x1e /cygdrive/c/Embedded/GNUARM/bin/../lib/gcc/arm-elf/4.1.1/../../../../arm-elf/lib/interwork/libc.a(sbrkr.o)
 .debug_pubnames
                0x00001016       0x44 /cygdrive/c/Embedded/GNUARM/bin/../lib/gcc/arm-elf/4.1.1/../../../../arm-elf/lib/interwork/libc.a(stdio.o)
 .debug_pubnames
                0x0000105a       0x1d /cygdrive/c/Embedded/GNUARM/bin/../lib/gcc/arm-elf/4.1.1/../../../../arm-elf/lib/interwork/libc.a(strcmp.o)
 .debug_pubnames
                0x00001077      0x158 /cygdrive/c/Embedded/GNUARM/bin/../lib/gcc/arm-elf/4.1.1/../../../../arm-elf/lib/interwork/libc.a(syscalls.o)
 .debug_pubnames
                0x000011cf       0x1f /cygdrive/c/Embedded/GNUARM/bin/../lib/gcc/arm-elf/4.1.1/../../../../arm-elf/lib/interwork/libc.a(writer.o)
 .debug_pubnames
                0x000011ee       0x20 /cygdrive/c/Embedded/GNUARM/bin/../lib/gcc/arm-elf/4.1.1/../../../../arm-elf/lib/interwork/libc.a(callocr.o)
 .debug_pubnames
                0x0000120e       0x1f /cygdrive/c/Embedded/GNUARM/bin/../lib/gcc/arm-elf/4.1.1/../../../../arm-elf/lib/interwork/libc.a(closer.o)
 .debug_pubnames
                0x0000122d       0x1e /cygdrive/c/Embedded/GNUARM/bin/../lib/gcc/arm-elf/4.1.1/../../../../arm-elf/lib/interwork/libc.a(errno.o)
 .debug_pubnames
                0x0000124b       0x2b /cygdrive/c/Embedded/GNUARM/bin/../lib/gcc/arm-elf/4.1.1/../../../../arm-elf/lib/interwork/libc.a(fclose.o)
 .debug_pubnames
                0x00001276       0x1f /cygdrive/c/Embedded/GNUARM/bin/../lib/gcc/arm-elf/4.1.1/../../../../arm-elf/lib/interwork/libc.a(fstatr.o)
 .debug_pubnames
                0x00001295       0x1f /cygdrive/c/Embedded/GNUARM/bin/../lib/gcc/arm-elf/4.1.1/../../../../arm-elf/lib/interwork/libc.a(lseekr.o)
 .debug_pubnames
                0x000012b4       0x1e /cygdrive/c/Embedded/GNUARM/bin/../lib/gcc/arm-elf/4.1.1/../../../../arm-elf/lib/interwork/libc.a(readr.o)
 .debug_pubnames
                0x000012d2       0x52 /cygdrive/c/Embedded/GNUARM/bin/../lib/gcc/arm-elf/4.1.1/../../../../arm-elf/lib/interwork/libc.a(reent.o)

.debug_info     0x00000000    0x1b0f6
 *(.debug_info .gnu.linkonce.wi.*)
 .debug_info    0x00000000      0x5ba main.o
 .debug_info    0x000005ba      0x11e eepromTest.o
 .debug_info    0x000006d8      0x29a eeprom.o
 .debug_info    0x00000972      0x465 i2c.o
 .debug_info    0x00000dd7       0xdd adc.o
 .debug_info    0x00000eb4      0x179 pca9532.o
 .debug_info    0x0000102d      0x596 lcd.o
 .debug_info    0x000015c3      0x105 lcd_hw.o
 .debug_info    0x000016c8      0x584 startup/libea_startup_thumb.a(consol.o)
 .debug_info    0x00001c4c      0x1e5 startup/libea_startup_thumb.a(framework.o)
 .debug_info    0x00001e31      0x5fe pre_emptive_os/pre_emptive_os.a(kernel.o)
 .debug_info    0x0000242f      0x2e8 pre_emptive_os/pre_emptive_os.a(prioqueue.o)
 .debug_info    0x00002717      0x4b8 pre_emptive_os/pre_emptive_os.a(timer.o)
 .debug_info    0x00002bcf      0x2cf pre_emptive_os/pre_emptive_os.a(stack_usage.o)
 .debug_info    0x00002e9e      0x189 pre_emptive_os/pre_emptive_os.a(a7hal.o)
 .debug_info    0x00003027      0x32b pre_emptive_os/pre_emptive_os.a(count_sem.o)
 .debug_info    0x00003352      0x2ee pre_emptive_os/pre_emptive_os.a(event.o)
 .debug_info    0x00003640       0x68 /cygdrive/c/Embedded/GNUARM/bin/../lib/gcc/arm-elf/4.1.1/interwork/libgcc.a(_udivsi3.o)
 .debug_info    0x000036a8       0x68 /cygdrive/c/Embedded/GNUARM/bin/../lib/gcc/arm-elf/4.1.1/interwork/libgcc.a(_divsi3.o)
 .debug_info    0x00003710       0x68 /cygdrive/c/Embedded/GNUARM/bin/../lib/gcc/arm-elf/4.1.1/interwork/libgcc.a(_umodsi3.o)
 .debug_info    0x00003778       0x68 /cygdrive/c/Embedded/GNUARM/bin/../lib/gcc/arm-elf/4.1.1/interwork/libgcc.a(_dvmd_tls.o)
 .debug_info    0x000037e0       0x68 /cygdrive/c/Embedded/GNUARM/bin/../lib/gcc/arm-elf/4.1.1/interwork/libgcc.a(_call_via_rX.o)
 .debug_info    0x00003848      0x949 /cygdrive/c/Embedded/GNUARM/bin/../lib/gcc/arm-elf/4.1.1/../../../../arm-elf/lib/interwork/libc.a(atoi.o)
 .debug_info    0x00004191      0x10a /cygdrive/c/Embedded/GNUARM/bin/../lib/gcc/arm-elf/4.1.1/../../../../arm-elf/lib/interwork/libc.a(memcpy.o)