Archive member included to satisfy reference by file (symbol)

startup/libea_startup_thumb.a(framework.o)
                              main.o (printf_init)
startup/libea_startup_thumb.a(startup.o)
                              (_startup)
startup/libea_startup_thumb.a(consol.o)
                              startup/libea_startup_thumb.a(framework.o) (consolInit)
c:/embedded/tools/bin/../lib/gcc/arm-none-eabi/7.3.1\libgcc.a(_udivsi3.o)
                              startup/libea_startup_thumb.a(consol.o) (__aeabi_uidiv)
c:/embedded/tools/bin/../lib/gcc/arm-none-eabi/7.3.1\libgcc.a(_dvmd_tls.o)
                              c:/embedded/tools/bin/../lib/gcc/arm-none-eabi/7.3.1\libgcc.a(_udivsi3.o) (__aeabi_idiv0)
c:/embedded/tools/bin/../lib/gcc/arm-none-eabi/7.3.1/../../../../arm-none-eabi/lib\libc_nano.a(lib_a-atoi.o)
                              startup/libea_startup_thumb.a(consol.o) (atoi)
c:/embedded/tools/bin/../lib/gcc/arm-none-eabi/7.3.1/../../../../arm-none-eabi/lib\libc_nano.a(lib_a-memset.o)
                              main.o (memset)
c:/embedded/tools/bin/../lib/gcc/arm-none-eabi/7.3.1/../../../../arm-none-eabi/lib\libc_nano.a(lib_a-sprintf.o)
                              main.o (sprintf)
c:/embedded/tools/bin/../lib/gcc/arm-none-eabi/7.3.1/../../../../arm-none-eabi/lib\libc_nano.a(lib_a-strlen.o)
                              startup/libea_startup_thumb.a(consol.o) (strlen)
c:/embedded/tools/bin/../lib/gcc/arm-none-eabi/7.3.1/../../../../arm-none-eabi/lib\libc_nano.a(lib_a-strtol.o)
                              c:/embedded/tools/bin/../lib/gcc/arm-none-eabi/7.3.1/../../../../arm-none-eabi/lib\libc_nano.a(lib_a-atoi.o) (_strtol_r)
c:/embedded/tools/bin/../lib/gcc/arm-none-eabi/7.3.1/../../../../arm-none-eabi/lib\libc_nano.a(lib_a-impure.o)
                              c:/embedded/tools/bin/../lib/gcc/arm-none-eabi/7.3.1/../../../../arm-none-eabi/lib\libc_nano.a(lib_a-sprintf.o) (_impure_ptr)
c:/embedded/tools/bin/../lib/gcc/arm-none-eabi/7.3.1/../../../../arm-none-eabi/lib\libc_nano.a(lib_a-locale.o)
                              c:/embedded/tools/bin/../lib/gcc/arm-none-eabi/7.3.1/../../../../arm-none-eabi/lib\libc_nano.a(lib_a-strtol.o) (__locale_ctype_ptr_l)
c:/embedded/tools/bin/../lib/gcc/arm-none-eabi/7.3.1/../../../../arm-none-eabi/lib\libc_nano.a(lib_a-mbtowc_r.o)
                              c:/embedded/tools/bin/../lib/gcc/arm-none-eabi/7.3.1/../../../../arm-none-eabi/lib\libc_nano.a(lib_a-locale.o) (__ascii_mbtowc)
c:/embedded/tools/bin/../lib/gcc/arm-none-eabi/7.3.1/../../../../arm-none-eabi/lib\libc_nano.a(lib_a-nano-svfprintf.o)
                              c:/embedded/tools/bin/../lib/gcc/arm-none-eabi/7.3.1/../../../../arm-none-eabi/lib\libc_nano.a(lib_a-sprintf.o) (_svfprintf_r)
c:/embedded/tools/bin/../lib/gcc/arm-none-eabi/7.3.1/../../../../arm-none-eabi/lib\libc_nano.a(lib_a-nano-vfprintf_i.o)
                              c:/embedded/tools/bin/../lib/gcc/arm-none-eabi/7.3.1/../../../../arm-none-eabi/lib\libc_nano.a(lib_a-nano-svfprintf.o) (_printf_i)
c:/embedded/tools/bin/../lib/gcc/arm-none-eabi/7.3.1/../../../../arm-none-eabi/lib\libc_nano.a(lib_a-strcmp.o)
                              c:/embedded/tools/bin/../lib/gcc/arm-none-eabi/7.3.1/../../../../arm-none-eabi/lib\libc_nano.a(lib_a-locale.o) (strcmp)
c:/embedded/tools/bin/../lib/gcc/arm-none-eabi/7.3.1/../../../../arm-none-eabi/lib\libc_nano.a(lib_a-wctomb_r.o)
                              c:/embedded/tools/bin/../lib/gcc/arm-none-eabi/7.3.1/../../../../arm-none-eabi/lib\libc_nano.a(lib_a-locale.o) (__ascii_wctomb)
c:/embedded/tools/bin/../lib/gcc/arm-none-eabi/7.3.1/../../../../arm-none-eabi/lib\libc_nano.a(lib_a-ctype_.o)
                              c:/embedded/tools/bin/../lib/gcc/arm-none-eabi/7.3.1/../../../../arm-none-eabi/lib\libc_nano.a(lib_a-locale.o) (_ctype_)
c:/embedded/tools/bin/../lib/gcc/arm-none-eabi/7.3.1/../../../../arm-none-eabi/lib\libc_nano.a(lib_a-memchr-stub.o)
                              c:/embedded/tools/bin/../lib/gcc/arm-none-eabi/7.3.1/../../../../arm-none-eabi/lib\libc_nano.a(lib_a-nano-svfprintf.o) (memchr)
c:/embedded/tools/bin/../lib/gcc/arm-none-eabi/7.3.1/../../../../arm-none-eabi/lib\libc_nano.a(lib_a-memcpy-stub.o)
                              c:/embedded/tools/bin/../lib/gcc/arm-none-eabi/7.3.1/../../../../arm-none-eabi/lib\libc_nano.a(lib_a-nano-svfprintf.o) (memcpy)
c:/embedded/tools/bin/../lib/gcc/arm-none-eabi/7.3.1/../../../../arm-none-eabi/lib\libc_nano.a(lib_a-memmove.o)
                              c:/embedded/tools/bin/../lib/gcc/arm-none-eabi/7.3.1/../../../../arm-none-eabi/lib\libc_nano.a(lib_a-nano-svfprintf.o) (memmove)
c:/embedded/tools/bin/../lib/gcc/arm-none-eabi/7.3.1/../../../../arm-none-eabi/lib\libc_nano.a(lib_a-nano-freer.o)
                              c:/embedded/tools/bin/../lib/gcc/arm-none-eabi/7.3.1/../../../../arm-none-eabi/lib\libc_nano.a(lib_a-nano-svfprintf.o) (_free_r)
c:/embedded/tools/bin/../lib/gcc/arm-none-eabi/7.3.1/../../../../arm-none-eabi/lib\libc_nano.a(lib_a-nano-mallocr.o)
                              c:/embedded/tools/bin/../lib/gcc/arm-none-eabi/7.3.1/../../../../arm-none-eabi/lib\libc_nano.a(lib_a-nano-svfprintf.o) (_malloc_r)
c:/embedded/tools/bin/../lib/gcc/arm-none-eabi/7.3.1/../../../../arm-none-eabi/lib\libc_nano.a(lib_a-nano-reallocr.o)
                              c:/embedded/tools/bin/../lib/gcc/arm-none-eabi/7.3.1/../../../../arm-none-eabi/lib\libc_nano.a(lib_a-nano-svfprintf.o) (_realloc_r)
c:/embedded/tools/bin/../lib/gcc/arm-none-eabi/7.3.1/../../../../arm-none-eabi/lib\libc_nano.a(lib_a-sbrkr.o)
                              c:/embedded/tools/bin/../lib/gcc/arm-none-eabi/7.3.1/../../../../arm-none-eabi/lib\libc_nano.a(lib_a-nano-mallocr.o) (_sbrk_r)
c:/embedded/tools/bin/../lib/gcc/arm-none-eabi/7.3.1/../../../../arm-none-eabi/lib\libc_nano.a(lib_a-mlock.o)
                              c:/embedded/tools/bin/../lib/gcc/arm-none-eabi/7.3.1/../../../../arm-none-eabi/lib\libc_nano.a(lib_a-nano-freer.o) (__malloc_lock)
c:/embedded/tools/bin/../lib/gcc/arm-none-eabi/7.3.1/../../../../arm-none-eabi/lib\libc_nano.a(lib_a-nano-msizer.o)
                              c:/embedded/tools/bin/../lib/gcc/arm-none-eabi/7.3.1/../../../../arm-none-eabi/lib\libc_nano.a(lib_a-nano-reallocr.o) (_malloc_usable_size_r)
c:/embedded/tools/bin/../lib/gcc/arm-none-eabi/7.3.1/../../../../arm-none-eabi/lib\libc_nano.a(lib_a-reent.o)
                              c:/embedded/tools/bin/../lib/gcc/arm-none-eabi/7.3.1/../../../../arm-none-eabi/lib\libc_nano.a(lib_a-sbrkr.o) (errno)
c:/embedded/tools/bin/../lib/gcc/arm-none-eabi/7.3.1/../../../../arm-none-eabi/lib\libnosys.a(sbrk.o)
                              c:/embedded/tools/bin/../lib/gcc/arm-none-eabi/7.3.1/../../../../arm-none-eabi/lib\libc_nano.a(lib_a-sbrkr.o) (_sbrk)

Allocating common symbols
Common symbol       size              file

errno               0x4               c:/embedded/tools/bin/../lib/gcc/arm-none-eabi/7.3.1/../../../../arm-none-eabi/lib\libc_nano.a(lib_a-reent.o)
pHeapEnd            0x4               startup/libea_startup_thumb.a(framework.o)
pHeapStart          0x4               startup/libea_startup_thumb.a(framework.o)

Memory Configuration

Name             Origin             Length             Attributes
FLASH            0x00000000         0x00080000         xr
RAM              0x40000000         0x00008000         rw
*default*        0x00000000         0xffffffff

Linker script and memory map

LOAD main.o
LOAD i2c.o
LOAD lm75.o
LOAD additional.o
LOAD lcd.o
LOAD lcd_hw.o
LOAD pca9532.o
LOAD eeprom.o
LOAD htu21df.o
LOAD sound.o
LOAD rtc.o
LOAD startup/libea_startup_thumb.a
LOAD irq/irq_handler.a
LOAD c:/embedded/tools/bin/../lib/gcc/arm-none-eabi/7.3.1/../../../../arm-none-eabi/lib\libstdc++_nano.a
LOAD c:/embedded/tools/bin/../lib/gcc/arm-none-eabi/7.3.1/../../../../arm-none-eabi/lib\libm.a
START GROUP
LOAD c:/embedded/tools/bin/../lib/gcc/arm-none-eabi/7.3.1\libgcc.a
LOAD c:/embedded/tools/bin/../lib/gcc/arm-none-eabi/7.3.1/../../../../arm-none-eabi/lib\libc_nano.a
END GROUP
START GROUP
LOAD c:/embedded/tools/bin/../lib/gcc/arm-none-eabi/7.3.1\libgcc.a
LOAD c:/embedded/tools/bin/../lib/gcc/arm-none-eabi/7.3.1/../../../../arm-none-eabi/lib\libc_nano.a
LOAD c:/embedded/tools/bin/../lib/gcc/arm-none-eabi/7.3.1/../../../../arm-none-eabi/lib\libnosys.a
END GROUP
START GROUP
LOAD c:/embedded/tools/bin/../lib/gcc/arm-none-eabi/7.3.1\libgcc.a
LOAD c:/embedded/tools/bin/../lib/gcc/arm-none-eabi/7.3.1/../../../../arm-none-eabi/lib\libc_nano.a
LOAD c:/embedded/tools/bin/../lib/gcc/arm-none-eabi/7.3.1/../../../../arm-none-eabi/lib\libnosys.a
END GROUP

.text           0x00000000     0x3920
 *startup.o(.text)
 .text          0x00000000      0x1bc startup/libea_startup_thumb.a(startup.o)
                0x00000000                _startup
 *(.text)
 .text          0x000001bc      0x3b4 main.o
                0x000001bc                main
 .text          0x00000570      0x7a4 i2c.o
                0x00000570                i2cCheckStatus
                0x000005b0                i2cInit
                0x00000628                i2cStart
                0x000006ac                i2cRepeatStart
                0x00000738                i2cStop
                0x00000780                i2cPutChar
                0x000007e8                i2cGetChar
                0x00000888                i2cWrite
                0x00000a0e                i2cWaitTransmit
                0x00000a50                i2cWriteWithWait
                0x00000ac6                i2cMyWrite
                0x00000b96                i2cRead
 .text          0x00000d14      0x100 lm75.o
                0x00000d14                measureTemperature
                0x00000d3e                calculateTemperatureValue
 .text          0x00000e14      0x124 additional.o
                0x00000e14                udelay
                0x00000e6c                mdelay
                0x00000ed0                sdelay
 .text          0x00000f38      0x84c lcd.o
                0x00000f38                lcdInit
                0x00001034                lcdClrscr
                0x000010a0                lcdOff
                0x000010c4                lcdColor
                0x000010fc                lcdContrast
                0x00001130                lcdRect
                0x000011da                lcdRectBrd
                0x000012f2                lcdIcon
                0x00001410                lcdGotoxy
                0x00001458                lcdWindow
                0x00001564                lcdData
                0x0000169c                lcdPutchar
                0x00001710                lcdPuts
                0x0000173c                lcdWrcmd
                0x00001760                lcdWrdata
 .text          0x00001784      0x124 lcd_hw.o
                0x00001784                sendToLCD
                0x00001824                initSpiForLcd
                0x00001870                selectLCD
 .text          0x000018a8      0x304 pca9532.o
                0x000018a8                pca9532Init
                0x000018f4                setPca9532Pin
                0x00001a22                getPca9532Pin
                0x00001a62                blinkLeds
 .text          0x00001bac      0x714 eeprom.o
                0x00001bac                eepromPoll
                0x00001c6c                eepromStartRead
                0x00001e34                eepromPageRead
                0x00001f78                eepromWrite
                0x00002072                pca9532
 .text          0x000022c0      0x130 htu21df.o
                0x000022c0                calculateHumidity
                0x00002330                measureHumidity
 .text          0x000023f0       0xa8 sound.o
                0x000023f0                beep
 .text          0x00002498      0x1d8 rtc.o
                0x00002498                showTime
                0x00002618                setAlarm
 .text          0x00002670      0x45c startup/libea_startup_thumb.a(framework.o)
                0x000027c4                exceptionHandlerInit
                0x00002854                lowLevelInit
                0x00002a38                printf_init
 .text          0x00002acc      0xce8 startup/libea_startup_thumb.a(consol.o)
                0x00002e80                consolInit
                0x00002f18                consolSendChar
                0x00002f68                consolSendCh
                0x00002fac                consolSendString
                0x00002ff8                consolSendNumber
                0x00003224                simplePrintf
                0x00003264                consolGetCh
                0x000032a8                consolGetChar
                0x00003304                consolGetString
                0x000033b4                consolGetIntNum
                0x00003604                consolScanf
 .text          0x000037b4      0x114 c:/embedded/tools/bin/../lib/gcc/arm-none-eabi/7.3.1\libgcc.a(_udivsi3.o)
                0x000037b4                __aeabi_uidiv
                0x000037b4                __udivsi3
                0x000038a8                __aeabi_uidivmod
 .text          0x000038c8        0x4 c:/embedded/tools/bin/../lib/gcc/arm-none-eabi/7.3.1\libgcc.a(_dvmd_tls.o)
                0x000038c8                __aeabi_idiv0
                0x000038c8                __aeabi_ldiv0
 .text          0x000038cc        0x0 c:/embedded/tools/bin/../lib/gcc/arm-none-eabi/7.3.1/../../../../arm-none-eabi/lib\libc_nano.a(lib_a-atoi.o)
 .text          0x000038cc        0x0 c:/embedded/tools/bin/../lib/gcc/arm-none-eabi/7.3.1/../../../../arm-none-eabi/lib\libc_nano.a(lib_a-memset.o)
 .text          0x000038cc        0x0 c:/embedded/tools/bin/../lib/gcc/arm-none-eabi/7.3.1/../../../../arm-none-eabi/lib\libc_nano.a(lib_a-sprintf.o)
 .text          0x000038cc        0xe c:/embedded/tools/bin/../lib/gcc/arm-none-eabi/7.3.1/../../../../arm-none-eabi/lib\libc_nano.a(lib_a-strlen.o)
                0x000038cc                strlen
 .text          0x000038da        0x0 c:/embedded/tools/bin/../lib/gcc/arm-none-eabi/7.3.1/../../../../arm-none-eabi/lib\libc_nano.a(lib_a-strtol.o)
 .text          0x000038da        0x0 c:/embedded/tools/bin/../lib/gcc/arm-none-eabi/7.3.1/../../../../arm-none-eabi/lib\libc_nano.a(lib_a-impure.o)
 .text          0x000038da        0x0 c:/embedded/tools/bin/../lib/gcc/arm-none-eabi/7.3.1/../../../../arm-none-eabi/lib\libc_nano.a(lib_a-locale.o)
 .text          0x000038da        0x0 c:/embedded/tools/bin/../lib/gcc/arm-none-eabi/7.3.1/../../../../arm-none-eabi/lib\libc_nano.a(lib_a-mbtowc_r.o)
 .text          0x000038da        0x0 c:/embedded/tools/bin/../lib/gcc/arm-none-eabi/7.3.1/../../../../arm-none-eabi/lib\libc_nano.a(lib_a-nano-svfprintf.o)
 .text          0x000038da        0x0 c:/embedded/tools/bin/../lib/gcc/arm-none-eabi/7.3.1/../../../../arm-none-eabi/lib\libc_nano.a(lib_a-nano-vfprintf_i.o)
 *fill*         0x000038da        0x2 00000000
 .text          0x000038dc       0x1c c:/embedded/tools/bin/../lib/gcc/arm-none-eabi/7.3.1/../../../../arm-none-eabi/lib\libc_nano.a(lib_a-strcmp.o)
                0x000038dc                strcmp
 .text          0x000038f8        0x0 c:/embedded/tools/bin/../lib/gcc/arm-none-eabi/7.3.1/../../../../arm-none-eabi/lib\libc_nano.a(lib_a-wctomb_r.o)
 .text          0x000038f8        0x0 c:/embedded/tools/bin/../lib/gcc/arm-none-eabi/7.3.1/../../../../arm-none-eabi/lib\libc_nano.a(lib_a-ctype_.o)
 .text          0x000038f8        0x0 c:/embedded/tools/bin/../lib/gcc/arm-none-eabi/7.3.1/../../../../arm-none-eabi/lib\libc_nano.a(lib_a-memchr-stub.o)
 .text          0x000038f8        0x0 c:/embedded/tools/bin/../lib/gcc/arm-none-eabi/7.3.1/../../../../arm-none-eabi/lib\libc_nano.a(lib_a-memcpy-stub.o)
 .text          0x000038f8        0x0 c:/embedded/tools/bin/../lib/gcc/arm-none-eabi/7.3.1/../../../../arm-none-eabi/lib\libc_nano.a(lib_a-memmove.o)
 .text          0x000038f8        0x0 c:/embedded/tools/bin/../lib/gcc/arm-none-eabi/7.3.1/../../../../arm-none-eabi/lib\libc_nano.a(lib_a-nano-freer.o)
 .text          0x000038f8        0x0 c:/embedded/tools/bin/../lib/gcc/arm-none-eabi/7.3.1/../../../../arm-none-eabi/lib\libc_nano.a(lib_a-nano-mallocr.o)
 .text          0x000038f8        0x0 c:/embedded/tools/bin/../lib/gcc/arm-none-eabi/7.3.1/../../../../arm-none-eabi/lib\libc_nano.a(lib_a-nano-reallocr.o)
 .text          0x000038f8        0x0 c:/embedded/tools/bin/../lib/gcc/arm-none-eabi/7.3.1/../../../../arm-none-eabi/lib\libc_nano.a(lib_a-sbrkr.o)
 .text          0x000038f8        0x0 c:/embedded/tools/bin/../lib/gcc/arm-none-eabi/7.3.1/../../../../arm-none-eabi/lib\libc_nano.a(lib_a-mlock.o)
 .text          0x000038f8        0x0 c:/embedded/tools/bin/../lib/gcc/arm-none-eabi/7.3.1/../../../../arm-none-eabi/lib\libc_nano.a(lib_a-nano-msizer.o)
 .text          0x000038f8        0x0 c:/embedded/tools/bin/../lib/gcc/arm-none-eabi/7.3.1/../../../../arm-none-eabi/lib\libc_nano.a(lib_a-reent.o)
 .text          0x000038f8        0x0 c:/embedded/tools/bin/../lib/gcc/arm-none-eabi/7.3.1/../../../../arm-none-eabi/lib\libnosys.a(sbrk.o)
 .text.__stub   0x000038f8       0x24 linker stubs
 *(.glue_7)
 .glue_7        0x00003920        0x0 linker stubs
 *(.glue_7t)
 .glue_7t       0x00003920        0x0 linker stubs

.vfp11_veneer   0x00003920        0x0
 .vfp11_veneer  0x00003920        0x0 linker stubs

.v4_bx          0x00003920        0x0
 .v4_bx         0x00003920        0x0 linker stubs

.iplt           0x00003920        0x0
 .iplt          0x00003920        0x0 main.o

.text.atoi      0x00003920       0x18
 .text.atoi     0x00003920       0x18 c:/embedded/tools/bin/../lib/gcc/arm-none-eabi/7.3.1/../../../../arm-none-eabi/lib\libc_nano.a(lib_a-atoi.o)
                0x00003920                atoi

.text._atoi_r   0x00003938       0x18
 .text._atoi_r  0x00003938       0x18 c:/embedded/tools/bin/../lib/gcc/arm-none-eabi/7.3.1/../../../../arm-none-eabi/lib\libc_nano.a(lib_a-atoi.o)
                0x00003938                _atoi_r

.text.memset    0x00003950       0x18
 .text.memset   0x00003950       0x18 c:/embedded/tools/bin/../lib/gcc/arm-none-eabi/7.3.1/../../../../arm-none-eabi/lib\libc_nano.a(lib_a-memset.o)
                0x00003950                memset

.text._sprintf_r
                0x00003968       0x5c
 .text._sprintf_r
                0x00003968       0x5c c:/embedded/tools/bin/../lib/gcc/arm-none-eabi/7.3.1/../../../../arm-none-eabi/lib\libc_nano.a(lib_a-sprintf.o)
                0x00003968                _sprintf_r
                0x00003968                _siprintf_r

.text.sprintf   0x000039c4       0x68
 .text.sprintf  0x000039c4       0x68 c:/embedded/tools/bin/../lib/gcc/arm-none-eabi/7.3.1/../../../../arm-none-eabi/lib\libc_nano.a(lib_a-sprintf.o)
                0x000039c4                siprintf
                0x000039c4                sprintf

.text._strtol_l.isra.0
                0x00003a2c      0x18c
 .text._strtol_l.isra.0
                0x00003a2c      0x18c c:/embedded/tools/bin/../lib/gcc/arm-none-eabi/7.3.1/../../../../arm-none-eabi/lib\libc_nano.a(lib_a-strtol.o)

.text._strtol_r
                0x00003bb8       0x38
 .text._strtol_r
                0x00003bb8       0x38 c:/embedded/tools/bin/../lib/gcc/arm-none-eabi/7.3.1/../../../../arm-none-eabi/lib\libc_nano.a(lib_a-strtol.o)
                0x00003bb8                _strtol_r

.text.strtol_l  0x00003bf0       0x30
 .text.strtol_l
                0x00003bf0       0x30 c:/embedded/tools/bin/../lib/gcc/arm-none-eabi/7.3.1/../../../../arm-none-eabi/lib\libc_nano.a(lib_a-strtol.o)
                0x00003bf0                strtol_l

.text.strtol    0x00003c20       0x48
 .text.strtol   0x00003c20       0x48 c:/embedded/tools/bin/../lib/gcc/arm-none-eabi/7.3.1/../../../../arm-none-eabi/lib\libc_nano.a(lib_a-strtol.o)
                0x00003c20                strtol

.text._setlocale_r
                0x00003c68       0x64
 .text._setlocale_r
                0x00003c68       0x64 c:/embedded/tools/bin/../lib/gcc/arm-none-eabi/7.3.1/../../../../arm-none-eabi/lib\libc_nano.a(lib_a-locale.o)
                0x00003c68                _setlocale_r

.text.__locale_mb_cur_max
                0x00003ccc       0x28
 .text.__locale_mb_cur_max
                0x00003ccc       0x28 c:/embedded/tools/bin/../lib/gcc/arm-none-eabi/7.3.1/../../../../arm-none-eabi/lib\libc_nano.a(lib_a-locale.o)
                0x00003ccc                __locale_mb_cur_max

.text.__locale_ctype_ptr_l
                0x00003cf4        0x8
 .text.__locale_ctype_ptr_l
                0x00003cf4        0x8 c:/embedded/tools/bin/../lib/gcc/arm-none-eabi/7.3.1/../../../../arm-none-eabi/lib\libc_nano.a(lib_a-locale.o)
                0x00003cf4                __locale_ctype_ptr_l

.text.__locale_ctype_ptr
                0x00003cfc       0x28
 .text.__locale_ctype_ptr
                0x00003cfc       0x28 c:/embedded/tools/bin/../lib/gcc/arm-none-eabi/7.3.1/../../../../arm-none-eabi/lib\libc_nano.a(lib_a-locale.o)
                0x00003cfc                __locale_ctype_ptr

.text.setlocale
                0x00003d24       0x18
 .text.setlocale
                0x00003d24       0x18 c:/embedded/tools/bin/../lib/gcc/arm-none-eabi/7.3.1/../../../../arm-none-eabi/lib\libc_nano.a(lib_a-locale.o)
                0x00003d24                setlocale

.text._mbtowc_r
                0x00003d3c       0x34
 .text._mbtowc_r
                0x00003d3c       0x34 c:/embedded/tools/bin/../lib/gcc/arm-none-eabi/7.3.1/../../../../arm-none-eabi/lib\libc_nano.a(lib_a-mbtowc_r.o)
                0x00003d3c                _mbtowc_r

.text.__ascii_mbtowc
                0x00003d70       0x40
 .text.__ascii_mbtowc
                0x00003d70       0x40 c:/embedded/tools/bin/../lib/gcc/arm-none-eabi/7.3.1/../../../../arm-none-eabi/lib\libc_nano.a(lib_a-mbtowc_r.o)
                0x00003d70                __ascii_mbtowc

.text.__ssputs_r
                0x00003db0      0x124
 .text.__ssputs_r
                0x00003db0      0x124 c:/embedded/tools/bin/../lib/gcc/arm-none-eabi/7.3.1/../../../../arm-none-eabi/lib\libc_nano.a(lib_a-nano-svfprintf.o)
                0x00003db0                __ssputs_r

.text.__ssprint_r
                0x00003ed4      0x184
 .text.__ssprint_r
                0x00003ed4      0x184 c:/embedded/tools/bin/../lib/gcc/arm-none-eabi/7.3.1/../../../../arm-none-eabi/lib\libc_nano.a(lib_a-nano-svfprintf.o)
                0x00003ed4                __ssprint_r

.text._svfprintf_r
                0x00004058      0x340
 .text._svfprintf_r
                0x00004058      0x340 c:/embedded/tools/bin/../lib/gcc/arm-none-eabi/7.3.1/../../../../arm-none-eabi/lib\libc_nano.a(lib_a-nano-svfprintf.o)
                0x00004058                _svfiprintf_r
                0x00004058                _svfprintf_r

.text._printf_common
                0x00004398      0x174
 .text._printf_common
                0x00004398      0x174 c:/embedded/tools/bin/../lib/gcc/arm-none-eabi/7.3.1/../../../../arm-none-eabi/lib\libc_nano.a(lib_a-nano-vfprintf_i.o)
                0x00004398                _printf_common

.text._printf_i
                0x0000450c      0x394
 .text._printf_i
                0x0000450c      0x394 c:/embedded/tools/bin/../lib/gcc/arm-none-eabi/7.3.1/../../../../arm-none-eabi/lib\libc_nano.a(lib_a-nano-vfprintf_i.o)
                0x0000450c                _printf_i

.text._wctomb_r
                0x000048a0       0x34
 .text._wctomb_r
                0x000048a0       0x34 c:/embedded/tools/bin/../lib/gcc/arm-none-eabi/7.3.1/../../../../arm-none-eabi/lib\libc_nano.a(lib_a-wctomb_r.o)
                0x000048a0                _wctomb_r

.text.__ascii_wctomb
                0x000048d4       0x2c
 .text.__ascii_wctomb
                0x000048d4       0x2c c:/embedded/tools/bin/../lib/gcc/arm-none-eabi/7.3.1/../../../../arm-none-eabi/lib\libc_nano.a(lib_a-wctomb_r.o)
                0x000048d4                __ascii_wctomb

.text.memchr    0x00004900       0x30
 .text.memchr   0x00004900       0x30 c:/embedded/tools/bin/../lib/gcc/arm-none-eabi/7.3.1/../../../../arm-none-eabi/lib\libc_nano.a(lib_a-memchr-stub.o)
                0x00004900                memchr

.text.memcpy    0x00004930       0x1c
 .text.memcpy   0x00004930       0x1c c:/embedded/tools/bin/../lib/gcc/arm-none-eabi/7.3.1/../../../../arm-none-eabi/lib\libc_nano.a(lib_a-memcpy-stub.o)
                0x00004930                memcpy

.text.memmove   0x0000494c       0x48
 .text.memmove  0x0000494c       0x48 c:/embedded/tools/bin/../lib/gcc/arm-none-eabi/7.3.1/../../../../arm-none-eabi/lib\libc_nano.a(lib_a-memmove.o)
                0x0000494c                memmove

.text._free_r   0x00004994      0x114
 .text._free_r  0x00004994      0x114 c:/embedded/tools/bin/../lib/gcc/arm-none-eabi/7.3.1/../../../../arm-none-eabi/lib\libc_nano.a(lib_a-nano-freer.o)
                0x00004994                _free_r

.text._malloc_r
                0x00004aa8      0x138
 .text._malloc_r
                0x00004aa8      0x138 c:/embedded/tools/bin/../lib/gcc/arm-none-eabi/7.3.1/../../../../arm-none-eabi/lib\libc_nano.a(lib_a-nano-mallocr.o)
                0x00004aa8                _malloc_r

.text._realloc_r
                0x00004be0       0x80
 .text._realloc_r
                0x00004be0       0x80 c:/embedded/tools/bin/../lib/gcc/arm-none-eabi/7.3.1/../../../../arm-none-eabi/lib\libc_nano.a(lib_a-nano-reallocr.o)
                0x00004be0                _realloc_r

.text._sbrk_r   0x00004c60       0x3c
 .text._sbrk_r  0x00004c60       0x3c c:/embedded/tools/bin/../lib/gcc/arm-none-eabi/7.3.1/../../../../arm-none-eabi/lib\libc_nano.a(lib_a-sbrkr.o)
                0x00004c60                _sbrk_r

.text.__malloc_lock
                0x00004c9c        0x4
 .text.__malloc_lock
                0x00004c9c        0x4 c:/embedded/tools/bin/../lib/gcc/arm-none-eabi/7.3.1/../../../../arm-none-eabi/lib\libc_nano.a(lib_a-mlock.o)
                0x00004c9c                __malloc_lock

.text.__malloc_unlock
                0x00004ca0        0x4
 .text.__malloc_unlock
                0x00004ca0        0x4 c:/embedded/tools/bin/../lib/gcc/arm-none-eabi/7.3.1/../../../../arm-none-eabi/lib\libc_nano.a(lib_a-mlock.o)
                0x00004ca0                __malloc_unlock

.text._malloc_usable_size_r
                0x00004ca4       0x18
 .text._malloc_usable_size_r
                0x00004ca4       0x18 c:/embedded/tools/bin/../lib/gcc/arm-none-eabi/7.3.1/../../../../arm-none-eabi/lib\libc_nano.a(lib_a-nano-msizer.o)
                0x00004ca4                _malloc_usable_size_r

.text.cleanup_glue
                0x00004cbc       0x2c
 .text.cleanup_glue
                0x00004cbc       0x2c c:/embedded/tools/bin/../lib/gcc/arm-none-eabi/7.3.1/../../../../arm-none-eabi/lib\libc_nano.a(lib_a-reent.o)
                0x00004cbc                cleanup_glue

.text._reclaim_reent
                0x00004ce8      0x148
 .text._reclaim_reent
                0x00004ce8      0x148 c:/embedded/tools/bin/../lib/gcc/arm-none-eabi/7.3.1/../../../../arm-none-eabi/lib\libc_nano.a(lib_a-reent.o)
                0x00004ce8                _reclaim_reent

.text._sbrk     0x00004e30       0x2c
 .text._sbrk    0x00004e30       0x2c c:/embedded/tools/bin/../lib/gcc/arm-none-eabi/7.3.1/../../../../arm-none-eabi/lib\libnosys.a(sbrk.o)
                0x00004e30                _sbrk
                0x00004e5c                . = ALIGN (0x4)

.rodata         0x00004e5c     0x294e
 *(.rodata)
 .rodata        0x00004e5c       0x2f main.o
 *fill*         0x00004e8b        0x1 
 .rodata        0x00004e8c        0x3 lm75.o
 *fill*         0x00004e8f        0x1 
 .rodata        0x00004e90      0x55c lcd.o
                0x00004e90                charMap
 .rodata        0x000053ec        0x9 pca9532.o
 *fill*         0x000053f5        0x3 
 .rodata        0x000053f8     0x2198 sound.o
                0x000053f8                myArray
 .rodata        0x00007590        0x6 rtc.o
 *fill*         0x00007596        0x2 
 .rodata        0x00007598       0xb6 startup/libea_startup_thumb.a(framework.o)
 *fill*         0x0000764e        0x2 
 .rodata        0x00007650       0x18 startup/libea_startup_thumb.a(consol.o)
 *(.rodata*)
 .rodata._global_impure_ptr
                0x00007668        0x4 c:/embedded/tools/bin/../lib/gcc/arm-none-eabi/7.3.1/../../../../arm-none-eabi/lib\libc_nano.a(lib_a-impure.o)
                0x00007668                _global_impure_ptr
 .rodata._setlocale_r.str1.1
                0x0000766c        0x8 c:/embedded/tools/bin/../lib/gcc/arm-none-eabi/7.3.1/../../../../arm-none-eabi/lib\libc_nano.a(lib_a-locale.o)
                                  0x9 (size before relaxing)
 .rodata.str1.1
                0x00007674        0x2 c:/embedded/tools/bin/../lib/gcc/arm-none-eabi/7.3.1/../../../../arm-none-eabi/lib\libc_nano.a(lib_a-locale.o)
 .rodata._svfprintf_r.str1.1
                0x00007676       0x11 c:/embedded/tools/bin/../lib/gcc/arm-none-eabi/7.3.1/../../../../arm-none-eabi/lib\libc_nano.a(lib_a-nano-svfprintf.o)
 .rodata._printf_i.str1.1
                0x00007687       0x22 c:/embedded/tools/bin/../lib/gcc/arm-none-eabi/7.3.1/../../../../arm-none-eabi/lib\libc_nano.a(lib_a-nano-vfprintf_i.o)
 .rodata._ctype_
                0x000076a9      0x101 c:/embedded/tools/bin/../lib/gcc/arm-none-eabi/7.3.1/../../../../arm-none-eabi/lib\libc_nano.a(lib_a-ctype_.o)
                0x000076a9                _ctype_

.rel.dyn        0x000077ac        0x0
 .rel.iplt      0x000077ac        0x0 main.o
                0x000077ac                . = ALIGN (0x4)
                0x000077ac                _etext = .
                [!provide]                PROVIDE (etext = .)

.data           0x40000080       0x10 load address 0x000077ac
                0x40000080                _data = .
 *(.data)
 .data          0x40000080        0x0 main.o
 .data          0x40000080        0x0 i2c.o
 .data          0x40000080        0x0 lm75.o
 .data          0x40000080        0x0 additional.o
 .data          0x40000080        0x0 lcd.o
 .data          0x40000080        0x0 lcd_hw.o
 .data          0x40000080        0x0 pca9532.o
 .data          0x40000080        0x0 eeprom.o
 .data          0x40000080        0x0 htu21df.o
 .data          0x40000080        0x0 sound.o
 .data          0x40000080        0x0 rtc.o
 .data          0x40000080        0x0 startup/libea_startup_thumb.a(framework.o)
 .data          0x40000080        0x0 startup/libea_startup_thumb.a(startup.o)
 .data          0x40000080       0x10 startup/libea_startup_thumb.a(consol.o)
 .data          0x40000090        0x0 c:/embedded/tools/bin/../lib/gcc/arm-none-eabi/7.3.1\libgcc.a(_udivsi3.o)
 .data          0x40000090        0x0 c:/embedded/tools/bin/../lib/gcc/arm-none-eabi/7.3.1\libgcc.a(_dvmd_tls.o)
 .data          0x40000090        0x0 c:/embedded/tools/bin/../lib/gcc/arm-none-eabi/7.3.1/../../../../arm-none-eabi/lib\libc_nano.a(lib_a-atoi.o)
 .data          0x40000090        0x0 c:/embedded/tools/bin/../lib/gcc/arm-none-eabi/7.3.1/../../../../arm-none-eabi/lib\libc_nano.a(lib_a-memset.o)
 .data          0x40000090        0x0 c:/embedded/tools/bin/../lib/gcc/arm-none-eabi/7.3.1/../../../../arm-none-eabi/lib\libc_nano.a(lib_a-sprintf.o)
 .data          0x40000090        0x0 c:/embedded/tools/bin/../lib/gcc/arm-none-eabi/7.3.1/../../../../arm-none-eabi/lib\libc_nano.a(lib_a-strlen.o)
 .data          0x40000090        0x0 c:/embedded/tools/bin/../lib/gcc/arm-none-eabi/7.3.1/../../../../arm-none-eabi/lib\libc_nano.a(lib_a-strtol.o)
 .data          0x40000090        0x0 c:/embedded/tools/bin/../lib/gcc/arm-none-eabi/7.3.1/../../../../arm-none-eabi/lib\libc_nano.a(lib_a-impure.o)
 .data          0x40000090        0x0 c:/embedded/tools/bin/../lib/gcc/arm-none-eabi/7.3.1/../../../../arm-none-eabi/lib\libc_nano.a(lib_a-locale.o)
 .data          0x40000090        0x0 c:/embedded/tools/bin/../lib/gcc/arm-none-eabi/7.3.1/../../../../arm-none-eabi/lib\libc_nano.a(lib_a-mbtowc_r.o)
 .data          0x40000090        0x0 c:/embedded/tools/bin/../lib/gcc/arm-none-eabi/7.3.1/../../../../arm-none-eabi/lib\libc_nano.a(lib_a-nano-svfprintf.o)
 .data          0x40000090        0x0 c:/embedded/tools/bin/../lib/gcc/arm-none-eabi/7.3.1/../../../../arm-none-eabi/lib\libc_nano.a(lib_a-nano-vfprintf_i.o)
 .data          0x40000090        0x0 c:/embedded/tools/bin/../lib/gcc/arm-none-eabi/7.3.1/../../../../arm-none-eabi/lib\libc_nano.a(lib_a-strcmp.o)
 .data          0x40000090        0x0 c:/embedded/tools/bin/../lib/gcc/arm-none-eabi/7.3.1/../../../../arm-none-eabi/lib\libc_nano.a(lib_a-wctomb_r.o)
 .data          0x40000090        0x0 c:/embedded/tools/bin/../lib/gcc/arm-none-eabi/7.3.1/../../../../arm-none-eabi/lib\libc_nano.a(lib_a-ctype_.o)
 .data          0x40000090        0x0 c:/embedded/tools/bin/../lib/gcc/arm-none-eabi/7.3.1/../../../../arm-none-eabi/lib\libc_nano.a(lib_a-memchr-stub.o)
 .data          0x40000090        0x0 c:/embedded/tools/bin/../lib/gcc/arm-none-eabi/7.3.1/../../../../arm-none-eabi/lib\libc_nano.a(lib_a-memcpy-stub.o)
 .data          0x40000090        0x0 c:/embedded/tools/bin/../lib/gcc/arm-none-eabi/7.3.1/../../../../arm-none-eabi/lib\libc_nano.a(lib_a-memmove.o)
 .data          0x40000090        0x0 c:/embedded/tools/bin/../lib/gcc/arm-none-eabi/7.3.1/../../../../arm-none-eabi/lib\libc_nano.a(lib_a-nano-freer.o)
 .data          0x40000090        0x0 c:/embedded/tools/bin/../lib/gcc/arm-none-eabi/7.3.1/../../../../arm-none-eabi/lib\libc_nano.a(lib_a-nano-mallocr.o)
 .data          0x40000090        0x0 c:/embedded/tools/bin/../lib/gcc/arm-none-eabi/7.3.1/../../../../arm-none-eabi/lib\libc_nano.a(lib_a-nano-reallocr.o)
 .data          0x40000090        0x0 c:/embedded/tools/bin/../lib/gcc/arm-none-eabi/7.3.1/../../../../arm-none-eabi/lib\libc_nano.a(lib_a-sbrkr.o)
 .data          0x40000090        0x0 c:/embedded/tools/bin/../lib/gcc/arm-none-eabi/7.3.1/../../../../arm-none-eabi/lib\libc_nano.a(lib_a-mlock.o)
 .data          0x40000090        0x0 c:/embedded/tools/bin/../lib/gcc/arm-none-eabi/7.3.1/../../../../arm-none-eabi/lib\libc_nano.a(lib_a-nano-msizer.o)
 .data          0x40000090        0x0 c:/embedded/tools/bin/../lib/gcc/arm-none-eabi/7.3.1/../../../../arm-none-eabi/lib\libc_nano.a(lib_a-reent.o)
 .data          0x40000090        0x0 c:/embedded/tools/bin/../lib/gcc/arm-none-eabi/7.3.1/../../../../arm-none-eabi/lib\libnosys.a(sbrk.o)

.igot.plt       0x40000090        0x0 load address 0x000077bc
 .igot.plt      0x40000090        0x0 main.o

.data._impure_ptr
                0x40000090        0x4 load address 0x000077bc
 .data._impure_ptr
                0x40000090        0x4 c:/embedded/tools/bin/../lib/gcc/arm-none-eabi/7.3.1/../../../../arm-none-eabi/lib\libc_nano.a(lib_a-impure.o)
                0x40000090                _impure_ptr

.data.impure_data
                0x40000094       0x60 load address 0x000077c0
 .data.impure_data
                0x40000094       0x60 c:/embedded/tools/bin/../lib/gcc/arm-none-eabi/7.3.1/../../../../arm-none-eabi/lib\libc_nano.a(lib_a-impure.o)

.data.__global_locale
                0x400000f4      0x16c load address 0x00007820
 .data.__global_locale
                0x400000f4      0x16c c:/embedded/tools/bin/../lib/gcc/arm-none-eabi/7.3.1/../../../../arm-none-eabi/lib\libc_nano.a(lib_a-locale.o)
                0x400000f4                __global_locale
                0x40000260                . = ALIGN (0x4)
                0x40000260                _edata = .
                [!provide]                PROVIDE (edata = .)

.bss            0x40000260       0x14 load address 0x0000798c
                0x40000260                _bss = .
                0x40000260                __bss_start = .
                0x40000260                __bss_start__ = .
 *(.bss)
 .bss           0x40000260        0x0 main.o
 .bss           0x40000260        0x0 i2c.o
 .bss           0x40000260        0x0 lm75.o
 .bss           0x40000260        0x0 additional.o
 .bss           0x40000260        0x5 lcd.o
 .bss           0x40000265        0x0 lcd_hw.o
 .bss           0x40000265        0x0 pca9532.o
 .bss           0x40000265        0x0 eeprom.o
 .bss           0x40000265        0x0 htu21df.o
 .bss           0x40000265        0x0 sound.o
 .bss           0x40000265        0x0 rtc.o
 .bss           0x40000265        0x0 startup/libea_startup_thumb.a(framework.o)
 .bss           0x40000265        0x0 startup/libea_startup_thumb.a(startup.o)
 .bss           0x40000265        0x0 startup/libea_startup_thumb.a(consol.o)
 .bss           0x40000265        0x0 c:/embedded/tools/bin/../lib/gcc/arm-none-eabi/7.3.1\libgcc.a(_udivsi3.o)
 .bss           0x40000265        0x0 c:/embedded/tools/bin/../lib/gcc/arm-none-eabi/7.3.1\libgcc.a(_dvmd_tls.o)
 .bss           0x40000265        0x0 c:/embedded/tools/bin/../lib/gcc/arm-none-eabi/7.3.1/../../../../arm-none-eabi/lib\libc_nano.a(lib_a-atoi.o)
 .bss           0x40000265        0x0 c:/embedded/tools/bin/../lib/gcc/arm-none-eabi/7.3.1/../../../../arm-none-eabi/lib\libc_nano.a(lib_a-memset.o)
 .bss           0x40000265        0x0 c:/embedded/tools/bin/../lib/gcc/arm-none-eabi/7.3.1/../../../../arm-none-eabi/lib\libc_nano.a(lib_a-sprintf.o)
 .bss           0x40000265        0x0 c:/embedded/tools/bin/../lib/gcc/arm-none-eabi/7.3.1/../../../../arm-none-eabi/lib\libc_nano.a(lib_a-strlen.o)
 .bss           0x40000265        0x0 c:/embedded/tools/bin/../lib/gcc/arm-none-eabi/7.3.1/../../../../arm-none-eabi/lib\libc_nano.a(lib_a-strtol.o)
 .bss           0x40000265        0x0 c:/embedded/tools/bin/../lib/gcc/arm-none-eabi/7.3.1/../../../../arm-none-eabi/lib\libc_nano.a(lib_a-impure.o)
 .bss           0x40000265        0x0 c:/embedded/tools/bin/../lib/gcc/arm-none-eabi/7.3.1/../../../../arm-none-eabi/lib\libc_nano.a(lib_a-locale.o)
 .bss           0x40000265        0x0 c:/embedded/tools/bin/../lib/gcc/arm-none-eabi/7.3.1/../../../../arm-none-eabi/lib\libc_nano.a(lib_a-mbtowc_r.o)
 .bss           0x40000265        0x0 c:/embedded/tools/bin/../lib/gcc/arm-none-eabi/7.3.1/../../../../arm-none-eabi/lib\libc_nano.a(lib_a-nano-svfprintf.o)
 .bss           0x40000265        0x0 c:/embedded/tools/bin/../lib/gcc/arm-none-eabi/7.3.1/../../../../arm-none-eabi/lib\libc_nano.a(lib_a-nano-vfprintf_i.o)
 .bss           0x40000265        0x0 c:/embedded/tools/bin/../lib/gcc/arm-none-eabi/7.3.1/../../../../arm-none-eabi/lib\libc_nano.a(lib_a-strcmp.o)
 .bss           0x40000265        0x0 c:/embedded/tools/bin/../lib/gcc/arm-none-eabi/7.3.1/../../../../arm-none-eabi/lib\libc_nano.a(lib_a-wctomb_r.o)
 .bss           0x40000265        0x0 c:/embedded/tools/bin/../lib/gcc/arm-none-eabi/7.3.1/../../../../arm-none-eabi/lib\libc_nano.a(lib_a-ctype_.o)
 .bss           0x40000265        0x0 c:/embedded/tools/bin/../lib/gcc/arm-none-eabi/7.3.1/../../../../arm-none-eabi/lib\libc_nano.a(lib_a-memchr-stub.o)
 .bss           0x40000265        0x0 c:/embedded/tools/bin/../lib/gcc/arm-none-eabi/7.3.1/../../../../arm-none-eabi/lib\libc_nano.a(lib_a-memcpy-stub.o)
 .bss           0x40000265        0x0 c:/embedded/tools/bin/../lib/gcc/arm-none-eabi/7.3.1/../../../../arm-none-eabi/lib\libc_nano.a(lib_a-memmove.o)
 .bss           0x40000265        0x0 c:/embedded/tools/bin/../lib/gcc/arm-none-eabi/7.3.1/../../../../arm-none-eabi/lib\libc_nano.a(lib_a-nano-freer.o)
 .bss           0x40000265        0x0 c:/embedded/tools/bin/../lib/gcc/arm-none-eabi/7.3.1/../../../../arm-none-eabi/lib\libc_nano.a(lib_a-nano-mallocr.o)
 .bss           0x40000265        0x0 c:/embedded/tools/bin/../lib/gcc/arm-none-eabi/7.3.1/../../../../arm-none-eabi/lib\libc_nano.a(lib_a-nano-reallocr.o)
 .bss           0x40000265        0x0 c:/embedded/tools/bin/../lib/gcc/arm-none-eabi/7.3.1/../../../../arm-none-eabi/lib\libc_nano.a(lib_a-sbrkr.o)
 .bss           0x40000265        0x0 c:/embedded/tools/bin/../lib/gcc/arm-none-eabi/7.3.1/../../../../arm-none-eabi/lib\libc_nano.a(lib_a-mlock.o)
 .bss           0x40000265        0x0 c:/embedded/tools/bin/../lib/gcc/arm-none-eabi/7.3.1/../../../../arm-none-eabi/lib\libc_nano.a(lib_a-nano-msizer.o)
 .bss           0x40000265        0x0 c:/embedded/tools/bin/../lib/gcc/arm-none-eabi/7.3.1/../../../../arm-none-eabi/lib\libc_nano.a(lib_a-reent.o)
 .bss           0x40000265        0x0 c:/embedded/tools/bin/../lib/gcc/arm-none-eabi/7.3.1/../../../../arm-none-eabi/lib\libnosys.a(sbrk.o)
 *(COMMON)
 COMMON         0x40000265        0x0 main.o
 *fill*         0x40000265        0x3 
 COMMON         0x40000268        0x8 startup/libea_startup_thumb.a(framework.o)
                0x40000268                pHeapEnd
                0x4000026c                pHeapStart
 COMMON         0x40000270        0x4 c:/embedded/tools/bin/../lib/gcc/arm-none-eabi/7.3.1/../../../../arm-none-eabi/lib\libc_nano.a(lib_a-reent.o)
                0x40000270                errno
                0x40000274                . = ALIGN (0x4)
                0x40000274                . = ALIGN (0x4)
                0x40000274                __bss_end = .
                0x40000274                __bss_end__ = .
                0x40000274                _end = .
                0x40000274                PROVIDE (end = .)

.bss._PathLocale
                0x40000274        0x4 load address 0x000079a0
 .bss._PathLocale
                0x40000274        0x4 c:/embedded/tools/bin/../lib/gcc/arm-none-eabi/7.3.1/../../../../arm-none-eabi/lib\libc_nano.a(lib_a-locale.o)
                0x40000274                _PathLocale

.bss.__malloc_free_list
                0x40000278        0x4 load address 0x000079a4
 .bss.__malloc_free_list
                0x40000278        0x4 c:/embedded/tools/bin/../lib/gcc/arm-none-eabi/7.3.1/../../../../arm-none-eabi/lib\libc_nano.a(lib_a-nano-mallocr.o)
                0x40000278                __malloc_free_list

.bss.__malloc_sbrk_start
                0x4000027c        0x4 load address 0x000079a8
 .bss.__malloc_sbrk_start
                0x4000027c        0x4 c:/embedded/tools/bin/../lib/gcc/arm-none-eabi/7.3.1/../../../../arm-none-eabi/lib\libc_nano.a(lib_a-nano-mallocr.o)
                0x4000027c                __malloc_sbrk_start

.bss.heap_end.4102
                0x40000280        0x4 load address 0x000079ac
 .bss.heap_end.4102
                0x40000280        0x4 c:/embedded/tools/bin/../lib/gcc/arm-none-eabi/7.3.1/../../../../arm-none-eabi/lib\libnosys.a(sbrk.o)

.stab           0x00000000      0x3b4
 *(.stab)
 .stab          0x00000000      0x3b4 startup/libea_startup_thumb.a(startup.o)

.stabstr        0x00000000       0x51
 *(.stabstr)
 .stabstr       0x00000000       0x51 startup/libea_startup_thumb.a(startup.o)

.stab.excl
 *(.stab.excl)

.stab.exclstr
 *(.stab.exclstr)

.stab.index
 *(.stab.index)

.stab.indexstr
 *(.stab.indexstr)

.comment        0x00000000       0x7f
 *(.comment)
 .comment       0x00000000       0x7f main.o
                                 0x80 (size before relaxing)
 .comment       0x0000007f       0x80 i2c.o
 .comment       0x0000007f       0x80 lm75.o
 .comment       0x0000007f       0x80 additional.o
 .comment       0x0000007f       0x80 lcd.o
 .comment       0x0000007f       0x80 lcd_hw.o
 .comment       0x0000007f       0x80 pca9532.o
 .comment       0x0000007f       0x80 eeprom.o
 .comment       0x0000007f       0x80 htu21df.o
 .comment       0x0000007f       0x80 sound.o
 .comment       0x0000007f       0x80 rtc.o
 .comment       0x0000007f       0x80 startup/libea_startup_thumb.a(framework.o)
 .comment       0x0000007f       0x80 startup/libea_startup_thumb.a(consol.o)

.ARM.attributes
                0x00000000       0x2e
 .ARM.attributes
                0x00000000       0x30 main.o
 .ARM.attributes
                0x00000030       0x30 i2c.o
 .ARM.attributes
                0x00000060       0x30 lm75.o
 .ARM.attributes
                0x00000090       0x30 additional.o
 .ARM.attributes
                0x000000c0       0x30 lcd.o
 .ARM.attributes
                0x000000f0       0x30 lcd_hw.o
 .ARM.attributes
                0x00000120       0x30 pca9532.o
 .ARM.attributes
                0x00000150       0x30 eeprom.o
 .ARM.attributes
                0x00000180       0x30 htu21df.o
 .ARM.attributes
                0x000001b0       0x30 sound.o
 .ARM.attributes
                0x000001e0       0x30 rtc.o
 .ARM.attributes
                0x00000210       0x30 startup/libea_startup_thumb.a(framework.o)
 .ARM.attributes
                0x00000240       0x20 startup/libea_startup_thumb.a(startup.o)
 .ARM.attributes
                0x00000260       0x30 startup/libea_startup_thumb.a(consol.o)
 .ARM.attributes
                0x00000290       0x18 c:/embedded/tools/bin/../lib/gcc/arm-none-eabi/7.3.1\libgcc.a(_udivsi3.o)
 .ARM.attributes
                0x000002a8       0x18 c:/embedded/tools/bin/../lib/gcc/arm-none-eabi/7.3.1\libgcc.a(_dvmd_tls.o)
 .ARM.attributes
                0x000002c0       0x30 c:/embedded/tools/bin/../lib/gcc/arm-none-eabi/7.3.1/../../../../arm-none-eabi/lib\libc_nano.a(lib_a-atoi.o)
 .ARM.attributes
                0x000002f0       0x30 c:/embedded/tools/bin/../lib/gcc/arm-none-eabi/7.3.1/../../../../arm-none-eabi/lib\libc_nano.a(lib_a-memset.o)
 .ARM.attributes
                0x00000320       0x30 c:/embedded/tools/bin/../lib/gcc/arm-none-eabi/7.3.1/../../../../arm-none-eabi/lib\libc_nano.a(lib_a-sprintf.o)
 .ARM.attributes
                0x00000350       0x1c c:/embedded/tools/bin/../lib/gcc/arm-none-eabi/7.3.1/../../../../arm-none-eabi/lib\libc_nano.a(lib_a-strlen.o)
 .ARM.attributes
                0x0000036c       0x30 c:/embedded/tools/bin/../lib/gcc/arm-none-eabi/7.3.1/../../../../arm-none-eabi/lib\libc_nano.a(lib_a-strtol.o)
 .ARM.attributes
                0x0000039c       0x30 c:/embedded/tools/bin/../lib/gcc/arm-none-eabi/7.3.1/../../../../arm-none-eabi/lib\libc_nano.a(lib_a-impure.o)
 .ARM.attributes
                0x000003cc       0x30 c:/embedded/tools/bin/../lib/gcc/arm-none-eabi/7.3.1/../../../../arm-none-eabi/lib\libc_nano.a(lib_a-locale.o)
 .ARM.attributes
                0x000003fc       0x30 c:/embedded/tools/bin/../lib/gcc/arm-none-eabi/7.3.1/../../../../arm-none-eabi/lib\libc_nano.a(lib_a-mbtowc_r.o)
 .ARM.attributes
                0x0000042c       0x30 c:/embedded/tools/bin/../lib/gcc/arm-none-eabi/7.3.1/../../../../arm-none-eabi/lib\libc_nano.a(lib_a-nano-svfprintf.o)
 .ARM.attributes
                0x0000045c       0x30 c:/embedded/tools/bin/../lib/gcc/arm-none-eabi/7.3.1/../../../../arm-none-eabi/lib\libc_nano.a(lib_a-nano-vfprintf_i.o)
 .ARM.attributes
                0x0000048c       0x16 c:/embedded/tools/bin/../lib/gcc/arm-none-eabi/7.3.1/../../../../arm-none-eabi/lib\libc_nano.a(lib_a-strcmp.o)
 .ARM.attributes
                0x000004a2       0x30 c:/embedded/tools/bin/../lib/gcc/arm-none-eabi/7.3.1/../../../../arm-none-eabi/lib\libc_nano.a(lib_a-wctomb_r.o)
 .ARM.attributes
                0x000004d2       0x30 c:/embedded/tools/bin/../lib/gcc/arm-none-eabi/7.3.1/../../../../arm-none-eabi/lib\libc_nano.a(lib_a-ctype_.o)
 .ARM.attributes
                0x00000502       0x30 c:/embedded/tools/bin/../lib/gcc/arm-none-eabi/7.3.1/../../../../arm-none-eabi/lib\libc_nano.a(lib_a-memchr-stub.o)
 .ARM.attributes
                0x00000532       0x30 c:/embedded/tools/bin/../lib/gcc/arm-none-eabi/7.3.1/../../../../arm-none-eabi/lib\libc_nano.a(lib_a-memcpy-stub.o)
 .ARM.attributes
                0x00000562       0x30 c:/embedded/tools/bin/../lib/gcc/arm-none-eabi/7.3.1/../../../../arm-none-eabi/lib\libc_nano.a(lib_a-memmove.o)
 .ARM.attributes
                0x00000592       0x30 c:/embedded/tools/bin/../lib/gcc/arm-none-eabi/7.3.1/../../../../arm-none-eabi/lib\libc_nano.a(lib_a-nano-freer.o)
 .ARM.attributes
                0x000005c2       0x30 c:/embedded/tools/bin/../lib/gcc/arm-none-eabi/7.3.1/../../../../arm-none-eabi/lib\libc_nano.a(lib_a-nano-mallocr.o)
 .ARM.attributes
                0x000005f2       0x30 c:/embedded/tools/bin/../lib/gcc/arm-none-eabi/7.3.1/../../../../arm-none-eabi/lib\libc_nano.a(lib_a-nano-reallocr.o)
 .ARM.attributes
                0x00000622       0x30 c:/embedded/tools/bin/../lib/gcc/arm-none-eabi/7.3.1/../../../../arm-none-eabi/lib\libc_nano.a(lib_a-sbrkr.o)
 .ARM.attributes
                0x00000652       0x30 c:/embedded/tools/bin/../lib/gcc/arm-none-eabi/7.3.1/../../../../arm-none-eabi/lib\libc_nano.a(lib_a-mlock.o)
 .ARM.attributes
                0x00000682       0x30 c:/embedded/tools/bin/../lib/gcc/arm-none-eabi/7.3.1/../../../../arm-none-eabi/lib\libc_nano.a(lib_a-nano-msizer.o)
 .ARM.attributes
                0x000006b2       0x30 c:/embedded/tools/bin/../lib/gcc/arm-none-eabi/7.3.1/../../../../arm-none-eabi/lib\libc_nano.a(lib_a-reent.o)
 .ARM.attributes
                0x000006e2       0x30 c:/embedded/tools/bin/../lib/gcc/arm-none-eabi/7.3.1/../../../../arm-none-eabi/lib\libnosys.a(sbrk.o)

.debug
 *(.debug)

.line
 *(.line)

.debug_srcinfo
 *(.debug_srcinfo)

.debug_sfnames
 *(.debug_sfnames)

.debug_aranges  0x00000000      0x1a0
 *(.debug_aranges)
 .debug_aranges
                0x00000000       0x20 main.o
 .debug_aranges
                0x00000020       0x20 i2c.o
 .debug_aranges
                0x00000040       0x20 lm75.o
 .debug_aranges
                0x00000060       0x20 additional.o
 .debug_aranges
                0x00000080       0x20 lcd.o
 .debug_aranges
                0x000000a0       0x20 lcd_hw.o
 .debug_aranges
                0x000000c0       0x20 pca9532.o
 .debug_aranges
                0x000000e0       0x20 eeprom.o
 .debug_aranges
                0x00000100       0x20 htu21df.o
 .debug_aranges
                0x00000120       0x20 sound.o
 .debug_aranges
                0x00000140       0x20 rtc.o
 .debug_aranges
                0x00000160       0x20 startup/libea_startup_thumb.a(framework.o)
 .debug_aranges
                0x00000180       0x20 startup/libea_startup_thumb.a(consol.o)

.debug_pubnames
 *(.debug_pubnames)

.debug_info     0x00000000     0x3140
 *(.debug_info .gnu.linkonce.wi.*)
 .debug_info    0x00000000      0xaf6 main.o
 .debug_info    0x00000af6      0x3c8 i2c.o
 .debug_info    0x00000ebe      0x16e lm75.o
 .debug_info    0x0000102c       0xe0 additional.o
 .debug_info    0x0000110c      0x5c7 lcd.o
 .debug_info    0x000016d3      0x100 lcd_hw.o
 .debug_info    0x000017d3      0x201 pca9532.o
 .debug_info    0x000019d4      0x2bd eeprom.o
 .debug_info    0x00001c91      0x17a htu21df.o
 .debug_info    0x00001e0b      0x12a sound.o
 .debug_info    0x00001f35      0x217 rtc.o
 .debug_info    0x0000214c      0x1cd startup/libea_startup_thumb.a(framework.o)
 .debug_info    0x00002319      0xe27 startup/libea_startup_thumb.a(consol.o)

.debug_abbrev   0x00000000      0xf79
 *(.debug_abbrev)
 .debug_abbrev  0x00000000      0x20e main.o
 .debug_abbrev  0x0000020e      0x17d i2c.o
 .debug_abbrev  0x0000038b       0xd9 lm75.o
 .debug_abbrev  0x00000464       0x78 additional.o
 .debug_abbrev  0x000004dc      0x18d lcd.o
 .debug_abbrev  0x00000669       0xb7 lcd_hw.o
 .debug_abbrev  0x00000720       0xe1 pca9532.o
 .debug_abbrev  0x00000801      0x113 eeprom.o
 .debug_abbrev  0x00000914       0xb5 htu21df.o
 .debug_abbrev  0x000009c9       0xe1 sound.o
 .debug_abbrev  0x00000aaa      0x113 rtc.o
 .debug_abbrev  0x00000bbd       0xdd startup/libea_startup_thumb.a(framework.o)
 .debug_abbrev  0x00000c9a      0x2df startup/libea_startup_thumb.a(consol.o)

.debug_line     0x00000000      0xc8a
 *(.debug_line)
 .debug_line    0x00000000      0x14d main.o
 .debug_line    0x0000014d      0x17d i2c.o
 .debug_line    0x000002ca       0x67 lm75.o
 .debug_line    0x00000331       0x7b additional.o
 .debug_line    0x000003ac      0x1d9 lcd.o
 .debug_line    0x00000585       0x6b lcd_hw.o
 .debug_line    0x000005f0       0xb9 pca9532.o
 .debug_line    0x000006a9      0x173 eeprom.o
 .debug_line    0x0000081c       0x59 htu21df.o
 .debug_line    0x00000875       0x61 sound.o
 .debug_line    0x000008d6       0x7b rtc.o
 .debug_line    0x00000951       0xc0 startup/libea_startup_thumb.a(framework.o)
 .debug_line    0x00000a11      0x279 startup/libea_startup_thumb.a(consol.o)

.debug_frame    0x00000000     0x110c
 *(.debug_frame)
 .debug_frame   0x00000000       0x34 main.o
 .debug_frame   0x00000034      0x1b0 i2c.o
 .debug_frame   0x000001e4       0x50 lm75.o
 .debug_frame   0x00000234       0x70 additional.o
 .debug_frame   0x000002a4      0x24c lcd.o
 .debug_frame   0x000004f0       0x6c lcd_hw.o
 .debug_frame   0x0000055c       0x98 pca9532.o
 .debug_frame   0x000005f4       0xd4 eeprom.o
 .debug_frame   0x000006c8       0x58 htu21df.o
 .debug_frame   0x00000720       0x30 sound.o
 .debug_frame   0x00000750       0x5c rtc.o
 .debug_frame   0x000007ac      0x120 startup/libea_startup_thumb.a(framework.o)
 .debug_frame   0x000008cc      0x254 startup/libea_startup_thumb.a(consol.o)
 .debug_frame   0x00000b20       0x20 c:/embedded/tools/bin/../lib/gcc/arm-none-eabi/7.3.1\libgcc.a(_udivsi3.o)
 .debug_frame   0x00000b40       0x48 c:/embedded/tools/bin/../lib/gcc/arm-none-eabi/7.3.1/../../../../arm-none-eabi/lib\libc_nano.a(lib_a-atoi.o)
 .debug_frame   0x00000b88       0x20 c:/embedded/tools/bin/../lib/gcc/arm-none-eabi/7.3.1/../../../../arm-none-eabi/lib\libc_nano.a(lib_a-memset.o)
 .debug_frame   0x00000ba8       0x6c c:/embedded/tools/bin/../lib/gcc/arm-none-eabi/7.3.1/../../../../arm-none-eabi/lib\libc_nano.a(lib_a-sprintf.o)
 .debug_frame   0x00000c14       0x9c c:/embedded/tools/bin/../lib/gcc/arm-none-eabi/7.3.1/../../../../arm-none-eabi/lib\libc_nano.a(lib_a-strtol.o)
 .debug_frame   0x00000cb0       0x6c c:/embedded/tools/bin/../lib/gcc/arm-none-eabi/7.3.1/../../../../arm-none-eabi/lib\libc_nano.a(lib_a-locale.o)
 .debug_frame   0x00000d1c       0x44 c:/embedded/tools/bin/../lib/gcc/arm-none-eabi/7.3.1/../../../../arm-none-eabi/lib\libc_nano.a(lib_a-mbtowc_r.o)
 .debug_frame   0x00000d60       0xbc c:/embedded/tools/bin/../lib/gcc/arm-none-eabi/7.3.1/../../../../arm-none-eabi/lib\libc_nano.a(lib_a-nano-svfprintf.o)
 .debug_frame   0x00000e1c       0x80 c:/embedded/tools/bin/../lib/gcc/arm-none-eabi/7.3.1/../../../../arm-none-eabi/lib\libc_nano.a(lib_a-nano-vfprintf_i.o)
 .debug_frame   0x00000e9c       0x20 c:/embedded/tools/bin/../lib/gcc/arm-none-eabi/7.3.1/../../../../arm-none-eabi/lib\libc_nano.a(lib_a-strcmp.o)
 .debug_frame   0x00000ebc       0x3c c:/embedded/tools/bin/../lib/gcc/arm-none-eabi/7.3.1/../../../../arm-none-eabi/lib\libc_nano.a(lib_a-wctomb_r.o)
 .debug_frame   0x00000ef8       0x20 c:/embedded/tools/bin/../lib/gcc/arm-none-eabi/7.3.1/../../../../arm-none-eabi/lib\libc_nano.a(lib_a-memchr-stub.o)
 .debug_frame   0x00000f18       0x20 c:/embedded/tools/bin/../lib/gcc/arm-none-eabi/7.3.1/../../../../arm-none-eabi/lib\libc_nano.a(lib_a-memcpy-stub.o)
 .debug_frame   0x00000f38       0x20 c:/embedded/tools/bin/../lib/gcc/arm-none-eabi/7.3.1/../../../../arm-none-eabi/lib\libc_nano.a(lib_a-memmove.o)
 .debug_frame   0x00000f58       0x38 c:/embedded/tools/bin/../lib/gcc/arm-none-eabi/7.3.1/../../../../arm-none-eabi/lib\libc_nano.a(lib_a-nano-freer.o)
 .debug_frame   0x00000f90       0x38 c:/embedded/tools/bin/../lib/gcc/arm-none-eabi/7.3.1/../../../../arm-none-eabi/lib\libc_nano.a(lib_a-nano-mallocr.o)
 .debug_frame   0x00000fc8       0x3c c:/embedded/tools/bin/../lib/gcc/arm-none-eabi/7.3.1/../../../../arm-none-eabi/lib\libc_nano.a(lib_a-nano-reallocr.o)
 .debug_frame   0x00001004       0x34 c:/embedded/tools/bin/../lib/gcc/arm-none-eabi/7.3.1/../../../../arm-none-eabi/lib\libc_nano.a(lib_a-sbrkr.o)
 .debug_frame   0x00001038       0x30 c:/embedded/tools/bin/../lib/gcc/arm-none-eabi/7.3.1/../../../../arm-none-eabi/lib\libc_nano.a(lib_a-mlock.o)
 .debug_frame   0x00001068       0x20 c:/embedded/tools/bin/../lib/gcc/arm-none-eabi/7.3.1/../../../../arm-none-eabi/lib\libc_nano.a(lib_a-nano-msizer.o)
 .debug_frame   0x00001088       0x64 c:/embedded/tools/bin/../lib/gcc/arm-none-eabi/7.3.1/../../../../arm-none-eabi/lib\libc_nano.a(lib_a-reent.o)
 .debug_frame   0x000010ec       0x20 c:/embedded/tools/bin/../lib/gcc/arm-none-eabi/7.3.1/../../../../arm-none-eabi/lib\libnosys.a(sbrk.o)

.debug_str      0x00000000      0xd22
 *(.debug_str)
 .debug_str     0x00000000      0x584 main.o
                                0x5dc (size before relaxing)
 .debug_str     0x00000584       0xba i2c.o
                                0x1d6 (size before relaxing)
 .debug_str     0x0000063e       0x76 lm75.o
                                0x196 (size before relaxing)
 .debug_str     0x000006b4       0x44 additional.o
                                0x14b (size before relaxing)
 .debug_str     0x000006f8      0x13c lcd.o
                                0x26a (size before relaxing)
 .debug_str     0x00000834       0x3b lcd_hw.o
                                0x158 (size before relaxing)
 .debug_str     0x0000086f       0x5d pca9532.o
                                0x1a5 (size before relaxing)
 .debug_str     0x000008cc       0x62 eeprom.o
                                0x1a6 (size before relaxing)
 .debug_str     0x0000092e       0x95 htu21df.o
                                0x1bd (size before relaxing)
 .debug_str     0x000009c3       0x2c sound.o
                                0x153 (size before relaxing)
 .debug_str     0x000009ef       0x46 rtc.o
                                0x17a (size before relaxing)
 .debug_str     0x00000a35      0x167 startup/libea_startup_thumb.a(framework.o)
                                0x18d (size before relaxing)
 .debug_str     0x00000b9c      0x186 startup/libea_startup_thumb.a(consol.o)
                                0x6c6 (size before relaxing)

.debug_loc      0x00000000     0x1066
 *(.debug_loc)
 .debug_loc     0x00000000       0x3a main.o
 .debug_loc     0x0000003a      0x288 i2c.o
 .debug_loc     0x000002c2       0x70 lm75.o
 .debug_loc     0x00000332       0xa8 additional.o
 .debug_loc     0x000003da      0x394 lcd.o
 .debug_loc     0x0000076e       0x9c lcd_hw.o
 .debug_loc     0x0000080a       0xe0 pca9532.o
 .debug_loc     0x000008ea      0x118 eeprom.o
 .debug_loc     0x00000a02       0x70 htu21df.o
 .debug_loc     0x00000a72       0x38 sound.o
 .debug_loc     0x00000aaa       0x70 rtc.o
 .debug_loc     0x00000b1a      0x1a8 startup/libea_startup_thumb.a(framework.o)
 .debug_loc     0x00000cc2      0x3a4 startup/libea_startup_thumb.a(consol.o)

.debug_macinfo
 *(.debug_macinfo)

.debug_weaknames
 *(.debug_weaknames)

.debug_funcnames
 *(.debug_funcnames)

.debug_typenames
 *(.debug_typenames)

.debug_varnames
 *(.debug_varnames)
OUTPUT(MiniDemo2138.elf elf32-littlearm)

.debug_ranges   0x00000000       0x18
 .debug_ranges  0x00000000       0x18 pca9532.o

Cross Reference Table

Symbol                                            File
_PathLocale                                       c:/embedded/tools/bin/../lib/gcc/arm-none-eabi/7.3.1/../../../../arm-none-eabi/lib\libc_nano.a(lib_a-locale.o)
__aeabi_idiv0                                     c:/embedded/tools/bin/../lib/gcc/arm-none-eabi/7.3.1\libgcc.a(_dvmd_tls.o)
                                                  c:/embedded/tools/bin/../lib/gcc/arm-none-eabi/7.3.1\libgcc.a(_udivsi3.o)
__aeabi_ldiv0                                     c:/embedded/tools/bin/../lib/gcc/arm-none-eabi/7.3.1\libgcc.a(_dvmd_tls.o)
__aeabi_uidiv                                     c:/embedded/tools/bin/../lib/gcc/arm-none-eabi/7.3.1\libgcc.a(_udivsi3.o)
                                                  startup/libea_startup_thumb.a(consol.o)
__aeabi_uidivmod                                  c:/embedded/tools/bin/../lib/gcc/arm-none-eabi/7.3.1\libgcc.a(_udivsi3.o)
                                                  c:/embedded/tools/bin/../lib/gcc/arm-none-eabi/7.3.1/../../../../arm-none-eabi/lib\libc_nano.a(lib_a-nano-vfprintf_i.o)
                                                  c:/embedded/tools/bin/../lib/gcc/arm-none-eabi/7.3.1/../../../../arm-none-eabi/lib\libc_nano.a(lib_a-strtol.o)
                                                  startup/libea_startup_thumb.a(consol.o)
__ascii_mbtowc                                    c:/embedded/tools/bin/../lib/gcc/arm-none-eabi/7.3.1/../../../../arm-none-eabi/lib\libc_nano.a(lib_a-mbtowc_r.o)
                                                  c:/embedded/tools/bin/../lib/gcc/arm-none-eabi/7.3.1/../../../../arm-none-eabi/lib\libc_nano.a(lib_a-locale.o)
__ascii_wctomb                                    c:/embedded/tools/bin/../lib/gcc/arm-none-eabi/7.3.1/../../../../arm-none-eabi/lib\libc_nano.a(lib_a-wctomb_r.o)
                                                  c:/embedded/tools/bin/../lib/gcc/arm-none-eabi/7.3.1/../../../../arm-none-eabi/lib\libc_nano.a(lib_a-locale.o)
__bss_end__                                       startup/libea_startup_thumb.a(startup.o)
__bss_start__                                     startup/libea_startup_thumb.a(startup.o)
__global_locale                                   c:/embedded/tools/bin/../lib/gcc/arm-none-eabi/7.3.1/../../../../arm-none-eabi/lib\libc_nano.a(lib_a-locale.o)
                                                  c:/embedded/tools/bin/../lib/gcc/arm-none-eabi/7.3.1/../../../../arm-none-eabi/lib\libc_nano.a(lib_a-wctomb_r.o)
                                                  c:/embedded/tools/bin/../lib/gcc/arm-none-eabi/7.3.1/../../../../arm-none-eabi/lib\libc_nano.a(lib_a-mbtowc_r.o)
                                                  c:/embedded/tools/bin/../lib/gcc/arm-none-eabi/7.3.1/../../../../arm-none-eabi/lib\libc_nano.a(lib_a-strtol.o)
__locale_ctype_ptr                                c:/embedded/tools/bin/../lib/gcc/arm-none-eabi/7.3.1/../../../../arm-none-eabi/lib\libc_nano.a(lib_a-locale.o)
__locale_ctype_ptr_l                              c:/embedded/tools/bin/../lib/gcc/arm-none-eabi/7.3.1/../../../../arm-none-eabi/lib\libc_nano.a(lib_a-locale.o)
                                                  c:/embedded/tools/bin/../lib/gcc/arm-none-eabi/7.3.1/../../../../arm-none-eabi/lib\libc_nano.a(lib_a-strtol.o)
__locale_mb_cur_max                               c:/embedded/tools/bin/../lib/gcc/arm-none-eabi/7.3.1/../../../../arm-none-eabi/lib\libc_nano.a(lib_a-locale.o)
__malloc_free_list                                c:/embedded/tools/bin/../lib/gcc/arm-none-eabi/7.3.1/../../../../arm-none-eabi/lib\libc_nano.a(lib_a-nano-mallocr.o)
                                                  c:/embedded/tools/bin/../lib/gcc/arm-none-eabi/7.3.1/../../../../arm-none-eabi/lib\libc_nano.a(lib_a-nano-freer.o)
__malloc_lock                                     c:/embedded/tools/bin/../lib/gcc/arm-none-eabi/7.3.1/../../../../arm-none-eabi/lib\libc_nano.a(lib_a-mlock.o)
                                                  c:/embedded/tools/bin/../lib/gcc/arm-none-eabi/7.3.1/../../../../arm-none-eabi/lib\libc_nano.a(lib_a-nano-mallocr.o)
                                                  c:/embedded/tools/bin/../lib/gcc/arm-none-eabi/7.3.1/../../../../arm-none-eabi/lib\libc_nano.a(lib_a-nano-freer.o)
__malloc_sbrk_start                               c:/embedded/tools/bin/../lib/gcc/arm-none-eabi/7.3.1/../../../../arm-none-eabi/lib\libc_nano.a(lib_a-nano-mallocr.o)
__malloc_unlock                                   c:/embedded/tools/bin/../lib/gcc/arm-none-eabi/7.3.1/../../../../arm-none-eabi/lib\libc_nano.a(lib_a-mlock.o)
                                                  c:/embedded/tools/bin/../lib/gcc/arm-none-eabi/7.3.1/../../../../arm-none-eabi/lib\libc_nano.a(lib_a-nano-mallocr.o)
                                                  c:/embedded/tools/bin/../lib/gcc/arm-none-eabi/7.3.1/../../../../arm-none-eabi/lib\libc_nano.a(lib_a-nano-freer.o)
__sf_fake_stderr                                  c:/embedded/tools/bin/../lib/gcc/arm-none-eabi/7.3.1/../../../../arm-none-eabi/lib\libc_nano.a(lib_a-impure.o)
__sf_fake_stdin                                   c:/embedded/tools/bin/../lib/gcc/arm-none-eabi/7.3.1/../../../../arm-none-eabi/lib\libc_nano.a(lib_a-impure.o)
__sf_fake_stdout                                  c:/embedded/tools/bin/../lib/gcc/arm-none-eabi/7.3.1/../../../../arm-none-eabi/lib\libc_nano.a(lib_a-impure.o)
__ssprint_r                                       c:/embedded/tools/bin/../lib/gcc/arm-none-eabi/7.3.1/../../../../arm-none-eabi/lib\libc_nano.a(lib_a-nano-svfprintf.o)
__ssputs_r                                        c:/embedded/tools/bin/../lib/gcc/arm-none-eabi/7.3.1/../../../../arm-none-eabi/lib\libc_nano.a(lib_a-nano-svfprintf.o)
__udivsi3                                         c:/embedded/tools/bin/../lib/gcc/arm-none-eabi/7.3.1\libgcc.a(_udivsi3.o)
_atoi_r                                           c:/embedded/tools/bin/../lib/gcc/arm-none-eabi/7.3.1/../../../../arm-none-eabi/lib\libc_nano.a(lib_a-atoi.o)
_ctype_                                           c:/embedded/tools/bin/../lib/gcc/arm-none-eabi/7.3.1/../../../../arm-none-eabi/lib\libc_nano.a(lib_a-ctype_.o)
                                                  c:/embedded/tools/bin/../lib/gcc/arm-none-eabi/7.3.1/../../../../arm-none-eabi/lib\libc_nano.a(lib_a-locale.o)
_data                                             startup/libea_startup_thumb.a(startup.o)
_edata                                            startup/libea_startup_thumb.a(startup.o)
_etext                                            startup/libea_startup_thumb.a(startup.o)
_free_r                                           c:/embedded/tools/bin/../lib/gcc/arm-none-eabi/7.3.1/../../../../arm-none-eabi/lib\libc_nano.a(lib_a-nano-freer.o)
                                                  c:/embedded/tools/bin/../lib/gcc/arm-none-eabi/7.3.1/../../../../arm-none-eabi/lib\libc_nano.a(lib_a-reent.o)
                                                  c:/embedded/tools/bin/../lib/gcc/arm-none-eabi/7.3.1/../../../../arm-none-eabi/lib\libc_nano.a(lib_a-nano-reallocr.o)
                                                  c:/embedded/tools/bin/../lib/gcc/arm-none-eabi/7.3.1/../../../../arm-none-eabi/lib\libc_nano.a(lib_a-nano-svfprintf.o)
_global_impure_ptr                                c:/embedded/tools/bin/../lib/gcc/arm-none-eabi/7.3.1/../../../../arm-none-eabi/lib\libc_nano.a(lib_a-impure.o)
_impure_ptr                                       c:/embedded/tools/bin/../lib/gcc/arm-none-eabi/7.3.1/../../../../arm-none-eabi/lib\libc_nano.a(lib_a-impure.o)
                                                  c:/embedded/tools/bin/../lib/gcc/arm-none-eabi/7.3.1/../../../../arm-none-eabi/lib\libc_nano.a(lib_a-reent.o)
                                                  c:/embedded/tools/bin/../lib/gcc/arm-none-eabi/7.3.1/../../../../arm-none-eabi/lib\libc_nano.a(lib_a-wctomb_r.o)
                                                  c:/embedded/tools/bin/../lib/gcc/arm-none-eabi/7.3.1/../../../../arm-none-eabi/lib\libc_nano.a(lib_a-mbtowc_r.o)
                                                  c:/embedded/tools/bin/../lib/gcc/arm-none-eabi/7.3.1/../../../../arm-none-eabi/lib\libc_nano.a(lib_a-locale.o)
                                                  c:/embedded/tools/bin/../lib/gcc/arm-none-eabi/7.3.1/../../../../arm-none-eabi/lib\libc_nano.a(lib_a-strtol.o)
                                                  c:/embedded/tools/bin/../lib/gcc/arm-none-eabi/7.3.1/../../../../arm-none-eabi/lib\libc_nano.a(lib_a-sprintf.o)
_malloc_r                                         c:/embedded/tools/bin/../lib/gcc/arm-none-eabi/7.3.1/../../../../arm-none-eabi/lib\libc_nano.a(lib_a-nano-mallocr.o)
                                                  c:/embedded/tools/bin/../lib/gcc/arm-none-eabi/7.3.1/../../../../arm-none-eabi/lib\libc_nano.a(lib_a-nano-reallocr.o)
                                                  c:/embedded/tools/bin/../lib/gcc/arm-none-eabi/7.3.1/../../../../arm-none-eabi/lib\libc_nano.a(lib_a-nano-svfprintf.o)
_malloc_usable_size_r                             c:/embedded/tools/bin/../lib/gcc/arm-none-eabi/7.3.1/../../../../arm-none-eabi/lib\libc_nano.a(lib_a-nano-msizer.o)
                                                  c:/embedded/tools/bin/../lib/gcc/arm-none-eabi/7.3.1/../../../../arm-none-eabi/lib\libc_nano.a(lib_a-nano-reallocr.o)
_mbtowc_r                                         c:/embedded/tools/bin/../lib/gcc/arm-none-eabi/7.3.1/../../../../arm-none-eabi/lib\libc_nano.a(lib_a-mbtowc_r.o)
_printf_common                                    c:/embedded/tools/bin/../lib/gcc/arm-none-eabi/7.3.1/../../../../arm-none-eabi/lib\libc_nano.a(lib_a-nano-vfprintf_i.o)
_printf_float                                     c:/embedded/tools/bin/../lib/gcc/arm-none-eabi/7.3.1/../../../../arm-none-eabi/lib\libc_nano.a(lib_a-nano-svfprintf.o)
_printf_i                                         c:/embedded/tools/bin/../lib/gcc/arm-none-eabi/7.3.1/../../../../arm-none-eabi/lib\libc_nano.a(lib_a-nano-vfprintf_i.o)
                                                  c:/embedded/tools/bin/../lib/gcc/arm-none-eabi/7.3.1/../../../../arm-none-eabi/lib\libc_nano.a(lib_a-nano-svfprintf.o)
_realloc_r                                        c:/embedded/tools/bin/../lib/gcc/arm-none-eabi/7.3.1/../../../../arm-none-eabi/lib\libc_nano.a(lib_a-nano-reallocr.o)
                                                  c:/embedded/tools/bin/../lib/gcc/arm-none-eabi/7.3.1/../../../../arm-none-eabi/lib\libc_nano.a(lib_a-nano-svfprintf.o)
_reclaim_reent                                    c:/embedded/tools/bin/../lib/gcc/arm-none-eabi/7.3.1/../../../../arm-none-eabi/lib\libc_nano.a(lib_a-reent.o)
_sbrk                                             c:/embedded/tools/bin/../lib/gcc/arm-none-eabi/7.3.1/../../../../arm-none-eabi/lib\libnosys.a(sbrk.o)
                                                  c:/embedded/tools/bin/../lib/gcc/arm-none-eabi/7.3.1/../../../../arm-none-eabi/lib\libc_nano.a(lib_a-sbrkr.o)
_sbrk_r                                           c:/embedded/tools/bin/../lib/gcc/arm-none-eabi/7.3.1/../../../../arm-none-eabi/lib\libc_nano.a(lib_a-sbrkr.o)
                                                  c:/embedded/tools/bin/../lib/gcc/arm-none-eabi/7.3.1/../../../../arm-none-eabi/lib\libc_nano.a(lib_a-nano-mallocr.o)
_setlocale_r                                      c:/embedded/tools/bin/../lib/gcc/arm-none-eabi/7.3.1/../../../../arm-none-eabi/lib\libc_nano.a(lib_a-locale.o)
_siprintf_r                                       c:/embedded/tools/bin/../lib/gcc/arm-none-eabi/7.3.1/../../../../arm-none-eabi/lib\libc_nano.a(lib_a-sprintf.o)
_sprintf_r                                        c:/embedded/tools/bin/../lib/gcc/arm-none-eabi/7.3.1/../../../../arm-none-eabi/lib\libc_nano.a(lib_a-sprintf.o)
_startup                                          startup/libea_startup_thumb.a(startup.o)
_strtol_r                                         c:/embedded/tools/bin/../lib/gcc/arm-none-eabi/7.3.1/../../../../arm-none-eabi/lib\libc_nano.a(lib_a-strtol.o)
                                                  c:/embedded/tools/bin/../lib/gcc/arm-none-eabi/7.3.1/../../../../arm-none-eabi/lib\libc_nano.a(lib_a-atoi.o)
_svfiprintf_r                                     c:/embedded/tools/bin/../lib/gcc/arm-none-eabi/7.3.1/../../../../arm-none-eabi/lib\libc_nano.a(lib_a-nano-svfprintf.o)
_svfprintf_r                                      c:/embedded/tools/bin/../lib/gcc/arm-none-eabi/7.3.1/../../../../arm-none-eabi/lib\libc_nano.a(lib_a-nano-svfprintf.o)
                                                  c:/embedded/tools/bin/../lib/gcc/arm-none-eabi/7.3.1/../../../../arm-none-eabi/lib\libc_nano.a(lib_a-sprintf.o)
_wctomb_r                                         c:/embedded/tools/bin/../lib/gcc/arm-none-eabi/7.3.1/../../../../arm-none-eabi/lib\libc_nano.a(lib_a-wctomb_r.o)
atoi                                              c:/embedded/tools/bin/../lib/gcc/arm-none-eabi/7.3.1/../../../../arm-none-eabi/lib\libc_nano.a(lib_a-atoi.o)
                                                  startup/libea_startup_thumb.a(consol.o)
beep                                              sound.o
                                                  main.o
blinkLeds                                         pca9532.o
                                                  main.o
calculateHumidity                                 htu21df.o
calculateTemperatureValue                         lm75.o
                                                  main.o
charMap                                           lcd.o
cleanup_glue                                      c:/embedded/tools/bin/../lib/gcc/arm-none-eabi/7.3.1/../../../../arm-none-eabi/lib\libc_nano.a(lib_a-reent.o)
consolGetCh                                       startup/libea_startup_thumb.a(consol.o)
consolGetChar                                     startup/libea_startup_thumb.a(consol.o)
consolGetIntNum                                   startup/libea_startup_thumb.a(consol.o)
consolGetString                                   startup/libea_startup_thumb.a(consol.o)
consolInit                                        startup/libea_startup_thumb.a(consol.o)
                                                  startup/libea_startup_thumb.a(framework.o)
consolScanf                                       startup/libea_startup_thumb.a(consol.o)
consolSendCh                                      startup/libea_startup_thumb.a(consol.o)
consolSendChar                                    startup/libea_startup_thumb.a(consol.o)
consolSendNumber                                  startup/libea_startup_thumb.a(consol.o)
                                                  startup/libea_startup_thumb.a(framework.o)
consolSendString                                  startup/libea_startup_thumb.a(consol.o)
                                                  startup/libea_startup_thumb.a(framework.o)
eepromPageRead                                    eeprom.o
eepromPoll                                        eeprom.o
eepromStartRead                                   eeprom.o
eepromWrite                                       eeprom.o
end                                               c:/embedded/tools/bin/../lib/gcc/arm-none-eabi/7.3.1/../../../../arm-none-eabi/lib\libnosys.a(sbrk.o)
                                                  startup/libea_startup_thumb.a(framework.o)
errno                                             c:/embedded/tools/bin/../lib/gcc/arm-none-eabi/7.3.1/../../../../arm-none-eabi/lib\libc_nano.a(lib_a-reent.o)
                                                  c:/embedded/tools/bin/../lib/gcc/arm-none-eabi/7.3.1/../../../../arm-none-eabi/lib\libc_nano.a(lib_a-sbrkr.o)
exceptionHandlerInit                              startup/libea_startup_thumb.a(framework.o)
                                                  startup/libea_startup_thumb.a(startup.o)
getPca9532Pin                                     pca9532.o
i2cCheckStatus                                    i2c.o
                                                  eeprom.o
i2cGetChar                                        i2c.o
                                                  eeprom.o
i2cInit                                           i2c.o
                                                  main.o
i2cMyWrite                                        i2c.o
i2cPutChar                                        i2c.o
                                                  eeprom.o
i2cRead                                           i2c.o
                                                  htu21df.o
                                                  lm75.o
i2cRepeatStart                                    i2c.o
                                                  eeprom.o
i2cStart                                          i2c.o
                                                  eeprom.o
i2cStop                                           i2c.o
                                                  eeprom.o
i2cWaitTransmit                                   i2c.o
i2cWrite                                          i2c.o
                                                  htu21df.o
i2cWriteWithWait                                  i2c.o
                                                  eeprom.o
initSpiForLcd                                     lcd_hw.o
                                                  lcd.o
lcdClrscr                                         lcd.o
                                                  main.o
lcdColor                                          lcd.o
                                                  rtc.o
                                                  main.o
lcdContrast                                       lcd.o
lcdData                                           lcd.o
lcdGotoxy                                         lcd.o
                                                  rtc.o
                                                  main.o
lcdIcon                                           lcd.o
lcdInit                                           lcd.o
                                                  main.o
lcdOff                                            lcd.o
lcdPutchar                                        lcd.o
lcdPuts                                           lcd.o
                                                  rtc.o
                                                  lm75.o
                                                  main.o
lcdRect                                           lcd.o
lcdRectBrd                                        lcd.o
lcdWindow                                         lcd.o
lcdWrcmd                                          lcd.o
lcdWrdata                                         lcd.o
lowLevelInit                                      startup/libea_startup_thumb.a(framework.o)
                                                  startup/libea_startup_thumb.a(startup.o)
main                                              main.o
                                                  startup/libea_startup_thumb.a(startup.o)
mdelay                                            additional.o
                                                  htu21df.o
                                                  main.o
measureHumidity                                   htu21df.o
                                                  main.o
measureTemperature                                lm75.o
                                                  main.o
memchr                                            c:/embedded/tools/bin/../lib/gcc/arm-none-eabi/7.3.1/../../../../arm-none-eabi/lib\libc_nano.a(lib_a-memchr-stub.o)
                                                  c:/embedded/tools/bin/../lib/gcc/arm-none-eabi/7.3.1/../../../../arm-none-eabi/lib\libc_nano.a(lib_a-nano-vfprintf_i.o)
                                                  c:/embedded/tools/bin/../lib/gcc/arm-none-eabi/7.3.1/../../../../arm-none-eabi/lib\libc_nano.a(lib_a-nano-svfprintf.o)
memcpy                                            c:/embedded/tools/bin/../lib/gcc/arm-none-eabi/7.3.1/../../../../arm-none-eabi/lib\libc_nano.a(lib_a-memcpy-stub.o)
                                                  c:/embedded/tools/bin/../lib/gcc/arm-none-eabi/7.3.1/../../../../arm-none-eabi/lib\libc_nano.a(lib_a-nano-reallocr.o)
                                                  c:/embedded/tools/bin/../lib/gcc/arm-none-eabi/7.3.1/../../../../arm-none-eabi/lib\libc_nano.a(lib_a-nano-svfprintf.o)
memmove                                           c:/embedded/tools/bin/../lib/gcc/arm-none-eabi/7.3.1/../../../../arm-none-eabi/lib\libc_nano.a(lib_a-memmove.o)
                                                  c:/embedded/tools/bin/../lib/gcc/arm-none-eabi/7.3.1/../../../../arm-none-eabi/lib\libc_nano.a(lib_a-nano-svfprintf.o)
memset                                            c:/embedded/tools/bin/../lib/gcc/arm-none-eabi/7.3.1/../../../../arm-none-eabi/lib\libc_nano.a(lib_a-memset.o)
                                                  lm75.o
                                                  main.o
myArray                                           sound.o
                                                  main.o
pHeapEnd                                          startup/libea_startup_thumb.a(framework.o)
pHeapStart                                        startup/libea_startup_thumb.a(framework.o)
pca9532                                           eeprom.o
                                                  pca9532.o
pca9532Init                                       pca9532.o
                                                  main.o
printf_init                                       startup/libea_startup_thumb.a(framework.o)
                                                  main.o
sdelay                                            additional.o
                                                  sound.o
                                                  lcd.o
                                                  main.o
selectLCD                                         lcd_hw.o
                                                  lcd.o
sendToLCD                                         lcd_hw.o
                                                  lcd.o
setAlarm                                          rtc.o
                                                  main.o
setPca9532Pin                                     pca9532.o
setlocale                                         c:/embedded/tools/bin/../lib/gcc/arm-none-eabi/7.3.1/../../../../arm-none-eabi/lib\libc_nano.a(lib_a-locale.o)
showTime                                          rtc.o
                                                  main.o
simplePrintf                                      startup/libea_startup_thumb.a(consol.o)
siprintf                                          c:/embedded/tools/bin/../lib/gcc/arm-none-eabi/7.3.1/../../../../arm-none-eabi/lib\libc_nano.a(lib_a-sprintf.o)
sprintf                                           c:/embedded/tools/bin/../lib/gcc/arm-none-eabi/7.3.1/../../../../arm-none-eabi/lib\libc_nano.a(lib_a-sprintf.o)
                                                  rtc.o
                                                  lm75.o
                                                  main.o
strcmp                                            c:/embedded/tools/bin/../lib/gcc/arm-none-eabi/7.3.1/../../../../arm-none-eabi/lib\libc_nano.a(lib_a-strcmp.o)
                                                  c:/embedded/tools/bin/../lib/gcc/arm-none-eabi/7.3.1/../../../../arm-none-eabi/lib\libc_nano.a(lib_a-locale.o)
strlen                                            c:/embedded/tools/bin/../lib/gcc/arm-none-eabi/7.3.1/../../../../arm-none-eabi/lib\libc_nano.a(lib_a-strlen.o)
                                                  startup/libea_startup_thumb.a(consol.o)
strtol                                            c:/embedded/tools/bin/../lib/gcc/arm-none-eabi/7.3.1/../../../../arm-none-eabi/lib\libc_nano.a(lib_a-strtol.o)
                                                  c:/embedded/tools/bin/../lib/gcc/arm-none-eabi/7.3.1/../../../../arm-none-eabi/lib\libc_nano.a(lib_a-atoi.o)
strtol_l                                          c:/embedded/tools/bin/../lib/gcc/arm-none-eabi/7.3.1/../../../../arm-none-eabi/lib\libc_nano.a(lib_a-strtol.o)
udelay                                            additional.o
                                                  sound.o
